Component: ARM Compiler 5.06 update 7 (build 960) Tool: armlink [4d3601]

==============================================================================

Section Cross References

    startup_stm32f407xx.o(STACK) refers (Special) to heapauxi.o(.text) for __use_two_region_memory
    startup_stm32f407xx.o(HEAP) refers (Special) to heapauxi.o(.text) for __use_two_region_memory
    startup_stm32f407xx.o(RESET) refers (Special) to heapauxi.o(.text) for __use_two_region_memory
    startup_stm32f407xx.o(RESET) refers to startup_stm32f407xx.o(STACK) for __initial_sp
    startup_stm32f407xx.o(RESET) refers to startup_stm32f407xx.o(.text) for Reset_Handler
    startup_stm32f407xx.o(RESET) refers to stm32f4xx_it.o(i.NMI_Handler) for NMI_Handler
    startup_stm32f407xx.o(RESET) refers to stm32f4xx_it.o(i.HardFault_Handler) for HardFault_Handler
    startup_stm32f407xx.o(RESET) refers to stm32f4xx_it.o(i.MemManage_Handler) for MemManage_Handler
    startup_stm32f407xx.o(RESET) refers to stm32f4xx_it.o(i.BusFault_Handler) for BusFault_Handler
    startup_stm32f407xx.o(RESET) refers to stm32f4xx_it.o(i.UsageFault_Handler) for UsageFault_Handler
    startup_stm32f407xx.o(RESET) refers to port.o(.emb_text) for SVC_Handler
    startup_stm32f407xx.o(RESET) refers to stm32f4xx_it.o(i.DebugMon_Handler) for DebugMon_Handler
    startup_stm32f407xx.o(RESET) refers to stm32f4xx_it.o(i.SysTick_Handler) for SysTick_Handler
    startup_stm32f407xx.o(RESET) refers to stm32f4xx_it.o(i.DMA1_Stream1_IRQHandler) for DMA1_Stream1_IRQHandler
    startup_stm32f407xx.o(RESET) refers to stm32f4xx_it.o(i.DMA1_Stream3_IRQHandler) for DMA1_Stream3_IRQHandler
    startup_stm32f407xx.o(RESET) refers to stm32f4xx_it.o(i.TIM7_IRQHandler) for TIM7_IRQHandler
    startup_stm32f407xx.o(.text) refers (Special) to heapauxi.o(.text) for __use_two_region_memory
    startup_stm32f407xx.o(.text) refers to system_stm32f4xx.o(i.SystemInit) for SystemInit
    startup_stm32f407xx.o(.text) refers to __main.o(!!!main) for __main
    startup_stm32f407xx.o(.text) refers to startup_stm32f407xx.o(HEAP) for Heap_Mem
    startup_stm32f407xx.o(.text) refers to startup_stm32f407xx.o(STACK) for Stack_Mem
    main.o(i.HAL_TIM_PeriodElapsedCallback) refers to stm32f4xx_hal.o(i.HAL_IncTick) for HAL_IncTick
    main.o(i.SystemClock_Config) refers to rt_memclr_w.o(.text) for __aeabi_memclr4
    main.o(i.SystemClock_Config) refers to stm32f4xx_hal_rcc.o(i.HAL_RCC_OscConfig) for HAL_RCC_OscConfig
    main.o(i.SystemClock_Config) refers to stm32f4xx_hal_rcc.o(i.HAL_RCC_ClockConfig) for HAL_RCC_ClockConfig
    main.o(i.main) refers to stm32f4xx_hal.o(i.HAL_Init) for HAL_Init
    main.o(i.main) refers to main.o(i.SystemClock_Config) for SystemClock_Config
    main.o(i.main) refers to gpio.o(i.MX_GPIO_Init) for MX_GPIO_Init
    main.o(i.main) refers to dma.o(i.MX_DMA_Init) for MX_DMA_Init
    main.o(i.main) refers to usart.o(i.MX_USART3_UART_Init) for MX_USART3_UART_Init
    main.o(i.main) refers to beep.o(i.beep_init) for beep_init
    main.o(i.main) refers to rtt.o(i.rtt_log_init) for rtt_log_init
    main.o(i.main) refers to beep.o(i.beep_start) for beep_start
    main.o(i.main) refers to stm32f4xx_hal.o(i.HAL_Delay) for HAL_Delay
    main.o(i.main) refers to beep.o(i.beep_stop) for beep_stop
    main.o(i.main) refers to freertos_start.o(i.freertos_start) for freertos_start
    gpio.o(i.MX_GPIO_Init) refers to rt_memclr_w.o(.text) for __aeabi_memclr4
    gpio.o(i.MX_GPIO_Init) refers to stm32f4xx_hal_gpio.o(i.HAL_GPIO_WritePin) for HAL_GPIO_WritePin
    gpio.o(i.MX_GPIO_Init) refers to stm32f4xx_hal_gpio.o(i.HAL_GPIO_Init) for HAL_GPIO_Init
    dma.o(i.MX_DMA_Init) refers to stm32f4xx_hal_cortex.o(i.HAL_NVIC_SetPriority) for HAL_NVIC_SetPriority
    dma.o(i.MX_DMA_Init) refers to stm32f4xx_hal_cortex.o(i.HAL_NVIC_EnableIRQ) for HAL_NVIC_EnableIRQ
    usart.o(i.HAL_UART_MspDeInit) refers to stm32f4xx_hal_gpio.o(i.HAL_GPIO_DeInit) for HAL_GPIO_DeInit
    usart.o(i.HAL_UART_MspDeInit) refers to stm32f4xx_hal_dma.o(i.HAL_DMA_DeInit) for HAL_DMA_DeInit
    usart.o(i.HAL_UART_MspInit) refers to rt_memclr_w.o(.text) for __aeabi_memclr4
    usart.o(i.HAL_UART_MspInit) refers to stm32f4xx_hal_gpio.o(i.HAL_GPIO_Init) for HAL_GPIO_Init
    usart.o(i.HAL_UART_MspInit) refers to stm32f4xx_hal_dma.o(i.HAL_DMA_Init) for HAL_DMA_Init
    usart.o(i.HAL_UART_MspInit) refers to main.o(i.Error_Handler) for Error_Handler
    usart.o(i.HAL_UART_MspInit) refers to usart.o(.bss) for .bss
    usart.o(i.MX_USART3_UART_Init) refers to stm32f4xx_hal_uart.o(i.HAL_UART_Init) for HAL_UART_Init
    usart.o(i.MX_USART3_UART_Init) refers to main.o(i.Error_Handler) for Error_Handler
    usart.o(i.MX_USART3_UART_Init) refers to usart.o(.bss) for .bss
    stm32f4xx_it.o(i.DMA1_Stream1_IRQHandler) refers to stm32f4xx_hal_dma.o(i.HAL_DMA_IRQHandler) for HAL_DMA_IRQHandler
    stm32f4xx_it.o(i.DMA1_Stream1_IRQHandler) refers to usart.o(.bss) for hdma_usart3_rx
[...]
    i.HAL_Init                               0x08000c04   Section        0  stm32f4xx_hal.o(i.HAL_Init)
    i.HAL_InitTick                           0x08000c38   Section        0  stm32f4xx_hal_timebase_tim.o(i.HAL_InitTick)
    i.HAL_MspInit                            0x08000cd0   Section        0  stm32f4xx_hal_msp.o(i.HAL_MspInit)
    i.HAL_NVIC_EnableIRQ                     0x08000d00   Section        0  stm32f4xx_hal_cortex.o(i.HAL_NVIC_EnableIRQ)
    i.HAL_NVIC_SetPriority                   0x08000d1c   Section        0  stm32f4xx_hal_cortex.o(i.HAL_NVIC_SetPriority)
    i.HAL_NVIC_SetPriorityGrouping           0x08000d5c   Section        0  stm32f4xx_hal_cortex.o(i.HAL_NVIC_SetPriorityGrouping)
    i.HAL_RCC_ClockConfig                    0x08000d80   Section        0  stm32f4xx_hal_rcc.o(i.HAL_RCC_ClockConfig)
    i.HAL_RCC_GetClockConfig                 0x08000eb4   Section        0  stm32f4xx_hal_rcc.o(i.HAL_RCC_GetClockConfig)
    i.HAL_RCC_GetPCLK1Freq                   0x08000ef4   Section        0  stm32f4xx_hal_rcc.o(i.HAL_RCC_GetPCLK1Freq)
    i.HAL_RCC_GetPCLK2Freq                   0x08000f14   Section        0  stm32f4xx_hal_rcc.o(i.HAL_RCC_GetPCLK2Freq)
    i.HAL_RCC_GetSysClockFreq                0x08000f34   Section        0  stm32f4xx_hal_rcc.o(i.HAL_RCC_GetSysClockFreq)
    i.HAL_RCC_OscConfig                      0x08000f94   Section        0  stm32f4xx_hal_rcc.o(i.HAL_RCC_OscConfig)
    i.HAL_TIMEx_BreakCallback                0x08001300   Section        0  stm32f4xx_hal_tim_ex.o(i.HAL_TIMEx_BreakCallback)
    i.HAL_TIMEx_CommutCallback               0x08001302   Section        0  stm32f4xx_hal_tim_ex.o(i.HAL_TIMEx_CommutCallback)
    i.HAL_TIM_Base_Init                      0x08001304   Section        0  stm32f4xx_hal_tim.o(i.HAL_TIM_Base_Init)
    i.HAL_TIM_Base_MspInit                   0x0800135e   Section        0  stm32f4xx_hal_tim.o(i.HAL_TIM_Base_MspInit)
    i.HAL_TIM_Base_Start_IT                  0x08001360   Section        0  stm32f4xx_hal_tim.o(i.HAL_TIM_Base_Start_IT)
    i.HAL_TIM_IC_CaptureCallback             0x080013e0   Section        0  stm32f4xx_hal_tim.o(i.HAL_TIM_IC_CaptureCallback)
    i.HAL_TIM_IRQHandler                     0x080013e2   Section        0  stm32f4xx_hal_tim.o(i.HAL_TIM_IRQHandler)
    i.HAL_TIM_OC_DelayElapsedCallback        0x08001512   Section        0  stm32f4xx_hal_tim.o(i.HAL_TIM_OC_DelayElapsedCallback)
    i.HAL_TIM_PWM_PulseFinishedCallback      0x08001514   Section        0  stm32f4xx_hal_tim.o(i.HAL_TIM_PWM_PulseFinishedCallback)
    i.HAL_TIM_PeriodElapsedCallback          0x08001518   Section        0  main.o(i.HAL_TIM_PeriodElapsedCallback)
    i.HAL_TIM_TriggerCallback                0x0800152c   Section        0  stm32f4xx_hal_tim.o(i.HAL_TIM_TriggerCallback)
    i.HAL_UARTEx_ReceiveToIdle_DMA           0x0800152e   Section        0  stm32f4xx_hal_uart.o(i.HAL_UARTEx_ReceiveToIdle_DMA)
    i.HAL_UARTEx_RxEventCallback             0x0800157c   Section        0  uart.o(i.HAL_UARTEx_RxEventCallback)
    i.HAL_UART_ErrorCallback                 0x0800161c   Section        0  uart.o(i.HAL_UART_ErrorCallback)
    i.HAL_UART_Init                          0x0800169c   Section        0  stm32f4xx_hal_uart.o(i.HAL_UART_Init)
    i.HAL_UART_MspInit                       0x08001700   Section        0  usart.o(i.HAL_UART_MspInit)
    i.HAL_UART_RxCpltCallback                0x080017d8   Section        0  stm32f4xx_hal_uart.o(i.HAL_UART_RxCpltCallback)
    i.HAL_UART_RxHalfCpltCallback            0x080017da   Section        0  stm32f4xx_hal_uart.o(i.HAL_UART_RxHalfCpltCallback)
    i.HardFault_Handler                      0x080017dc   Section        0  stm32f4xx_it.o(i.HardFault_Handler)
    i.MX_DMA_Init                            0x080017e0   Section        0  dma.o(i.MX_DMA_Init)
    i.MX_GPIO_Init                           0x0800181c   Section        0  gpio.o(i.MX_GPIO_Init)
    i.MX_USART3_UART_Init                    0x0800189c   Section        0  usart.o(i.MX_USART3_UART_Init)
    i.MemManage_Handler                      0x080018d4   Section        0  stm32f4xx_it.o(i.MemManage_Handler)
    i.NMI_Handler                            0x080018d6   Section        0  stm32f4xx_it.o(i.NMI_Handler)
    i.SEGGER_RTT_Init                        0x080018d8   Section        0  segger_rtt.o(i.SEGGER_RTT_Init)
    i.SEGGER_RTT_SetTerminal                 0x080018dc   Section        0  segger_rtt.o(i.SEGGER_RTT_SetTerminal)
    i.SEGGER_RTT_Write                       0x0800196c   Section        0  segger_rtt.o(i.SEGGER_RTT_Write)
    i.SEGGER_RTT_WriteNoLock                 0x080019a4   Section        0  segger_rtt.o(i.SEGGER_RTT_WriteNoLock)
    i.SEGGER_RTT_printf                      0x08001a00   Section        0  segger_rtt_printf.o(i.SEGGER_RTT_printf)
    i.SEGGER_RTT_vprintf                     0x08001a18   Section        0  segger_rtt_printf.o(i.SEGGER_RTT_vprintf)
    i.SysTick_Handler                        0x08001bbc   Section        0  stm32f4xx_it.o(i.SysTick_Handler)
    i.SystemClock_Config                     0x08001bd0   Section        0  main.o(i.SystemClock_Config)
    i.SystemInit                             0x08001c68   Section        0  system_stm32f4xx.o(i.SystemInit)
    i.TIM7_IRQHandler                        0x08001c78   Section        0  stm32f4xx_it.o(i.TIM7_IRQHandler)
    i.TIM_Base_SetConfig                     0x08001c84   Section        0  stm32f4xx_hal_tim.o(i.TIM_Base_SetConfig)
    i.UART_DMAError                          0x08001d5c   Section        0  stm32f4xx_hal_uart.o(i.UART_DMAError)
    UART_DMAError                            0x08001d5d   Thumb Code    74  stm32f4xx_hal_uart.o(i.UART_DMAError)
    i.UART_DMAReceiveCplt                    0x08001da6   Section        0  stm32f4xx_hal_uart.o(i.UART_DMAReceiveCplt)
    UART_DMAReceiveCplt                      0x08001da7   Thumb Code   134  stm32f4xx_hal_uart.o(i.UART_DMAReceiveCplt)
    i.UART_DMARxHalfCplt                     0x08001e2c   Section        0  stm32f4xx_hal_uart.o(i.UART_DMARxHalfCplt)
    UART_DMARxHalfCplt                       0x08001e2d   Thumb Code    30  stm32f4xx_hal_uart.o(i.UART_DMARxHalfCplt)
    i.UART_EndRxTransfer                     0x08001e4a   Section        0  stm32f4xx_hal_uart.o(i.UART_EndRxTransfer)
    UART_EndRxTransfer                       0x08001e4b   Thumb Code    78  stm32f4xx_hal_uart.o(i.UART_EndRxTransfer)
    i.UART_EndTxTransfer                     0x08001e98   Section        0  stm32f4xx_hal_uart.o(i.UART_EndTxTransfer)
    UART_EndTxTransfer                       0x08001e99   Thumb Code    28  stm32f4xx_hal_uart.o(i.UART_EndTxTransfer)
    i.UART_SetConfig                         0x08001eb4   Section        0  stm32f4xx_hal_uart.o(i.UART_SetConfig)
    UART_SetConfig                           0x08001eb5   Thumb Code   258  stm32f4xx_hal_uart.o(i.UART_SetConfig)
    i.UART_Start_Receive_DMA                 0x08001fc0   Section        0  stm32f4xx_hal_uart.o(i.UART_Start_Receive_DMA)
    i.UsageFault_Handler                     0x08002050   Section        0  stm32f4xx_it.o(i.UsageFault_Handler)
    i.Y_uart_create_instance                 0x08002054   Section        0  uart.o(i.Y_uart_create_instance)
    i._DoInit                                0x08002144   Section        0  segger_rtt.o(i._DoInit)
    _DoInit                                  0x08002145   Thumb Code    80  segger_rtt.o(i._DoInit)
    i._GetAvailWriteSpace                    0x080021a8   Section        0  segger_rtt.o(i._GetAvailWriteSpace)
    _GetAvailWriteSpace                      0x080021a9   Thumb Code    22  segger_rtt.o(i._GetAvailWriteSpace)
    i._PrintInt                              0x080021c0   Section        0  segger_rtt_printf.o(i._PrintInt)
    _PrintInt                                0x080021c1   Thumb Code   198  segger_rtt_printf.o(i._PrintInt)
    i._PrintUnsigned                         0x08002288   Section        0  segger_rtt_printf.o(i._PrintUnsigned)
    _PrintUnsigned                           0x08002289   Thumb Code   206  segger_rtt_printf.o(i._PrintUnsigned)
    i._StoreChar                             0x0800235c   Section        0  segger_rtt_printf.o(i._StoreChar)
    _StoreChar                               0x0800235d   Thumb Code    62  segger_rtt_printf.o(i._StoreChar)
    i._WriteBlocking                         0x0800239a   Section        0  segger_rtt.o(i._WriteBlocking)
    _WriteBlocking                           0x0800239b   Thumb Code    90  segger_rtt.o(i._WriteBlocking)
    i._WriteNoCheck                          0x080023f4   Section        0  segger_rtt.o(i._WriteNoCheck)
    _WriteNoCheck                            0x080023f5   Thumb Code    66  segger_rtt.o(i._WriteNoCheck)
    i.__NVIC_SetPriority                     0x08002436   Section        0  stm32f4xx_hal_cortex.o(i.__NVIC_SetPriority)
    __NVIC_SetPriority                       0x08002437   Thumb Code    32  stm32f4xx_hal_cortex.o(i.__NVIC_SetPriority)
    i.beep_init                              0x08002458   Section        0  beep.o(i.beep_init)
    i.beep_start                             0x08002468   Section        0  beep.o(i.beep_start)
    i.beep_stop                              0x08002478   Section        0  beep.o(i.beep_stop)
    i.commucation_task                       0x08002488   Section        0  commucation.o(i.commucation_task)
    i.commucation_uart_decode                0x08002500   Section        0  commucation.o(i.commucation_uart_decode)
    commucation_uart_decode                  0x08002501   Thumb Code    22  commucation.o(i.commucation_uart_decode)
    i.freertos_start                         0x0800253c   Section        0  freertos_start.o(i.freertos_start)
    i.main                                   0x08002644   Section        0  main.o(i.main)
    i.prvAddCurrentTaskToDelayedList         0x08002678   Section        0  tasks.o(i.prvAddCurrentTaskToDelayedList)
    prvAddCurrentTaskToDelayedList           0x08002679   Thumb Code   128  tasks.o(i.prvAddCurrentTaskToDelayedList)
    i.prvAddNewTaskToReadyList               0x08002700   Section        0  tasks.o(i.prvAddNewTaskToReadyList)
    prvAddNewTaskToReadyList                 0x08002701   Thumb Code   228  tasks.o(i.prvAddNewTaskToReadyList)
    i.prvCheckForValidListAndQueue           0x080027f0   Section        0  timers.o(i.prvCheckForValidListAndQueue)
    prvCheckForValidListAndQueue             0x080027f1   Thumb Code    62  timers.o(i.prvCheckForValidListAndQueue)
    i.prvCopyDataFromQueue                   0x08002840   Section        0  queue.o(i.prvCopyDataFromQueue)
    prvCopyDataFromQueue                     0x08002841   Thumb Code    38  queue.o(i.prvCopyDataFromQueue)
    i.prvDeleteTCB                           0x08002866   Section        0  tasks.o(i.prvDeleteTCB)
    prvDeleteTCB                             0x08002867   Thumb Code    20  tasks.o(i.prvDeleteTCB)
    i.prvHeapInit                            0x0800287c   Section        0  heap_4.o(i.prvHeapInit)
    prvHeapInit                              0x0800287d   Thumb Code    60  heap_4.o(i.prvHeapInit)
    i.prvIdleTask                            0x080028c0   Section        0  tasks.o(i.prvIdleTask)
    prvIdleTask                              0x080028c1   Thumb Code    82  tasks.o(i.prvIdleTask)
    i.prvInitialiseNewTask                   0x08002920   Section        0  tasks.o(i.prvInitialiseNewTask)
    prvInitialiseNewTask                     0x08002921   Thumb Code   166  tasks.o(i.prvInitialiseNewTask)
    i.prvInsertBlockIntoFreeList             0x080029c8   Section        0  heap_4.o(i.prvInsertBlockIntoFreeList)
    prvInsertBlockIntoFreeList               0x080029c9   Thumb Code    72  heap_4.o(i.prvInsertBlockIntoFreeList)
    i.prvInsertTimerInActiveList             0x08002a14   Section        0  timers.o(i.prvInsertTimerInActiveList)
    prvInsertTimerInActiveList               0x08002a15   Thumb Code    52  timers.o(i.prvInsertTimerInActiveList)
    i.prvIsQueueEmpty                        0x08002a4c   Section        0  queue.o(i.prvIsQueueEmpty)
    prvIsQueueEmpty                          0x08002a4d   Thumb Code    28  queue.o(i.prvIsQueueEmpty)
    i.prvProcessExpiredTimer                 0x08002a68   Section        0  timers.o(i.prvProcessExpiredTimer)
    prvProcessExpiredTimer                   0x08002a69   Thumb Code    58  timers.o(i.prvProcessExpiredTimer)
    i.prvProcessReceivedCommands             0x08002aa8   Section        0  timers.o(i.prvProcessReceivedCommands)
    prvProcessReceivedCommands               0x08002aa9   Thumb Code   222  timers.o(i.prvProcessReceivedCommands)
    i.prvProcessTimerOrBlockTask             0x08002b8c   Section        0  timers.o(i.prvProcessTimerOrBlockTask)
    prvProcessTimerOrBlockTask               0x08002b8d   Thumb Code    98  timers.o(i.prvProcessTimerOrBlockTask)
    i.prvReloadTimer                         0x08002bf8   Section        0  timers.o(i.prvReloadTimer)
    prvReloadTimer                           0x08002bf9   Thumb Code    40  timers.o(i.prvReloadTimer)
    i.prvResetNextTaskUnblockTime            0x08002c20   Section        0  tasks.o(i.prvResetNextTaskUnblockTime)
    prvResetNextTaskUnblockTime              0x08002c21   Thumb Code    24  tasks.o(i.prvResetNextTaskUnblockTime)
    i.prvSampleTimeNow                       0x08002c3c   Section        0  timers.o(i.prvSampleTimeNow)
    prvSampleTimeNow                         0x08002c3d   Thumb Code    66  timers.o(i.prvSampleTimeNow)
    i.prvTaskExitError                       0x08002c84   Section        0  port.o(i.prvTaskExitError)
    prvTaskExitError                         0x08002c85   Thumb Code    36  port.o(i.prvTaskExitError)
    i.prvTimerTask                           0x08002cac   Section        0  timers.o(i.prvTimerTask)
    prvTimerTask                             0x08002cad   Thumb Code    32  timers.o(i.prvTimerTask)
    i.prvUnlockQueue                         0x08002cd0   Section        0  queue.o(i.prvUnlockQueue)
    prvUnlockQueue                           0x08002cd1   Thumb Code   106  queue.o(i.prvUnlockQueue)
    i.pvPortMalloc                           0x08002d3c   Section        0  heap_4.o(i.pvPortMalloc)
    i.pxPortInitialiseStack                  0x08002dfc   Section        0  port.o(i.pxPortInitialiseStack)
    i.rtt_log_init                           0x08002e28   Section        0  rtt.o(i.rtt_log_init)
    i.rtt_print_log                          0x08002e54   Section        0  rtt.o(i.rtt_print_log)
    i.start_task                             0x08002e6c   Section        0  freertos_start.o(i.start_task)
    i.uart_service_start                     0x08002ef4   Section        0  uart.o(i.uart_service_start)
    uart_service_start                       0x08002ef5   Thumb Code    36  uart.o(i.uart_service_start)
    i.uxListRemove                           0x08002f18   Section        0  list.o(i.uxListRemove)
    i.vListInitialise                        0x08002f3e   Section        0  list.o(i.vListInitialise)
    i.vListInitialiseItem                    0x08002f54   Section        0  list.o(i.vListInitialiseItem)
    i.vListInsert                            0x08002f5a   Section        0  list.o(i.vListInsert)
    i.vListInsertEnd                         0x08002f8a   Section        0  list.o(i.vListInsertEnd)
    i.vPortEnterCritical                     0x08002fa4   Section        0  port.o(i.vPortEnterCritical)
    i.vPortExitCritical                      0x08002fe4   Section        0  port.o(i.vPortExitCritical)
    i.vPortFree                              0x0800300c   Section        0  heap_4.o(i.vPortFree)
    i.vPortSetupTimerInterrupt               0x08003070   Section        0  port.o(i.vPortSetupTimerInterrupt)
    i.vQueueAddToRegistry                    0x08003094   Section        0  queue.o(i.vQueueAddToRegistry)
    i.vQueueWaitForMessageRestricted         0x080030e4   Section        0  queue.o(i.vQueueWaitForMessageRestricted)
    i.vTaskDelete                            0x08003128   Section        0  tasks.o(i.vTaskDelete)
    i.vTaskInternalSetTimeOutState           0x080031d8   Section        0  tasks.o(i.vTaskInternalSetTimeOutState)
    i.vTaskMissedYield                       0x080031e8   Section        0  tasks.o(i.vTaskMissedYield)
    i.vTaskPlaceOnEventList                  0x080031f4   Section        0  tasks.o(i.vTaskPlaceOnEventList)
    i.vTaskPlaceOnEventListRestricted        0x08003224   Section        0  tasks.o(i.vTaskPlaceOnEventListRestricted)
    i.vTaskStartScheduler                    0x08003274   Section        0  tasks.o(i.vTaskStartScheduler)
    i.vTaskSuspendAll                        0x080032e4   Section        0  tasks.o(i.vTaskSuspendAll)
    i.vTaskSwitchContext                     0x080032f4   Section        0  tasks.o(i.vTaskSwitchContext)
    i.xPortStartScheduler                    0x08003350   Section        0  port.o(i.xPortStartScheduler)
    i.xPortSysTickHandler                    0x08003444   Section        0  port.o(i.xPortSysTickHandler)
    i.xQueueGenericCreate                    0x08003470   Section        0  queue.o(i.xQueueGenericCreate)
    i.xQueueGenericReset                     0x080034d0   Section        0  queue.o(i.xQueueGenericReset)
    i.xQueueReceive                          0x08003580   Section        0  queue.o(i.xQueueReceive)
    i.xTaskCheckForTimeOut                   0x080036b8   Section        0  tasks.o(i.xTaskCheckForTimeOut)
    i.xTaskCreate                            0x08003734   Section        0  tasks.o(i.xTaskCreate)
    i.xTaskDelayUntil                        0x08003790   Section        0  tasks.o(i.xTaskDelayUntil)
    i.xTaskGetSchedulerState                 0x08003824   Section        0  tasks.o(i.xTaskGetSchedulerState)
    i.xTaskGetTickCount                      0x08003840   Section        0  tasks.o(i.xTaskGetTickCount)
    i.xTaskIncrementTick                     0x0800384c   Section        0  tasks.o(i.xTaskIncrementTick)
    i.xTaskRemoveFromEventList               0x08003984   Section        0  tasks.o(i.xTaskRemoveFromEventList)
    i.xTaskResumeAll                         0x08003a60   Section        0  tasks.o(i.xTaskResumeAll)
    i.xTimerCreateTimerTask                  0x08003b8c   Section        0  timers.o(i.xTimerCreateTimerTask)
    x$fpl$fpinit                             0x08003bd8   Section       10  fpinit.o(x$fpl$fpinit)
    $v0                                      0x08003bd8   Number         0  fpinit.o(x$fpl$fpinit)
    .constdata                               0x08003be2   Section        8  stm32f4xx_hal_dma.o(.constdata)
    flagBitshiftOffset                       0x08003be2   Data           8  stm32f4xx_hal_dma.o(.constdata)
    .constdata                               0x08003bea   Section       16  system_stm32f4xx.o(.constdata)
    .constdata                               0x08003bfa   Section        8  system_stm32f4xx.o(.constdata)
    .constdata                               0x08003c02   Section       33  segger_rtt.o(.constdata)
    _aTerminalId                             0x08003c02   Data          16  segger_rtt.o(.constdata)
    _aInitStr                                0x08003c12   Data          17  segger_rtt.o(.constdata)
    .constdata                               0x08003c23   Section       16  segger_rtt_printf.o(.constdata)
    _aV2C                                    0x08003c23   Data          16  segger_rtt_printf.o(.constdata)
    .data                                    0x20000000   Section        4  freertos_start.o(.data)
    .data                                    0x20000004   Section       12  stm32f4xx_hal.o(.data)
    .data                                    0x20000010   Section        4  system_stm32f4xx.o(.data)
    .data                                    0x20000014   Section       64  tasks.o(.data)
    uxDeletedTasksWaitingCleanUp             0x20000018   Data           4  tasks.o(.data)
    uxCurrentNumberOfTasks                   0x2000001c   Data           4  tasks.o(.data)
    xTickCount                               0x20000020   Data           4  tasks.o(.data)
    uxTopReadyPriority                       0x20000024   Data           4  tasks.o(.data)
    xSchedulerRunning                        0x20000028   Data           4  tasks.o(.data)
    xPendedTicks                             0x2000002c   Data           4  tasks.o(.data)
    xYieldPending                            0x20000030   Data           4  tasks.o(.data)
    xNumOfOverflows                          0x20000034   Data           4  tasks.o(.data)
    uxTaskNumber                             0x20000038   Data           4  tasks.o(.data)
    xNextTaskUnblockTime                     0x2000003c   Data           4  tasks.o(.data)
    xIdleTaskHandle                          0x20000040   Data           4  tasks.o(.data)
    uxSchedulerSuspended                     0x20000048   Data           4  tasks.o(.data)
    pxDelayedTaskList                        0x2000004c   Data           4  tasks.o(.data)
    pxOverflowDelayedTaskList                0x20000050   Data           4  tasks.o(.data)
    .data                                    0x20000054   Section       20  timers.o(.data)
    xTimerQueue                              0x20000054   Data           4  timers.o(.data)
    xTimerTaskHandle                         0x20000058   Data           4  timers.o(.data)
    xLastTime                                0x2000005c   Data           4  timers.o(.data)
    pxCurrentTimerList                       0x20000060   Data           4  timers.o(.data)
    pxOverflowTimerList                      0x20000064   Data           4  timers.o(.data)
    .data                                    0x20000068   Section       28  heap_4.o(.data)
    pxEnd                                    0x20000068   Data           4  heap_4.o(.data)
    xFreeBytesRemaining                      0x2000006c   Data           4  heap_4.o(.data)
    xMinimumEverFreeBytesRemaining           0x20000070   Data           4  heap_4.o(.data)
    xNumberOfSuccessfulAllocations           0x20000074   Data           4  heap_4.o(.data)
    xNumberOfSuccessfulFrees                 0x20000078   Data           4  heap_4.o(.data)
    xStart                                   0x2000007c   Data           8  heap_4.o(.data)
    .data                                    0x20000084   Section       12  port.o(.data)
    ucMaxSysCallPriority                     0x20000084   Data           1  port.o(.data)
    uxCriticalNesting                        0x20000088   Data           4  port.o(.data)
    ulMaxPRIGROUPValue                       0x2000008c   Data           4  port.o(.data)
    .data                                    0x20000090   Section        1  segger_rtt.o(.data)
    _ActiveTerminal                          0x20000090   Data           1  segger_rtt.o(.data)
    .data                                    0x20000094   Section        4  uart.o(.data)
    uart_instance_array                      0x20000094   Data           4  uart.o(.data)
    .data                                    0x20000098   Section        4  commucation.o(.data)
    .data                                    0x2000009c   Section        4  commucation.o(.data)
    .bss                                     0x200000a0   Section      264  usart.o(.bss)
    .bss                                     0x200001a8   Section       72  stm32f4xx_hal_timebase_tim.o(.bss)
    .bss                                     0x200001f0   Section       64  queue.o(.bss)
    .bss                                     0x20000230   Section      200  tasks.o(.bss)
    pxReadyTasksLists                        0x20000230   Data         100  tasks.o(.bss)
    xDelayedTaskList1                        0x20000294   Data          20  tasks.o(.bss)
    xDelayedTaskList2                        0x200002a8   Data          20  tasks.o(.bss)
    xPendingReadyList                        0x200002bc   Data          20  tasks.o(.bss)
    xTasksWaitingTermination                 0x200002d0   Data          20  tasks.o(.bss)
    xSuspendedTaskList                       0x200002e4   Data          20  tasks.o(.bss)
    .bss                                     0x200002f8   Section       40  timers.o(.bss)
    xActiveTimerList1                        0x200002f8   Data          20  timers.o(.bss)
    xActiveTimerList2                        0x2000030c   Data          20  timers.o(.bss)
    .bss                                     0x20000320   Section    76800  heap_4.o(.bss)
    ucHeap                                   0x20000320   Data       76800  heap_4.o(.bss)
    .bss                                     0x20012f20   Section     1208  segger_rtt.o(.bss)
    _acUpBuffer                              0x20012fc8   Data        1024  segger_rtt.o(.bss)
    _acDownBuffer                            0x200133c8   Data          16  segger_rtt.o(.bss)
    .bss                                     0x200133d8   Section       96  libspace.o(.bss)
    HEAP                                     0x20013438   Section      512  startup_stm32f407xx.o(HEAP)
    Heap_Mem                                 0x20013438   Data         512  startup_stm32f407xx.o(HEAP)
    STACK                                    0x20013638   Section     1024  startup_stm32f407xx.o(STACK)
    Stack_Mem                                0x20013638   Data        1024  startup_stm32f407xx.o(STACK)
    __initial_sp                             0x20013a38   Data           0  startup_stm32f407xx.o(STACK)

    Global Symbols

    Symbol Name                              Value     Ov Type        Size  Object(Section)

    BuildAttributes$$THM_ISAv4$E$P$D$K$B$S$7EM$VFPi3$EXTD16$VFPS$VFMA$PE$A:L22UL41UL21$X:L11$S22US41US21$IEEE1$IW$USESV6$~STKCKD$USESV7$~SHL$OSPACE$ROPI$EBA8$UX$STANDARDLIB$REQ8$PRES8$EABIv2 0x00000000   Number         0  anon$$obj.o ABSOLUTE
    __ARM_use_no_argv                        0x00000000   Number         0  main.o ABSOLUTE
    __ARM_exceptions_init                     - Undefined Weak Reference
    __alloca_initialize                       - Undefined Weak Reference
    __arm_fini_                               - Undefined Weak Reference
    __arm_preinit_                            - Undefined Weak Reference
    __cpp_initialize__aeabi_                  - Undefined Weak Reference
    __cxa_finalize                            - Undefined Weak Reference
    __rt_locale                               - Undefined Weak Reference
    __sigvec_lookup                           - Undefined Weak Reference
    _atexit_init                              - Undefined Weak Reference
    _call_atexit_fns                          - Undefined Weak Reference
    _clock_init                               - Undefined Weak Reference
    _fp_trap_init                             - Undefined Weak Reference
    _fp_trap_shutdown                         - Undefined Weak Reference
    _get_lc_collate                           - Undefined Weak Reference
    _get_lc_ctype                             - Undefined Weak Reference
    _get_lc_monetary                          - Undefined Weak Reference
    _get_lc_numeric                           - Undefined Weak Reference
    _get_lc_time                              - Undefined Weak Reference
    _getenv_init                              - Undefined Weak Reference
    _handle_redirection                       - Undefined Weak Reference
    _init_alloc                               - Undefined Weak Reference
    _init_user_alloc                          - Undefined Weak Reference
    _initio                                   - Undefined Weak Reference
    _printf_post_padding                      - Undefined Weak Reference
    _printf_pre_padding                       - Undefined Weak Reference
    _printf_truncate_signed                   - Undefined Weak Reference
    _printf_truncate_unsigned                 - Undefined Weak Reference
    _rand_init                                - Undefined Weak Reference
    _signal_finish                            - Undefined Weak Reference
    _signal_init                              - Undefined Weak Reference
    _terminate_alloc                          - Undefined Weak Reference
    _terminate_user_alloc                     - Undefined Weak Reference
    _terminateio                              - Undefined Weak Reference
    __Vectors_Size                           0x00000188   Number         0  startup_stm32f407xx.o ABSOLUTE
    __Vectors                                0x08000000   Data           4  startup_stm32f407xx.o(RESET)
    __Vectors_End                            0x08000188   Data           0  startup_stm32f407xx.o(RESET)
    __main                                   0x08000189   Thumb Code     8  __main.o(!!!main)
    __scatterload                            0x08000191   Thumb Code     0  __scatter.o(!!!scatter)
    __scatterload_rt2                        0x08000191   Thumb Code    44  __scatter.o(!!!scatter)
    __scatterload_rt2_thumb_only             0x08000191   Thumb Code     0  __scatter.o(!!!scatter)
    __scatterload_null                       0x0800019f   Thumb Code     0  __scatter.o(!!!scatter)
    __scatterload_copy                       0x080001c5   Thumb Code    26  __scatter_copy.o(!!handler_copy)
    __scatterload_zeroinit                   0x080001e1   Thumb Code    28  __scatter_zi.o(!!handler_zi)
    __rt_lib_init                            0x080001fd   Thumb Code     0  libinit.o(.ARM.Collect$$libinit$$00000000)
    __rt_lib_init_fp_1                       0x080001ff   Thumb Code     0  libinit2.o(.ARM.Collect$$libinit$$00000001)
    __rt_lib_init_alloca_1                   0x08000203   Thumb Code     0  libinit2.o(.ARM.Collect$$libinit$$0000002E)
    __rt_lib_init_argv_1                     0x08000203   Thumb Code     0  libinit2.o(.ARM.Collect$$libinit$$0000002C)
    __rt_lib_init_atexit_1                   0x08000203   Thumb Code     0  libinit2.o(.ARM.Collect$$libinit$$0000001B)
    __rt_lib_init_clock_1                    0x08000203   Thumb Code     0  libinit2.o(.ARM.Collect$$libinit$$00000021)
    __rt_lib_init_cpp_1                      0x08000203   Thumb Code     0  libinit2.o(.ARM.Collect$$libinit$$00000032)
    __rt_lib_init_exceptions_1               0x08000203   Thumb Code     0  libinit2.o(.ARM.Collect$$libinit$$00000030)
    __rt_lib_init_fp_trap_1                  0x08000203   Thumb Code     0  libinit2.o(.ARM.Collect$$libinit$$0000001F)
    __rt_lib_init_getenv_1                   0x08000203   Thumb Code     0  libinit2.o(.ARM.Collect$$libinit$$00000023)
    __rt_lib_init_heap_1                     0x08000203   Thumb Code     0  libinit2.o(.ARM.Collect$$libinit$$0000000A)
    __rt_lib_init_lc_collate_1               0x08000203   Thumb Code     0  libinit2.o(.ARM.Collect$$libinit$$00000011)
    __rt_lib_init_lc_ctype_1                 0x08000203   Thumb Code     0  libinit2.o(.ARM.Collect$$libinit$$00000013)
    __rt_lib_init_lc_monetary_1              0x08000203   Thumb Code     0  libinit2.o(.ARM.Collect$$libinit$$00000015)
    __rt_lib_init_lc_numeric_1               0x08000203   Thumb Code     0  libinit2.o(.ARM.Collect$$libinit$$00000017)
    __rt_lib_init_lc_time_1                  0x08000203   Thumb Code     0  libinit2.o(.ARM.Collect$$libinit$$00000019)
    __rt_lib_init_preinit_1                  0x08000203   Thumb Code     0  libinit2.o(.ARM.Collect$$libinit$$00000004)
    __rt_lib_init_rand_1                     0x08000203   Thumb Code     0  libinit2.o(.ARM.Collect$$libinit$$0000000E)
    __rt_lib_init_return                     0x08000203   Thumb Code     0  libinit2.o(.ARM.Collect$$libinit$$00000033)
    __rt_lib_init_signal_1                   0x08000203   Thumb Code     0  libinit2.o(.ARM.Collect$$libinit$$0000001D)
    __rt_lib_init_stdio_1                    0x08000203   Thumb Code     0  libinit2.o(.ARM.Collect$$libinit$$00000025)
    __rt_lib_init_user_alloc_1               0x08000203   Thumb Code     0  libinit2.o(.ARM.Collect$$libinit$$0000000C)
    __rt_lib_shutdown                        0x08000205   Thumb Code     0  libshutdown.o(.ARM.Collect$$libshutdown$$00000000)
    __rt_lib_shutdown_cpp_1                  0x08000207   Thumb Code     0  libshutdown2.o(.ARM.Collect$$libshutdown$$00000004)
    __rt_lib_shutdown_fini_1                 0x08000207   Thumb Code     0  libshutdown2.o(.ARM.Collect$$libshutdown$$00000002)
    __rt_lib_shutdown_fp_trap_1              0x08000207   Thumb Code     0  libshutdown2.o(.ARM.Collect$$libshutdown$$00000009)
    __rt_lib_shutdown_heap_1                 0x08000207   Thumb Code     0  libshutdown2.o(.ARM.Collect$$libshutdown$$00000011)
    __rt_lib_shutdown_return                 0x08000207   Thumb Code     0  libshutdown2.o(.ARM.Collect$$libshutdown$$00000012)
    __rt_lib_shutdown_signal_1               0x08000207   Thumb Code     0  libshutdown2.o(.ARM.Collect$$libshutdown$$0000000C)
    __rt_lib_shutdown_stdio_1                0x08000207   Thumb Code     0  libshutdown2.o(.ARM.Collect$$libshutdown$$00000006)
    __rt_lib_shutdown_user_alloc_1           0x08000207   Thumb Code     0  libshutdown2.o(.ARM.Collect$$libshutdown$$0000000E)
    __rt_entry                               0x08000209   Thumb Code     0  __rtentry.o(.ARM.Collect$$rtentry$$00000000)
    __rt_entry_presh_1                       0x08000209   Thumb Code     0  __rtentry2.o(.ARM.Collect$$rtentry$$00000002)
    __rt_entry_sh                            0x08000209   Thumb Code     0  __rtentry4.o(.ARM.Collect$$rtentry$$00000004)
    __rt_entry_li                            0x0800020f   Thumb Code     0  __rtentry2.o(.ARM.Collect$$rtentry$$0000000A)
    __rt_entry_postsh_1                      0x0800020f   Thumb Code     0  __rtentry2.o(.ARM.Collect$$rtentry$$00000009)
    __rt_entry_main                          0x08000213   Thumb Code     0  __rtentry2.o(.ARM.Collect$$rtentry$$0000000D)
    __rt_entry_postli_1                      0x08000213   Thumb Code     0  __rtentry2.o(.ARM.Collect$$rtentry$$0000000C)
    __rt_exit                                0x0800021b   Thumb Code     0  rtexit.o(.ARM.Collect$$rtexit$$00000000)
    __rt_exit_ls                             0x0800021d   Thumb Code     0  rtexit2.o(.ARM.Collect$$rtexit$$00000003)
    __rt_exit_prels_1                        0x0800021d   Thumb Code     0  rtexit2.o(.ARM.Collect$$rtexit$$00000002)
    __rt_exit_exit                           0x08000221   Thumb Code     0  rtexit2.o(.ARM.Collect$$rtexit$$00000004)
    SVC_Handler                              0x08000229   Thumb Code    28  port.o(.emb_text)
    __asm___6_port_c_39a90d8d__prvStartFirstTask 0x08000249   Thumb Code    36  port.o(.emb_text)
    __asm___6_port_c_39a90d8d__prvEnableVFP  0x08000271   Thumb Code    16  port.o(.emb_text)
    PendSV_Handler                           0x08000285   Thumb Code    88  port.o(.emb_text)
    vPortGetIPSR                             0x080002e1   Thumb Code     6  port.o(.emb_text)
    Reset_Handler                            0x080002e9   Thumb Code     8  startup_stm32f407xx.o(.text)
    ADC_IRQHandler                           0x08000303   Thumb Code     0  startup_stm32f407xx.o(.text)
    CAN1_RX0_IRQHandler                      0x08000303   Thumb Code     0  startup_stm32f407xx.o(.text)
    CAN1_RX1_IRQHandler                      0x08000303   Thumb Code     0  startup_stm32f407xx.o(.text)
    CAN1_SCE_IRQHandler                      0x08000303   Thumb Code     0  startup_stm32f407xx.o(.text)
    CAN1_TX_IRQHandler                       0x08000303   Thumb Code     0  startup_stm32f407xx.o(.text)
    CAN2_RX0_IRQHandler                      0x08000303   Thumb Code     0  startup_stm32f407xx.o(.text)
    CAN2_RX1_IRQHandler                      0x08000303   Thumb Code     0  startup_stm32f407xx.o(.text)
    CAN2_SCE_IRQHandler                      0x08000303   Thumb Code     0  startup_stm32f407xx.o(.text)
    CAN2_TX_IRQHandler                       0x08000303   Thumb Code     0  startup_stm32f407xx.o(.text)
    DCMI_IRQHandler                          0x08000303   Thumb Code     0  startup_stm32f407xx.o(.text)
    DMA1_Stream0_IRQHandler                  0x08000303   Thumb Code     0  startup_stm32f407xx.o(.text)
    DMA1_Stream2_IRQHandler                  0x08000303   Thumb Code     0  startup_stm32f407xx.o(.text)
    DMA1_Stream4_IRQHandler                  0x08000303   Thumb Code     0  startup_stm32f407xx.o(.text)
    DMA1_Stream5_IRQHandler                  0x08000303   Thumb Code     0  startup_stm32f407xx.o(.text)
    DMA1_Stream6_IRQHandler                  0x08000303   Thumb Code     0  startup_stm32f407xx.o(.text)
    DMA1_Stream7_IRQHandler                  0x08000303   Thumb Code     0  startup_stm32f407xx.o(.text)
    DMA2_Stream0_IRQHandler                  0x08000303   Thumb Code     0  startup_stm32f407xx.o(.text)
    DMA2_Stream1_IRQHandler                  0x08000303   Thumb Code     0  startup_stm32f407xx.o(.text)
    DMA2_Stream2_IRQHandler                  0x08000303   Thumb Code     0  startup_stm32f407xx.o(.text)
    DMA2_Stream3_IRQHandler                  0x08000303   Thumb Code     0  startup_stm32f407xx.o(.text)
    DMA2_Stream4_IRQHandler                  0x08000303   Thumb Code     0  startup_stm32f407xx.o(.text)
    DMA2_Stream5_IRQHandler                  0x08000303   Thumb Code     0  startup_stm32f407xx.o(.text)
    DMA2_Stream6_IRQHandler                  0x08000303   Thumb Code     0  startup_stm32f407xx.o(.text)
    DMA2_Stream7_IRQHandler                  0x08000303   Thumb Code     0  startup_stm32f407xx.o(.text)
    ETH_IRQHandler                           0x08000303   Thumb Code     0  startup_stm32f407xx.o(.text)
    ETH_WKUP_IRQHandler                      0x08000303   Thumb Code     0  startup_stm32f407xx.o(.text)
    EXTI0_IRQHandler                         0x08000303   Thumb Code     0  startup_stm32f407xx.o(.text)
    EXTI15_10_IRQHandler                     0x08000303   Thumb Code     0  startup_stm32f407xx.o(.text)
    EXTI1_IRQHandler                         0x08000303   Thumb Code     0  startup_stm32f407xx.o(.text)
    EXTI2_IRQHandler                         0x08000303   Thumb Code     0  startup_stm32f407xx.o(.text)
    EXTI3_IRQHandler                         0x08000303   Thumb Code     0  startup_stm32f407xx.o(.text)
    EXTI4_IRQHandler                         0x08000303   Thumb Code     0  startup_stm32f407xx.o(.text)
    EXTI9_5_IRQHandler                       0x08000303   Thumb Code     0  startup_stm32f407xx.o(.text)
    FLASH_IRQHandler                         0x08000303   Thumb Code     0  startup_stm32f407xx.o(.text)
    FMC_IRQHandler                           0x08000303   Thumb Code     0  startup_stm32f407xx.o(.text)
    FPU_IRQHandler                           0x08000303   Thumb Code     0  startup_stm32f407xx.o(.text)
    HASH_RNG_IRQHandler                      0x08000303   Thumb Code     0  startup_stm32f407xx.o(.text)
    I2C1_ER_IRQHandler                       0x08000303   Thumb Code     0  startup_stm32f407xx.o(.text)
    I2C1_EV_IRQHandler                       0x08000303   Thumb Code     0  startup_stm32f407xx.o(.text)
    I2C2_ER_IRQHandler                       0x08000303   Thumb Code     0  startup_stm32f407xx.o(.text)
    I2C2_EV_IRQHandler                       0x08000303   Thumb Code     0  startup_stm32f407xx.o(.text)
    I2C3_ER_IRQHandler                       0x08000303   Thumb Code     0  startup_stm32f407xx.o(.text)
    I2C3_EV_IRQHandler                       0x08000303   Thumb Code     0  startup_stm32f407xx.o(.text)
    OTG_FS_IRQHandler                        0x08000303   Thumb Code     0  startup_stm32f407xx.o(.text)
    OTG_FS_WKUP_IRQHandler                   0x08000303   Thumb Code     0  startup_stm32f407xx.o(.text)
    OTG_HS_EP1_IN_IRQHandler                 0x08000303   Thumb Code     0  startup_stm32f407xx.o(.text)
    OTG_HS_EP1_OUT_IRQHandler                0x08000303   Thumb Code     0  startup_stm32f407xx.o(.text)
    OTG_HS_IRQHandler                        0x08000303   Thumb Code     0  startup_stm32f407xx.o(.text)
    OTG_HS_WKUP_IRQHandler                   0x08000303   Thumb Code     0  startup_stm32f407xx.o(.text)
    PVD_IRQHandler                           0x08000303   Thumb Code     0  startup_stm32f407xx.o(.text)
    RCC_IRQHandler                           0x08000303   Thumb Code     0  startup_stm32f407xx.o(.text)
    RTC_Alarm_IRQHandler                     0x08000303   Thumb Code     0  startup_stm32f407xx.o(.text)
    RTC_WKUP_IRQHandler                      0x08000303   Thumb Code     0  startup_stm32f407xx.o(.text)
    SDIO_IRQHandler                          0x08000303   Thumb Code     0  startup_stm32f407xx.o(.text)
    SPI1_IRQHandler                          0x08000303   Thumb Code     0  startup_stm32f407xx.o(.text)
    SPI2_IRQHandler                          0x08000303   Thumb Code     0  startup_stm32f407xx.o(.text)
    SPI3_IRQHandler                          0x08000303   Thumb Code     0  startup_stm32f407xx.o(.text)
    TAMP_STAMP_IRQHandler                    0x08000303   Thumb Code     0  startup_stm32f407xx.o(.text)
    TIM1_BRK_TIM9_IRQHandler                 0x08000303   Thumb Code     0  startup_stm32f407xx.o(.text)
    TIM1_CC_IRQHandler                       0x08000303   Thumb Code     0  startup_stm32f407xx.o(.text)
    TIM1_TRG_COM_TIM11_IRQHandler            0x08000303   Thumb Code     0  startup_stm32f407xx.o(.text)
    TIM1_UP_TIM10_IRQHandler                 0x08000303   Thumb Code     0  startup_stm32f407xx.o(.text)
    TIM2_IRQHandler                          0x08000303   Thumb Code     0  startup_stm32f407xx.o(.text)
    TIM3_IRQHandler                          0x08000303   Thumb Code     0  startup_stm32f407xx.o(.text)
    TIM4_IRQHandler                          0x08000303   Thumb Code     0  startup_stm32f407xx.o(.text)
    TIM5_IRQHandler                          0x08000303   Thumb Code     0  startup_stm32f407xx.o(.text)
    TIM6_DAC_IRQHandler                      0x08000303   Thumb Code     0  startup_stm32f407xx.o(.text)
    TIM8_BRK_TIM12_IRQHandler                0x08000303   Thumb Code     0  startup_stm32f407xx.o(.text)
    TIM8_CC_IRQHandler                       0x08000303   Thumb Code     0  startup_stm32f407xx.o(.text)
    TIM8_TRG_COM_TIM14_IRQHandler            0x08000303   Thumb Code     0  startup_stm32f407xx.o(.text)
    TIM8_UP_TIM13_IRQHandler                 0x08000303   Thumb Code     0  startup_stm32f407xx.o(.text)
    UART4_IRQHandler                         0x08000303   Thumb Code     0  startup_stm32f407xx.o(.text)
    UART5_IRQHandler                         0x08000303   Thumb Code     0  startup_stm32f407xx.o(.text)
    USART1_IRQHandler                        0x08000303   Thumb Code     0  startup_stm32f407xx.o(.text)
    USART2_IRQHandler                        0x08000303   Thumb Code     0  startup_stm32f407xx.o(.text)
    USART3_IRQHandler                        0x08000303   Thumb Code     0  startup_stm32f407xx.o(.text)
    USART6_IRQHandler                        0x08000303   Thumb Code     0  startup_stm32f407xx.o(.text)
    WWDG_IRQHandler                          0x08000303   Thumb Code     0  startup_stm32f407xx.o(.text)
    __user_initial_stackheap                 0x08000305   Thumb Code     0  startup_stm32f407xx.o(.text)
    __aeabi_uldivmod                         0x08000329   Thumb Code     0  lludivv7m.o(.text)
    _ll_udiv                                 0x08000329   Thumb Code   238  lludivv7m.o(.text)
    __aeabi_memcpy                           0x08000417   Thumb Code     0  rt_memcpy_v6.o(.text)
    __rt_memcpy                              0x08000417   Thumb Code   138  rt_memcpy_v6.o(.text)
    _memcpy_lastbytes                        0x0800047d   Thumb Code     0  rt_memcpy_v6.o(.text)
    __aeabi_memset                           0x080004a1   Thumb Code    16  aeabi_memset.o(.text)
    __aeabi_memclr                           0x080004b1   Thumb Code     0  rt_memclr.o(.text)
    __rt_memclr                              0x080004b1   Thumb Code    68  rt_memclr.o(.text)
    _memset                                  0x080004b5   Thumb Code     0  rt_memclr.o(.text)
    __aeabi_memclr4                          0x080004f5   Thumb Code     0  rt_memclr_w.o(.text)
    __aeabi_memclr8                          0x080004f5   Thumb Code     0  rt_memclr_w.o(.text)
    __rt_memclr_w                            0x080004f5   Thumb Code    78  rt_memclr_w.o(.text)
    _memset_w                                0x080004f9   Thumb Code     0  rt_memclr_w.o(.text)
    __use_two_region_memory                  0x08000543   Thumb Code     2  heapauxi.o(.text)
    __rt_heap_escrow$2region                 0x08000545   Thumb Code     2  heapauxi.o(.text)
    __rt_heap_expand$2region                 0x08000547   Thumb Code     2  heapauxi.o(.text)
    __aeabi_memcpy4                          0x08000549   Thumb Code     0  rt_memcpy_w.o(.text)
    __aeabi_memcpy8                          0x08000549   Thumb Code     0  rt_memcpy_w.o(.text)
    __rt_memcpy_w                            0x08000549   Thumb Code   100  rt_memcpy_w.o(.text)
    _memcpy_lastbytes_aligned                0x08000591   Thumb Code     0  rt_memcpy_w.o(.text)
    __user_setup_stackheap                   0x080005ad   Thumb Code    74  sys_stackheap_outer.o(.text)
    exit                                     0x080005f7   Thumb Code    18  exit.o(.text)
    __user_libspace                          0x08000609   Thumb Code     8  libspace.o(.text)
    __user_perproc_libspace                  0x08000609   Thumb Code     0  libspace.o(.text)
    __user_perthread_libspace                0x08000609   Thumb Code     0  libspace.o(.text)
    _sys_exit                                0x08000611   Thumb Code     8  sys_exit.o(.text)
    __I$use$semihosting                      0x0800061d   Thumb Code     0  use_no_semi.o(.text)
    __use_no_semihosting_swi                 0x0800061d   Thumb Code     2  use_no_semi.o(.text)
    BusFault_Handler                         0x0800061f   Thumb Code     2  stm32f4xx_it.o(i.BusFault_Handler)
    __semihosting_library_function           0x0800061f   Thumb Code     0  indicate_semi.o(.text)
    DMA1_Stream1_IRQHandler                  0x08000621   Thumb Code     6  stm32f4xx_it.o(i.DMA1_Stream1_IRQHandler)
    DMA1_Stream3_IRQHandler                  0x0800062d   Thumb Code     6  stm32f4xx_it.o(i.DMA1_Stream3_IRQHandler)
    DebugMon_Handler                         0x080006dd   Thumb Code     2  stm32f4xx_it.o(i.DebugMon_Handler)
    Error_Handler                            0x080006df   Thumb Code     4  main.o(i.Error_Handler)
    HAL_DMA_IRQHandler                       0x080006e5   Thumb Code   412  stm32f4xx_hal_dma.o(i.HAL_DMA_IRQHandler)
    HAL_DMA_Init                             0x08000885   Thumb Code   206  stm32f4xx_hal_dma.o(i.HAL_DMA_Init)
    HAL_DMA_Start_IT                         0x08000959   Thumb Code   110  stm32f4xx_hal_dma.o(i.HAL_DMA_Start_IT)
    HAL_Delay                                0x080009c9   Thumb Code    32  stm32f4xx_hal.o(i.HAL_Delay)
    HAL_GPIO_Init                            0x080009ed   Thumb Code   450  stm32f4xx_hal_gpio.o(i.HAL_GPIO_Init)
    HAL_GPIO_WritePin                        0x08000bdd   Thumb Code    10  stm32f4xx_hal_gpio.o(i.HAL_GPIO_WritePin)
    HAL_GetTick                              0x08000be9   Thumb Code     6  stm32f4xx_hal.o(i.HAL_GetTick)
    HAL_IncTick                              0x08000bf5   Thumb Code    12  stm32f4xx_hal.o(i.HAL_IncTick)
    HAL_Init                                 0x08000c05   Thumb Code    48  stm32f4xx_hal.o(i.HAL_Init)
    HAL_InitTick                             0x08000c39   Thumb Code   132  stm32f4xx_hal_timebase_tim.o(i.HAL_InitTick)
    HAL_MspInit                              0x08000cd1   Thumb Code    42  stm32f4xx_hal_msp.o(i.HAL_MspInit)
    HAL_NVIC_EnableIRQ                       0x08000d01   Thumb Code    26  stm32f4xx_hal_cortex.o(i.HAL_NVIC_EnableIRQ)
    HAL_NVIC_SetPriority                     0x08000d1d   Thumb Code    60  stm32f4xx_hal_cortex.o(i.HAL_NVIC_SetPriority)
    HAL_NVIC_SetPriorityGrouping             0x08000d5d   Thumb Code    26  stm32f4xx_hal_cortex.o(i.HAL_NVIC_SetPriorityGrouping)
    HAL_RCC_ClockConfig                      0x08000d81   Thumb Code   288  stm32f4xx_hal_rcc.o(i.HAL_RCC_ClockConfig)
    HAL_RCC_GetClockConfig                   0x08000eb5   Thumb Code    54  stm32f4xx_hal_rcc.o(i.HAL_RCC_GetClockConfig)
    HAL_RCC_GetPCLK1Freq                     0x08000ef5   Thumb Code    20  stm32f4xx_hal_rcc.o(i.HAL_RCC_GetPCLK1Freq)
    HAL_RCC_GetPCLK2Freq                     0x08000f15   Thumb Code    20  stm32f4xx_hal_rcc.o(i.HAL_RCC_GetPCLK2Freq)
    HAL_RCC_GetSysClockFreq                  0x08000f35   Thumb Code    88  stm32f4xx_hal_rcc.o(i.HAL_RCC_GetSysClockFreq)
    HAL_RCC_OscConfig                        0x08000f95   Thumb Code   856  stm32f4xx_hal_rcc.o(i.HAL_RCC_OscConfig)
    HAL_TIMEx_BreakCallback                  0x08001301   Thumb Code     2  stm32f4xx_hal_tim_ex.o(i.HAL_TIMEx_BreakCallback)
    HAL_TIMEx_CommutCallback                 0x08001303   Thumb Code     2  stm32f4xx_hal_tim_ex.o(i.HAL_TIMEx_CommutCallback)
    HAL_TIM_Base_Init                        0x08001305   Thumb Code    90  stm32f4xx_hal_tim.o(i.HAL_TIM_Base_Init)
    HAL_TIM_Base_MspInit                     0x0800135f   Thumb Code     2  stm32f4xx_hal_tim.o(i.HAL_TIM_Base_MspInit)
    HAL_TIM_Base_Start_IT                    0x08001361   Thumb Code   100  stm32f4xx_hal_tim.o(i.HAL_TIM_Base_Start_IT)
    HAL_TIM_IC_CaptureCallback               0x080013e1   Thumb Code     2  stm32f4xx_hal_tim.o(i.HAL_TIM_IC_CaptureCallback)
    HAL_TIM_IRQHandler                       0x080013e3   Thumb Code   304  stm32f4xx_hal_tim.o(i.HAL_TIM_IRQHandler)
    HAL_TIM_OC_DelayElapsedCallback          0x08001513   Thumb Code     2  stm32f4xx_hal_tim.o(i.HAL_TIM_OC_DelayElapsedCallback)
    HAL_TIM_PWM_PulseFinishedCallback        0x08001515   Thumb Code     2  stm32f4xx_hal_tim.o(i.HAL_TIM_PWM_PulseFinishedCallback)
    HAL_TIM_PeriodElapsedCallback            0x08001519   Thumb Code    14  main.o(i.HAL_TIM_PeriodElapsedCallback)
    HAL_TIM_TriggerCallback                  0x0800152d   Thumb Code     2  stm32f4xx_hal_tim.o(i.HAL_TIM_TriggerCallback)
    HAL_UARTEx_ReceiveToIdle_DMA             0x0800152f   Thumb Code    78  stm32f4xx_hal_uart.o(i.HAL_UARTEx_ReceiveToIdle_DMA)
    HAL_UARTEx_RxEventCallback               0x0800157d   Thumb Code    88  uart.o(i.HAL_UARTEx_RxEventCallback)
    HAL_UART_ErrorCallback                   0x0800161d   Thumb Code    58  uart.o(i.HAL_UART_ErrorCallback)
    HAL_UART_Init                            0x0800169d   Thumb Code   100  stm32f4xx_hal_uart.o(i.HAL_UART_Init)
    HAL_UART_MspInit                         0x08001701   Thumb Code   194  usart.o(i.HAL_UART_MspInit)
    HAL_UART_RxCpltCallback                  0x080017d9   Thumb Code     2  stm32f4xx_hal_uart.o(i.HAL_UART_RxCpltCallback)
    HAL_UART_RxHalfCpltCallback              0x080017db   Thumb Code     2  stm32f4xx_hal_uart.o(i.HAL_UART_RxHalfCpltCallback)
    HardFault_Handler                        0x080017dd   Thumb Code     2  stm32f4xx_it.o(i.HardFault_Handler)
    MX_DMA_Init                              0x080017e1   Thumb Code    56  dma.o(i.MX_DMA_Init)
    MX_GPIO_Init                             0x0800181d   Thumb Code   118  gpio.o(i.MX_GPIO_Init)
    MX_USART3_UART_Init                      0x0800189d   Thumb Code    48  usart.o(i.MX_USART3_UART_Init)
    MemManage_Handler                        0x080018d5   Thumb Code     2  stm32f4xx_it.o(i.MemManage_Handler)
    NMI_Handler                              0x080018d7   Thumb Code     2  stm32f4xx_it.o(i.NMI_Handler)
    SEGGER_RTT_Init                          0x080018d9   Thumb Code     4  segger_rtt.o(i.SEGGER_RTT_Init)
    SEGGER_RTT_SetTerminal                   0x080018dd   Thumb Code   130  segger_rtt.o(i.SEGGER_RTT_SetTerminal)
    SEGGER_RTT_Write                         0x0800196d   Thumb Code    52  segger_rtt.o(i.SEGGER_RTT_Write)
    SEGGER_RTT_WriteNoLock                   0x080019a5   Thumb Code    86  segger_rtt.o(i.SEGGER_RTT_WriteNoLock)
    SEGGER_RTT_printf                        0x08001a01   Thumb Code    22  segger_rtt_printf.o(i.SEGGER_RTT_printf)
    SEGGER_RTT_vprintf                       0x08001a19   Thumb Code   410  segger_rtt_printf.o(i.SEGGER_RTT_vprintf)
    SysTick_Handler                          0x08001bbd   Thumb Code    20  stm32f4xx_it.o(i.SysTick_Handler)
    SystemClock_Config                       0x08001bd1   Thumb Code   142  main.o(i.SystemClock_Config)
    SystemInit                               0x08001c69   Thumb Code    12  system_stm32f4xx.o(i.SystemInit)
    TIM7_IRQHandler                          0x08001c79   Thumb Code     6  stm32f4xx_it.o(i.TIM7_IRQHandler)
    TIM_Base_SetConfig                       0x08001c85   Thumb Code   170  stm32f4xx_hal_tim.o(i.TIM_Base_SetConfig)
    UART_Start_Receive_DMA                   0x08001fc1   Thumb Code   130  stm32f4xx_hal_uart.o(i.UART_Start_Receive_DMA)
    UsageFault_Handler                       0x08002051   Thumb Code     2  stm32f4xx_it.o(i.UsageFault_Handler)
    Y_uart_create_instance                   0x08002055   Thumb Code   106  uart.o(i.Y_uart_create_instance)
    beep_init                                0x08002459   Thumb Code    12  beep.o(i.beep_init)
    beep_start                               0x08002469   Thumb Code    10  beep.o(i.beep_start)
    beep_stop                                0x08002479   Thumb Code    12  beep.o(i.beep_stop)
    commucation_task                         0x08002489   Thumb Code    64  commucation.o(i.commucation_task)
    freertos_start                           0x0800253d   Thumb Code    88  freertos_start.o(i.freertos_start)
    main                                     0x08002645   Thumb Code    50  main.o(i.main)
    pvPortMalloc                             0x08002d3d   Thumb Code   188  heap_4.o(i.pvPortMalloc)
    pxPortInitialiseStack                    0x08002dfd   Thumb Code    40  port.o(i.pxPortInitialiseStack)
    rtt_log_init                             0x08002e29   Thumb Code    16  rtt.o(i.rtt_log_init)
    rtt_print_log                            0x08002e55   Thumb Code    24  rtt.o(i.rtt_print_log)
    start_task                               0x08002e6d   Thumb Code    64  freertos_start.o(i.start_task)
    uxListRemove                             0x08002f19   Thumb Code    38  list.o(i.uxListRemove)
    vListInitialise                          0x08002f3f   Thumb Code    22  list.o(i.vListInitialise)
    vListInitialiseItem                      0x08002f55   Thumb Code     6  list.o(i.vListInitialiseItem)
    vListInsert                              0x08002f5b   Thumb Code    48  list.o(i.vListInsert)
    vListInsertEnd                           0x08002f8b   Thumb Code    24  list.o(i.vListInsertEnd)
    vPortEnterCritical                       0x08002fa5   Thumb Code    54  port.o(i.vPortEnterCritical)
    vPortExitCritical                        0x08002fe5   Thumb Code    34  port.o(i.vPortExitCritical)
    vPortFree                                0x0800300d   Thumb Code    94  heap_4.o(i.vPortFree)
    vPortSetupTimerInterrupt                 0x08003071   Thumb Code    32  port.o(i.vPortSetupTimerInterrupt)
    vQueueAddToRegistry                      0x08003095   Thumb Code    74  queue.o(i.vQueueAddToRegistry)
    vQueueWaitForMessageRestricted           0x080030e5   Thumb Code    68  queue.o(i.vQueueWaitForMessageRestricted)
    vTaskDelete                              0x08003129   Thumb Code   164  tasks.o(i.vTaskDelete)
    vTaskInternalSetTimeOutState             0x080031d9   Thumb Code    12  tasks.o(i.vTaskInternalSetTimeOutState)
    vTaskMissedYield                         0x080031e9   Thumb Code     8  tasks.o(i.vTaskMissedYield)
    vTaskPlaceOnEventList                    0x080031f5   Thumb Code    44  tasks.o(i.vTaskPlaceOnEventList)
    vTaskPlaceOnEventListRestricted          0x08003225   Thumb Code    76  tasks.o(i.vTaskPlaceOnEventListRestricted)
    vTaskStartScheduler                      0x08003275   Thumb Code    94  tasks.o(i.vTaskStartScheduler)
    vTaskSuspendAll                          0x080032e5   Thumb Code    10  tasks.o(i.vTaskSuspendAll)
    vTaskSwitchContext                       0x080032f5   Thumb Code    82  tasks.o(i.vTaskSwitchContext)
    xPortStartScheduler                      0x08003351   Thumb Code   222  port.o(i.xPortStartScheduler)
    xPortSysTickHandler                      0x08003445   Thumb Code    38  port.o(i.xPortSysTickHandler)
    xQueueGenericCreate                      0x08003471   Thumb Code    94  queue.o(i.xQueueGenericCreate)
    xQueueGenericReset                       0x080034d1   Thumb Code   172  queue.o(i.xQueueGenericReset)
    xQueueReceive                            0x08003581   Thumb Code   308  queue.o(i.xQueueReceive)
    xTaskCheckForTimeOut                     0x080036b9   Thumb Code   118  tasks.o(i.xTaskCheckForTimeOut)
    xTaskCreate                              0x08003735   Thumb Code    92  tasks.o(i.xTaskCreate)
    xTaskDelayUntil                          0x08003791   Thumb Code   138  tasks.o(i.xTaskDelayUntil)
    xTaskGetSchedulerState                   0x08003825   Thumb Code    22  tasks.o(i.xTaskGetSchedulerState)
    xTaskGetTickCount                        0x08003841   Thumb Code     6  tasks.o(i.xTaskGetTickCount)
    xTaskIncrementTick                       0x0800384d   Thumb Code   304  tasks.o(i.xTaskIncrementTick)
    xTaskRemoveFromEventList                 0x08003985   Thumb Code   210  tasks.o(i.xTaskRemoveFromEventList)
    xTaskResumeAll                           0x08003a61   Thumb Code   286  tasks.o(i.xTaskResumeAll)
    xTimerCreateTimerTask                    0x08003b8d   Thumb Code    58  timers.o(i.xTimerCreateTimerTask)
    _fp_init                                 0x08003bd9   Thumb Code    10  fpinit.o(x$fpl$fpinit)
    __fplib_config_fpu_vfp                   0x08003be1   Thumb Code     0  fpinit.o(x$fpl$fpinit)
    __fplib_config_pureend_doubles           0x08003be1   Thumb Code     0  fpinit.o(x$fpl$fpinit)
    AHBPrescTable                            0x08003bea   Data          16  system_stm32f4xx.o(.constdata)
    APBPrescTable                            0x08003bfa   Data           8  system_stm32f4xx.o(.constdata)
    Region$$Table$$Base                      0x08003c34   Number         0  anon$$obj.o(Region$$Table)
    Region$$Table$$Limit                     0x08003c54   Number         0  anon$$obj.o(Region$$Table)
    start_task_handle                        0x20000000   Data           4  freertos_start.o(.data)
    uwTickFreq                               0x20000004   Data           1  stm32f4xx_hal.o(.data)
    uwTickPrio                               0x20000008   Data           4  stm32f4xx_hal.o(.data)
    uwTick                                   0x2000000c   Data           4  stm32f4xx_hal.o(.data)
    SystemCoreClock                          0x20000010   Data           4  system_stm32f4xx.o(.data)
    pxCurrentTCB                             0x20000014   Data           4  tasks.o(.data)
    uxTopUsedPriority                        0x20000044   Data           4  tasks.o(.data)
    commucation_task_handle                  0x20000098   Data           4  commucation.o(.data)
    commucation_uart_handle                  0x2000009c   Data           4  commucation.o(.data)
    huart3                                   0x200000a0   Data          72  usart.o(.bss)
    hdma_usart3_rx                           0x200000e8   Data          96  usart.o(.bss)
    hdma_usart3_tx                           0x20000148   Data          96  usart.o(.bss)
    htim7                                    0x200001a8   Data          72  stm32f4xx_hal_timebase_tim.o(.bss)
    xQueueRegistry                           0x200001f0   Data          64  queue.o(.bss)
    _SEGGER_RTT                              0x20012f20   Data         168  segger_rtt.o(.bss)
    __libspace_start                         0x200133d8   Data          96  libspace.o(.bss)
    __temporary_stack_top$libspace           0x20013438   Data           0  libspace.o(.bss)



==============================================================================

Memory Map of the image

  Image Entry point : 0x08000189

  Load Region LR_IROM1 (Base: 0x08000000, Size: 0x00003cf4, Max: 0x00080000, ABSOLUTE)

    Execution Region ER_IROM1 (Exec base: 0x08000000, Load base: 0x08000000, Size: 0x00003c54, Max: 0x00080000, ABSOLUTE)

    Exec Addr    Load Addr    Size         Type   Attr      Idx    E Section Name        Object

    0x08000000   0x08000000   0x00000188   Data   RO            3    RESET               startup_stm32f407xx.o
    0x08000188   0x08000188   0x00000008   Code   RO         4614  * !!!main             c_w.l(__main.o)
    0x08000190   0x08000190   0x00000034   Code   RO         4794    !!!scatter          c_w.l(__scatter.o)
    0x080001c4   0x080001c4   0x0000001a   Code   RO         4796    !!handler_copy      c_w.l(__scatter_copy.o)
    0x080001de   0x080001de   0x00000002   PAD
    0x080001e0   0x080001e0   0x0000001c   Code   RO         4798    !!handler_zi        c_w.l(__scatter_zi.o)
    0x080001fc   0x080001fc   0x00000002   Code   RO         4662    .ARM.Collect$$libinit$$00000000  c_w.l(libinit.o)
    0x080001fe   0x080001fe   0x00000004   Code   RO         4674    .ARM.Collect$$libinit$$00000001  c_w.l(libinit2.o)
    0x08000202   0x08000202   0x00000000   Code   RO         4677    .ARM.Collect$$libinit$$00000004  c_w.l(libinit2.o)
    0x08000202   0x08000202   0x00000000   Code   RO         4680    .ARM.Collect$$libinit$$0000000A  c_w.l(libinit2.o)
    0x08000202   0x08000202   0x00000000   Code   RO         4682    .ARM.Collect$$libinit$$0000000C  c_w.l(libinit2.o)
    0x08000202   0x08000202   0x00000000   Code   RO         4684    .ARM.Collect$$libinit$$0000000E  c_w.l(libinit2.o)
    0x08000202   0x08000202   0x00000000   Code   RO         4687    .ARM.Collect$$libinit$$00000011  c_w.l(libinit2.o)
    0x08000202   0x08000202   0x00000000   Code   RO         4689    .ARM.Collect$$libinit$$00000013  c_w.l(libinit2.o)
    0x08000202   0x08000202   0x00000000   Code   RO         4691    .ARM.Collect$$libinit$$00000015  c_w.l(libinit2.o)
    0x08000202   0x08000202   0x00000000   Code   RO         4693    .ARM.Collect$$libinit$$00000017  c_w.l(libinit2.o)
    0x08000202   0x08000202   0x00000000   Code   RO         4695    .ARM.Collect$$libinit$$00000019  c_w.l(libinit2.o)
    0x08000202   0x08000202   0x00000000   Code   RO         4697    .ARM.Collect$$libinit$$0000001B  c_w.l(libinit2.o)
    0x08000202   0x08000202   0x00000000   Code   RO         4699    .ARM.Collect$$libinit$$0000001D  c_w.l(libinit2.o)
    0x08000202   0x08000202   0x00000000   Code   RO         4701    .ARM.Collect$$libinit$$0000001F  c_w.l(libinit2.o)
    0x08000202   0x08000202   0x00000000   Code   RO         4703    .ARM.Collect$$libinit$$00000021  c_w.l(libinit2.o)
    0x08000202   0x08000202   0x00000000   Code   RO         4705    .ARM.Collect$$libinit$$00000023  c_w.l(libinit2.o)
    0x08000202   0x08000202   0x00000000   Code   RO         4707    .ARM.Collect$$libinit$$00000025  c_w.l(libinit2.o)
    0x08000202   0x08000202   0x00000000   Code   RO         4711    .ARM.Collect$$libinit$$0000002C  c_w.l(libinit2.o)
    0x08000202   0x08000202   0x00000000   Code   RO         4713    .ARM.Collect$$libinit$$0000002E  c_w.l(libinit2.o)
    0x08000202   0x08000202   0x00000000   Code   RO         4715    .ARM.Collect$$libinit$$00000030  c_w.l(libinit2.o)
    0x08000202   0x08000202   0x00000000   Code   RO         4717    .ARM.Collect$$libinit$$00000032  c_w.l(libinit2.o)
    0x08000202   0x08000202   0x00000002   Code   RO         4718    .ARM.Collect$$libinit$$00000033  c_w.l(libinit2.o)
    0x08000204   0x08000204   0x00000002   Code   RO         4749    .ARM.Collect$$libshutdown$$00000000  c_w.l(libshutdown.o)
    0x08000206   0x08000206   0x00000000   Code   RO         4775    .ARM.Collect$$libshutdown$$00000002  c_w.l(libshutdown2.o)
    0x08000206   0x08000206   0x00000000   Code   RO         4777    .ARM.Collect$$libshutdown$$00000004  c_w.l(libshutdown2.o)
    0x08000206   0x08000206   0x00000000   Code   RO         4779    .ARM.Collect$$libshutdown$$00000006  c_w.l(libshutdown2.o)
    0x08000206   0x08000206   0x00000000   Code   RO         4782    .ARM.Collect$$libshutdown$$00000009  c_w.l(libshutdown2.o)
    0x08000206   0x08000206   0x00000000   Code   RO         4785    .ARM.Collect$$libshutdown$$0000000C  c_w.l(libshutdown2.o)
    0x08000206   0x08000206   0x00000000   Code   RO         4787    .ARM.Collect$$libshutdown$$0000000E  c_w.l(libshutdown2.o)
    0x08000206   0x08000206   0x00000000   Code   RO         4790    .ARM.Collect$$libshutdown$$00000011  c_w.l(libshutdown2.o)
    0x08000206   0x08000206   0x00000002   Code   RO         4791    .ARM.Collect$$libshutdown$$00000012  c_w.l(libshutdown2.o)
    0x08000208   0x08000208   0x00000000   Code   RO         4616    .ARM.Collect$$rtentry$$00000000  c_w.l(__rtentry.o)
    0x08000208   0x08000208   0x00000000   Code   RO         4631    .ARM.Collect$$rtentry$$00000002  c_w.l(__rtentry2.o)
    0x08000208   0x08000208   0x00000006   Code   RO         4643    .ARM.Collect$$rtentry$$00000004  c_w.l(__rtentry4.o)
    0x0800020e   0x0800020e   0x00000000   Code   RO         4633    .ARM.Collect$$rtentry$$00000009  c_w.l(__rtentry2.o)
    0x0800020e   0x0800020e   0x00000004   Code   RO         4634    .ARM.Collect$$rtentry$$0000000A  c_w.l(__rtentry2.o)
    0x08000212   0x08000212   0x00000000   Code   RO         4636    .ARM.Collect$$rtentry$$0000000C  c_w.l(__rtentry2.o)
    0x08000212   0x08000212   0x00000008   Code   RO         4637    .ARM.Collect$$rtentry$$0000000D  c_w.l(__rtentry2.o)
    0x0800021a   0x0800021a   0x00000002   Code   RO         4666    .ARM.Collect$$rtexit$$00000000  c_w.l(rtexit.o)
    0x0800021c   0x0800021c   0x00000000   Code   RO         4722    .ARM.Collect$$rtexit$$00000002  c_w.l(rtexit2.o)
    0x0800021c   0x0800021c   0x00000004   Code   RO         4723    .ARM.Collect$$rtexit$$00000003  c_w.l(rtexit2.o)
    0x08000220   0x08000220   0x00000006   Code   RO         4724    .ARM.Collect$$rtexit$$00000004  c_w.l(rtexit2.o)
    0x08000226   0x08000226   0x00000002   PAD
    0x08000228   0x08000228   0x000000be   Code   RO         4075    .emb_text           port.o
    0x080002e6   0x080002e6   0x00000002   PAD
    0x080002e8   0x080002e8   0x00000040   Code   RO            4    .text               startup_stm32f407xx.o
    0x08000328   0x08000328   0x000000ee   Code   RO         4568    .text               c_w.l(lludivv7m.o)
    0x08000416   0x08000416   0x0000008a   Code   RO         4602    .text               c_w.l(rt_memcpy_v6.o)
    0x080004a0   0x080004a0   0x00000010   Code   RO         4606    .text               c_w.l(aeabi_memset.o)
    0x080004b0   0x080004b0   0x00000044   Code   RO         4608    .text               c_w.l(rt_memclr.o)
    0x080004f4   0x080004f4   0x0000004e   Code   RO         4610    .text               c_w.l(rt_memclr_w.o)
    0x08000542   0x08000542   0x00000006   Code   RO         4612    .text               c_w.l(heapauxi.o)
    0x08000548   0x08000548   0x00000064   Code   RO         4628    .text               c_w.l(rt_memcpy_w.o)
    0x080005ac   0x080005ac   0x0000004a   Code   RO         4649    .text               c_w.l(sys_stackheap_outer.o)
    0x080005f6   0x080005f6   0x00000012   Code   RO         4651    .text               c_w.l(exit.o)
    0x08000608   0x08000608   0x00000008   Code   RO         4663    .text               c_w.l(libspace.o)
    0x08000610   0x08000610   0x0000000c   Code   RO         4719    .text               c_w.l(sys_exit.o)
    0x0800061c   0x0800061c   0x00000002   Code   RO         4738    .text               c_w.l(use_no_semi.o)
    0x0800061e   0x0800061e   0x00000000   Code   RO         4740    .text               c_w.l(indicate_semi.o)
    0x0800061e   0x0800061e   0x00000002   Code   RO          301    i.BusFault_Handler  stm32f4xx_it.o
    0x08000620   0x08000620   0x0000000c   Code   RO          302    i.DMA1_Stream1_IRQHandler  stm32f4xx_it.o
    0x0800062c   0x0800062c   0x0000000c   Code   RO          303    i.DMA1_Stream3_IRQHandler  stm32f4xx_it.o
    0x08000638   0x08000638   0x00000028   Code   RO         2274    i.DMA_CalcBaseAndBitshift  stm32f4xx_hal_dma.o
    0x08000660   0x08000660   0x00000054   Code   RO         2275    i.DMA_CheckFifoParam  stm32f4xx_hal_dma.o
    0x080006b4   0x080006b4   0x00000028   Code   RO         2276    i.DMA_SetConfig     stm32f4xx_hal_dma.o
    0x080006dc   0x080006dc   0x00000002   Code   RO          304    i.DebugMon_Handler  stm32f4xx_it.o
    0x080006de   0x080006de   0x00000004   Code   RO           13    i.Error_Handler     main.o
    0x080006e2   0x080006e2   0x00000002   PAD
    0x080006e4   0x080006e4   0x000001a0   Code   RO         2282    i.HAL_DMA_IRQHandler  stm32f4xx_hal_dma.o
    0x08000884   0x08000884   0x000000d4   Code   RO         2283    i.HAL_DMA_Init      stm32f4xx_hal_dma.o
    0x08000958   0x08000958   0x0000006e   Code   RO         2287    i.HAL_DMA_Start_IT  stm32f4xx_hal_dma.o
    0x080009c6   0x080009c6   0x00000002   PAD
    0x080009c8   0x080009c8   0x00000024   Code   RO         2714    i.HAL_Delay         stm32f4xx_hal.o
    0x080009ec   0x080009ec   0x000001f0   Code   RO         2170    i.HAL_GPIO_Init     stm32f4xx_hal_gpio.o
    0x08000bdc   0x08000bdc   0x0000000a   Code   RO         2174    i.HAL_GPIO_WritePin  stm32f4xx_hal_gpio.o
    0x08000be6   0x08000be6   0x00000002   PAD
    0x08000be8   0x08000be8   0x0000000c   Code   RO         2720    i.HAL_GetTick       stm32f4xx_hal.o
    0x08000bf4   0x08000bf4   0x00000010   Code   RO         2726    i.HAL_IncTick       stm32f4xx_hal.o
    0x08000c04   0x08000c04   0x00000034   Code   RO         2727    i.HAL_Init          stm32f4xx_hal.o
    0x08000c38   0x08000c38   0x00000098   Code   RO          407    i.HAL_InitTick      stm32f4xx_hal_timebase_tim.o
    0x08000cd0   0x08000cd0   0x00000030   Code   RO          383    i.HAL_MspInit       stm32f4xx_hal_msp.o
    0x08000d00   0x08000d00   0x0000001a   Code   RO         2562    i.HAL_NVIC_EnableIRQ  stm32f4xx_hal_cortex.o
    0x08000d1a   0x08000d1a   0x00000002   PAD
    0x08000d1c   0x08000d1c   0x00000040   Code   RO         2568    i.HAL_NVIC_SetPriority  stm32f4xx_hal_cortex.o
    0x08000d5c   0x08000d5c   0x00000024   Code   RO         2569    i.HAL_NVIC_SetPriorityGrouping  stm32f4xx_hal_cortex.o
    0x08000d80   0x08000d80   0x00000134   Code   RO         1816    i.HAL_RCC_ClockConfig  stm32f4xx_hal_rcc.o
    0x08000eb4   0x08000eb4   0x00000040   Code   RO         1820    i.HAL_RCC_GetClockConfig  stm32f4xx_hal_rcc.o
    0x08000ef4   0x08000ef4   0x00000020   Code   RO         1823    i.HAL_RCC_GetPCLK1Freq  stm32f4xx_hal_rcc.o
    0x08000f14   0x08000f14   0x00000020   Code   RO         1824    i.HAL_RCC_GetPCLK2Freq  stm32f4xx_hal_rcc.o
    0x08000f34   0x08000f34   0x00000060   Code   RO         1825    i.HAL_RCC_GetSysClockFreq  stm32f4xx_hal_rcc.o
    0x08000f94   0x08000f94   0x0000036c   Code   RO         1828    i.HAL_RCC_OscConfig  stm32f4xx_hal_rcc.o
    0x08001300   0x08001300   0x00000002   Code   RO         1185    i.HAL_TIMEx_BreakCallback  stm32f4xx_hal_tim_ex.o
    0x08001302   0x08001302   0x00000002   Code   RO         1186    i.HAL_TIMEx_CommutCallback  stm32f4xx_hal_tim_ex.o
    0x08001304   0x08001304   0x0000005a   Code   RO          481    i.HAL_TIM_Base_Init  stm32f4xx_hal_tim.o
    0x0800135e   0x0800135e   0x00000002   Code   RO          483    i.HAL_TIM_Base_MspInit  stm32f4xx_hal_tim.o
    0x08001360   0x08001360   0x00000080   Code   RO          486    i.HAL_TIM_Base_Start_IT  stm32f4xx_hal_tim.o
    0x080013e0   0x080013e0   0x00000002   Code   RO          515    i.HAL_TIM_IC_CaptureCallback  stm32f4xx_hal_tim.o
    0x080013e2   0x080013e2   0x00000130   Code   RO          529    i.HAL_TIM_IRQHandler  stm32f4xx_hal_tim.o
    0x08001512   0x08001512   0x00000002   Code   RO          532    i.HAL_TIM_OC_DelayElapsedCallback  stm32f4xx_hal_tim.o
    0x08001514   0x08001514   0x00000002   Code   RO          559    i.HAL_TIM_PWM_PulseFinishedCallback  stm32f4xx_hal_tim.o
    0x08001516   0x08001516   0x00000002   PAD
    0x08001518   0x08001518   0x00000014   Code   RO           14    i.HAL_TIM_PeriodElapsedCallback  main.o
    0x0800152c   0x0800152c   0x00000002   Code   RO          572    i.HAL_TIM_TriggerCallback  stm32f4xx_hal_tim.o
    0x0800152e   0x0800152e   0x0000004e   Code   RO         1462    i.HAL_UARTEx_ReceiveToIdle_DMA  stm32f4xx_hal_uart.o
    0x0800157c   0x0800157c   0x000000a0   Code   RO         4483    i.HAL_UARTEx_RxEventCallback  uart.o
    0x0800161c   0x0800161c   0x00000080   Code   RO         4484    i.HAL_UART_ErrorCallback  uart.o
    0x0800169c   0x0800169c   0x00000064   Code   RO         1482    i.HAL_UART_Init     stm32f4xx_hal_uart.o
    0x08001700   0x08001700   0x000000d8   Code   RO          260    i.HAL_UART_MspInit  usart.o
    0x080017d8   0x080017d8   0x00000002   Code   RO         1488    i.HAL_UART_RxCpltCallback  stm32f4xx_hal_uart.o
    0x080017da   0x080017da   0x00000002   Code   RO         1489    i.HAL_UART_RxHalfCpltCallback  stm32f4xx_hal_uart.o
    0x080017dc   0x080017dc   0x00000002   Code   RO          305    i.HardFault_Handler  stm32f4xx_it.o
    0x080017de   0x080017de   0x00000002   PAD
    0x080017e0   0x080017e0   0x0000003c   Code   RO          235    i.MX_DMA_Init       dma.o
    0x0800181c   0x0800181c   0x00000080   Code   RO          211    i.MX_GPIO_Init      gpio.o
    0x0800189c   0x0800189c   0x00000038   Code   RO          261    i.MX_USART3_UART_Init  usart.o
    0x080018d4   0x080018d4   0x00000002   Code   RO          306    i.MemManage_Handler  stm32f4xx_it.o
    0x080018d6   0x080018d6   0x00000002   Code   RO          307    i.NMI_Handler       stm32f4xx_it.o
    0x080018d8   0x080018d8   0x00000004   Code   RO         4190    i.SEGGER_RTT_Init   segger_rtt.o
    0x080018dc   0x080018dc   0x00000090   Code   RO         4202    i.SEGGER_RTT_SetTerminal  segger_rtt.o
    0x0800196c   0x0800196c   0x00000038   Code   RO         4205    i.SEGGER_RTT_Write  segger_rtt.o
    0x080019a4   0x080019a4   0x0000005c   Code   RO         4208    i.SEGGER_RTT_WriteNoLock  segger_rtt.o
    0x08001a00   0x08001a00   0x00000016   Code   RO         4410    i.SEGGER_RTT_printf  segger_rtt_printf.o
    0x08001a16   0x08001a16   0x00000002   PAD
    0x08001a18   0x08001a18   0x000001a4   Code   RO         4411    i.SEGGER_RTT_vprintf  segger_rtt_printf.o
    0x08001bbc   0x08001bbc   0x00000014   Code   RO          308    i.SysTick_Handler   stm32f4xx_it.o
    0x08001bd0   0x08001bd0   0x00000098   Code   RO           15    i.SystemClock_Config  main.o
    0x08001c68   0x08001c68   0x00000010   Code   RO         2966    i.SystemInit        system_stm32f4xx.o
    0x08001c78   0x08001c78   0x0000000c   Code   RO          309    i.TIM7_IRQHandler   stm32f4xx_it.o
    0x08001c84   0x08001c84   0x000000d8   Code   RO          574    i.TIM_Base_SetConfig  stm32f4xx_hal_tim.o
    0x08001d5c   0x08001d5c   0x0000004a   Code   RO         1496    i.UART_DMAError     stm32f4xx_hal_uart.o
    0x08001da6   0x08001da6   0x00000086   Code   RO         1497    i.UART_DMAReceiveCplt  stm32f4xx_hal_uart.o
    0x08001e2c   0x08001e2c   0x0000001e   Code   RO         1499    i.UART_DMARxHalfCplt  stm32f4xx_hal_uart.o
    0x08001e4a   0x08001e4a   0x0000004e   Code   RO         1505    i.UART_EndRxTransfer  stm32f4xx_hal_uart.o
    0x08001e98   0x08001e98   0x0000001c   Code   RO         1506    i.UART_EndTxTransfer  stm32f4xx_hal_uart.o
    0x08001eb4   0x08001eb4   0x0000010c   Code   RO         1508    i.UART_SetConfig    stm32f4xx_hal_uart.o
    0x08001fc0   0x08001fc0   0x00000090   Code   RO         1509    i.UART_Start_Receive_DMA  stm32f4xx_hal_uart.o
    0x08002050   0x08002050   0x00000002   Code   RO          310    i.UsageFault_Handler  stm32f4xx_it.o
    0x08002052   0x08002052   0x00000002   PAD
    0x08002054   0x08002054   0x000000f0   Code   RO         4485    i.Y_uart_create_instance  uart.o
    0x08002144   0x08002144   0x00000064   Code   RO         4212    i._DoInit           segger_rtt.o
    0x080021a8   0x080021a8   0x00000016   Code   RO         4213    i._GetAvailWriteSpace  segger_rtt.o
    0x080021be   0x080021be   0x00000002   PAD
    0x080021c0   0x080021c0   0x000000c6   Code   RO         4412    i._PrintInt         segger_rtt_printf.o
    0x08002286   0x08002286   0x00000002   PAD
    0x08002288   0x08002288   0x000000d4   Code   RO         4413    i._PrintUnsigned    segger_rtt_printf.o
    0x0800235c   0x0800235c   0x0000003e   Code   RO         4414    i._StoreChar        segger_rtt_printf.o
    0x0800239a   0x0800239a   0x0000005a   Code   RO         4215    i._WriteBlocking    segger_rtt.o
    0x080023f4   0x080023f4   0x00000042   Code   RO         4216    i._WriteNoCheck     segger_rtt.o
    0x08002436   0x08002436   0x00000020   Code   RO         2575    i.__NVIC_SetPriority  stm32f4xx_hal_cortex.o
    0x08002456   0x08002456   0x00000002   PAD
    0x08002458   0x08002458   0x00000010   Code   RO         4447    i.beep_init         beep.o
    0x08002468   0x08002468   0x00000010   Code   RO         4448    i.beep_start        beep.o
    0x08002478   0x08002478   0x00000010   Code   RO         4449    i.beep_stop         beep.o
    0x08002488   0x08002488   0x00000078   Code   RO         4536    i.commucation_task  commucation.o
    0x08002500   0x08002500   0x0000003c   Code   RO         4537    i.commucation_uart_decode  commucation.o
    0x0800253c   0x0800253c   0x00000108   Code   RO          443    i.freertos_start    freertos_start.o
    0x08002644   0x08002644   0x00000032   Code   RO           16    i.main              main.o
    0x08002676   0x08002676   0x00000002   PAD
    0x08002678   0x08002678   0x00000088   Code   RO         3510    i.prvAddCurrentTaskToDelayedList  tasks.o
    0x08002700   0x08002700   0x000000f0   Code   RO         3511    i.prvAddNewTaskToReadyList  tasks.o
    0x080027f0   0x080027f0   0x00000050   Code   RO         3858    i.prvCheckForValidListAndQueue  timers.o
    0x08002840   0x08002840   0x00000026   Code   RO         3153    i.prvCopyDataFromQueue  queue.o
    0x08002866   0x08002866   0x00000014   Code   RO         3512    i.prvDeleteTCB      tasks.o
    0x0800287a   0x0800287a   0x00000002   PAD
    0x0800287c   0x0800287c   0x00000044   Code   RO         4014    i.prvHeapInit       heap_4.o
    0x080028c0   0x080028c0   0x00000060   Code   RO         3513    i.prvIdleTask       tasks.o
    0x08002920   0x08002920   0x000000a6   Code   RO         3514    i.prvInitialiseNewTask  tasks.o
    0x080029c6   0x080029c6   0x00000002   PAD
    0x080029c8   0x080029c8   0x0000004c   Code   RO         4015    i.prvInsertBlockIntoFreeList  heap_4.o
    0x08002a14   0x08002a14   0x00000038   Code   RO         3859    i.prvInsertTimerInActiveList  timers.o
    0x08002a4c   0x08002a4c   0x0000001c   Code   RO         3155    i.prvIsQueueEmpty   queue.o
    0x08002a68   0x08002a68   0x00000040   Code   RO         3860    i.prvProcessExpiredTimer  timers.o
    0x08002aa8   0x08002aa8   0x000000e4   Code   RO         3861    i.prvProcessReceivedCommands  timers.o
    0x08002b8c   0x08002b8c   0x0000006c   Code   RO         3862    i.prvProcessTimerOrBlockTask  timers.o
    0x08002bf8   0x08002bf8   0x00000028   Code   RO         3863    i.prvReloadTimer    timers.o
    0x08002c20   0x08002c20   0x0000001c   Code   RO         3516    i.prvResetNextTaskUnblockTime  tasks.o
    0x08002c3c   0x08002c3c   0x00000048   Code   RO         3864    i.prvSampleTimeNow  timers.o
    0x08002c84   0x08002c84   0x00000028   Code   RO         4076    i.prvTaskExitError  port.o
    0x08002cac   0x08002cac   0x00000024   Code   RO         3865    i.prvTimerTask      timers.o
    0x08002cd0   0x08002cd0   0x0000006a   Code   RO         3156    i.prvUnlockQueue    queue.o
    0x08002d3a   0x08002d3a   0x00000002   PAD
    0x08002d3c   0x08002d3c   0x000000c0   Code   RO         4017    i.pvPortMalloc      heap_4.o
    0x08002dfc   0x08002dfc   0x0000002c   Code   RO         4077    i.pxPortInitialiseStack  port.o
    0x08002e28   0x08002e28   0x0000002c   Code   RO         4153    i.rtt_log_init      rtt.o
    0x08002e54   0x08002e54   0x00000018   Code   RO         4154    i.rtt_print_log     rtt.o
    0x08002e6c   0x08002e6c   0x00000088   Code   RO          444    i.start_task        freertos_start.o
    0x08002ef4   0x08002ef4   0x00000024   Code   RO         4486    i.uart_service_start  uart.o
    0x08002f18   0x08002f18   0x00000026   Code   RO         3113    i.uxListRemove      list.o
    0x08002f3e   0x08002f3e   0x00000016   Code   RO         3114    i.vListInitialise   list.o
    0x08002f54   0x08002f54   0x00000006   Code   RO         3115    i.vListInitialiseItem  list.o
    0x08002f5a   0x08002f5a   0x00000030   Code   RO         3116    i.vListInsert       list.o
    0x08002f8a   0x08002f8a   0x00000018   Code   RO         3117    i.vListInsertEnd    list.o
    0x08002fa2   0x08002fa2   0x00000002   PAD
    0x08002fa4   0x08002fa4   0x00000040   Code   RO         4079    i.vPortEnterCritical  port.o
    0x08002fe4   0x08002fe4   0x00000028   Code   RO         4080    i.vPortExitCritical  port.o
    0x0800300c   0x0800300c   0x00000064   Code   RO         4018    i.vPortFree         heap_4.o
    0x08003070   0x08003070   0x00000024   Code   RO         4081    i.vPortSetupTimerInterrupt  port.o
    0x08003094   0x08003094   0x00000050   Code   RO         3162    i.vQueueAddToRegistry  queue.o
    0x080030e4   0x080030e4   0x00000044   Code   RO         3166    i.vQueueWaitForMessageRestricted  queue.o
    0x08003128   0x08003128   0x000000b0   Code   RO         3528    i.vTaskDelete       tasks.o
    0x080031d8   0x080031d8   0x00000010   Code   RO         3532    i.vTaskInternalSetTimeOutState  tasks.o
    0x080031e8   0x080031e8   0x0000000c   Code   RO         3533    i.vTaskMissedYield  tasks.o
    0x080031f4   0x080031f4   0x00000030   Code   RO         3534    i.vTaskPlaceOnEventList  tasks.o
    0x08003224   0x08003224   0x00000050   Code   RO         3535    i.vTaskPlaceOnEventListRestricted  tasks.o
    0x08003274   0x08003274   0x00000070   Code   RO         3543    i.vTaskStartScheduler  tasks.o
    0x080032e4   0x080032e4   0x00000010   Code   RO         3545    i.vTaskSuspendAll   tasks.o
    0x080032f4   0x080032f4   0x0000005c   Code   RO         3546    i.vTaskSwitchContext  tasks.o
    0x08003350   0x08003350   0x000000f4   Code   RO         4083    i.xPortStartScheduler  port.o
    0x08003444   0x08003444   0x0000002c   Code   RO         4084    i.xPortSysTickHandler  port.o
    0x08003470   0x08003470   0x0000005e   Code   RO         3169    i.xQueueGenericCreate  queue.o
    0x080034ce   0x080034ce   0x00000002   PAD
    0x080034d0   0x080034d0   0x000000b0   Code   RO         3170    i.xQueueGenericReset  queue.o
    0x08003580   0x08003580   0x00000138   Code   RO         3179    i.xQueueReceive     queue.o
    0x080036b8   0x080036b8   0x0000007c   Code   RO         3548    i.xTaskCheckForTimeOut  tasks.o
    0x08003734   0x08003734   0x0000005c   Code   RO         3549    i.xTaskCreate       tasks.o
    0x08003790   0x08003790   0x00000094   Code   RO         3550    i.xTaskDelayUntil   tasks.o
    0x08003824   0x08003824   0x0000001c   Code   RO         3556    i.xTaskGetSchedulerState  tasks.o
    0x08003840   0x08003840   0x0000000c   Code   RO         3557    i.xTaskGetTickCount  tasks.o
    0x0800384c   0x0800384c   0x00000138   Code   RO         3559    i.xTaskIncrementTick  tasks.o
    0x08003984   0x08003984   0x000000dc   Code   RO         3562    i.xTaskRemoveFromEventList  tasks.o
    0x08003a60   0x08003a60   0x0000012c   Code   RO         3563    i.xTaskResumeAll    tasks.o
    0x08003b8c   0x08003b8c   0x0000004c   Code   RO         3873    i.xTimerCreateTimerTask  timers.o
    0x08003bd8   0x08003bd8   0x0000000a   Code   RO         4734    x$fpl$fpinit        fz_wm.l(fpinit.o)
    0x08003be2   0x08003be2   0x00000008   Data   RO         2289    .constdata          stm32f4xx_hal_dma.o
    0x08003bea   0x08003bea   0x00000010   Data   RO         2967    .constdata          system_stm32f4xx.o
    0x08003bfa   0x08003bfa   0x00000008   Data   RO         2968    .constdata          system_stm32f4xx.o
    0x08003c02   0x08003c02   0x00000021   Data   RO         4218    .constdata          segger_rtt.o
    0x08003c23   0x08003c23   0x00000010   Data   RO         4415    .constdata          segger_rtt_printf.o
    0x08003c33   0x08003c33   0x00000001   PAD
    0x08003c34   0x08003c34   0x00000020   Data   RO         4792    Region$$Table       anon$$obj.o


    Execution Region RW_IRAM1 (Exec base: 0x20000000, Load base: 0x08003c54, Size: 0x00013a38, Max: 0x0001c000, ABSOLUTE)

    Exec Addr    Load Addr    Size         Type   Attr      Idx    E Section Name        Object

    0x20000000   0x08003c54   0x00000004   Data   RW          445    .data               freertos_start.o
    0x20000004   0x08003c58   0x0000000c   Data   RW         2734    .data               stm32f4xx_hal.o
    0x20000010   0x08003c64   0x00000004   Data   RW         2969    .data               system_stm32f4xx.o
    0x20000014   0x08003c68   0x00000040   Data   RW         3566    .data               tasks.o
    0x20000054   0x08003ca8   0x00000014   Data   RW         3881    .data               timers.o
    0x20000068   0x08003cbc   0x0000001c   Data   RW         4024    .data               heap_4.o
    0x20000084   0x08003cd8   0x0000000c   Data   RW         4085    .data               port.o
    0x20000090   0x08003ce4   0x00000001   Data   RW         4219    .data               segger_rtt.o
    0x20000091   0x08003ce5   0x00000003   PAD
    0x20000094   0x08003ce8   0x00000004   Data   RW         4487    .data               uart.o
    0x20000098   0x08003cec   0x00000004   Data   RW         4538    .data               commucation.o
    0x2000009c   0x08003cf0   0x00000004   Data   RW         4539    .data               commucation.o
    0x200000a0        -       0x00000108   Zero   RW          262    .bss                usart.o
    0x200001a8        -       0x00000048   Zero   RW          410    .bss                stm32f4xx_hal_timebase_tim.o
    0x200001f0        -       0x00000040   Zero   RW         3183    .bss                queue.o
    0x20000230        -       0x000000c8   Zero   RW         3565    .bss                tasks.o
    0x200002f8        -       0x00000028   Zero   RW         3880    .bss                timers.o
    0x20000320        -       0x00012c00   Zero   RW         4023    .bss                heap_4.o
    0x20012f20        -       0x000004b8   Zero   RW         4217    .bss                segger_rtt.o
    0x200133d8        -       0x00000060   Zero   RW         4664    .bss                c_w.l(libspace.o)
    0x20013438        -       0x00000200   Zero   RW            2    HEAP                startup_stm32f407xx.o
    0x20013638        -       0x00000400   Zero   RW            1    STACK               startup_stm32f407xx.o


    Execution Region RW_IRAM2 (Exec base: 0x2001c000, Load base: 0x08003cf4, Size: 0x00000000, Max: 0x00004000, ABSOLUTE)

    **** No section assigned to this execution region ****


==============================================================================

Image component sizes


      Code (inc. data)   RO Data    RW Data    ZI Data      Debug   Object Name

        48         14          0          0          0       1321   beep.o
       180         94          0          8          0       2001   commucation.o
        60          4          0          0          0        754   dma.o
         0          0          0          0          0      14588   event_groups.o
       400        248          0          4          0       1310   freertos_start.o
       128         10          0          0          0        915   gpio.o
       436         22          0         28      76800       5063   heap_4.o
       138          0          0          0          0       3382   list.o
       226         16          0          0          0     707960   main.o
       702         72          0         12          0      10452   port.o
       902         14          0          0         64      12603   queue.o
        68         28          0          0          0       1463   rtt.o
       574         44         33          1       1208      11233   segger_rtt.o
       914         16         16          0          0       5669   segger_rtt_printf.o
        64         26        392          0       1536        840   startup_stm32f407xx.o
       116         18          0         12          0       8682   stm32f4xx_hal.o
       158         14          0          0          0      33010   stm32f4xx_hal_cortex.o
       902         16          8          0          0       5775   stm32f4xx_hal_dma.o
       506         46          0          0          0       2180   stm32f4xx_hal_gpio.o
        48          6          0          0          0        822   stm32f4xx_hal_msp.o
      1408         82          0          0          0       5869   stm32f4xx_hal_rcc.o
       748         74          0          0          0       7464   stm32f4xx_hal_tim.o
         4          0          0          0          0       1617   stm32f4xx_hal_tim_ex.o
       152         20          0          0         72       1439   stm32f4xx_hal_timebase_tim.o
       938         24          0          0          0       8096   stm32f4xx_hal_uart.o
        68         18          0          0          0       4605   stm32f4xx_it.o
        16          4         24          4          0       1095   system_stm32f4xx.o
      2474        160          0         64        200      27851   tasks.o
       760         82          0         20         40      25282   timers.o
       564        276          0          4          0       4027   uart.o
       272         30          0          0        264       1840   usart.o

    ----------------------------------------------------------------------
     14010       1478        506        160      80184     919208   Object Totals
         0          0         32          0          0          0   (incl. Generated)
        36          0          1          3          0          0   (incl. Padding)

    ----------------------------------------------------------------------

      Code (inc. data)   RO Data    RW Data    ZI Data      Debug   Library Member Name

         8          0          0          0          0         68   __main.o
         0          0          0          0          0          0   __rtentry.o
        12          0          0          0          0          0   __rtentry2.o
         6          0          0          0          0          0   __rtentry4.o
        52          8          0          0          0          0   __scatter.o
        26          0          0          0          0          0   __scatter_copy.o
        28          0          0          0          0          0   __scatter_zi.o
        16          0          0          0          0         68   aeabi_memset.o
        18          0          0          0          0         80   exit.o
         6          0          0          0          0        152   heapauxi.o
         0          0          0          0          0          0   indicate_semi.o
         2          0          0          0          0          0   libinit.o
         6          0          0          0          0          0   libinit2.o
         2          0          0          0          0          0   libshutdown.o
         2          0          0          0          0          0   libshutdown2.o
         8          4          0          0         96         68   libspace.o
       238          0          0          0          0        100   lludivv7m.o
        68          0          0          0          0         68   rt_memclr.o
        78          0          0          0          0         80   rt_memclr_w.o
       138          0          0          0          0         68   rt_memcpy_v6.o
       100          0          0          0          0         80   rt_memcpy_w.o
         2          0          0          0          0          0   rtexit.o
        10          0          0          0          0          0   rtexit2.o
        12          4          0          0          0         68   sys_exit.o
        74          0          0          0          0         80   sys_stackheap_outer.o
         2          0          0          0          0         68   use_no_semi.o
        10          0          0          0          0        116   fpinit.o

    ----------------------------------------------------------------------
       928         16          0          0         96       1164   Library Totals
         4          0          0          0          0          0   (incl. Padding)

    ----------------------------------------------------------------------

      Code (inc. data)   RO Data    RW Data    ZI Data      Debug   Library Name

       914         16          0          0         96       1048   c_w.l
        10          0          0          0          0        116   fz_wm.l

    ----------------------------------------------------------------------
       928         16          0          0         96       1164   Library Totals

    ----------------------------------------------------------------------

==============================================================================


      Code (inc. data)   RO Data    RW Data    ZI Data      Debug   

     14938       1494        506        160      80280     906004   Grand Totals
     14938       1494        506        160      80280     906004   ELF Image Totals
     14938       1494        506        160          0          0   ROM Totals

==============================================================================

    Total RO  Size (Code + RO Data)                15444 (  15.08kB)
    Total RW  Size (RW Data + ZI Data)             80440 (  78.55kB)
    Total ROM Size (Code + RO Data + RW Data)      15604 (  15.24kB)

==============================================================================

