Component: ARM Compiler 5.06 update 7 (build 960) Tool: armlink [4d3601]

==============================================================================

Section Cross References

    startup_stm32f407xx.o(STACK) refers (Special) to heapauxi.o(.text) for __use_two_region_memory
    startup_stm32f407xx.o(HEAP) refers (Special) to heapauxi.o(.text) for __use_two_region_memory
    startup_stm32f407xx.o(RESET) refers (Special) to heapauxi.o(.text) for __use_two_region_memory
    startup_stm32f407xx.o(RESET) refers to startup_stm32f407xx.o(STACK) for __initial_sp
    startup_stm32f407xx.o(RESET) refers to startup_stm32f407xx.o(.text) for Reset_Handler
    startup_stm32f407xx.o(RESET) refers to stm32f4xx_it.o(i.NMI_Handler) for NMI_Handler
    startup_stm32f407xx.o(RESET) refers to stm32f4xx_it.o(i.HardFault_Handler) for HardFault_Handler
    startup_stm32f407xx.o(RESET) refers to stm32f4xx_it.o(i.MemManage_Handler) for MemManage_Handler
    startup_stm32f407xx.o(RESET) refers to stm32f4xx_it.o(i.BusFault_Handler) for BusFault_Handler
    startup_stm32f407xx.o(RESET) refers to stm32f4xx_it.o(i.UsageFault_Handler) for UsageFault_Handler
    startup_stm32f407xx.o(RESET) refers to port.o(.emb_text) for SVC_Handler
    startup_stm32f407xx.o(RESET) refers to stm32f4xx_it.o(i.DebugMon_Handler) for DebugMon_Handler
    startup_stm32f407xx.o(RESET) refers to stm32f4xx_it.o(i.SysTick_Handler) for SysTick_Handler
    startup_stm32f407xx.o(RESET) refers to stm32f4xx_it.o(i.DMA1_Stream0_IRQHandler) for DMA1_Stream0_IRQHandler
    startup_stm32f407xx.o(RESET) refers to stm32f4xx_it.o(i.DMA1_Stream1_IRQHandler) for DMA1_Stream1_IRQHandler
    startup_stm32f407xx.o(RESET) refers to stm32f4xx_it.o(i.DMA1_Stream3_IRQHandler) for DMA1_Stream3_IRQHandler
    startup_stm32f407xx.o(RESET) refers to stm32f4xx_it.o(i.USART3_IRQHandler) for USART3_IRQHandler
    startup_stm32f407xx.o(RESET) refers to stm32f4xx_it.o(i.UART5_IRQHandler) for UART5_IRQHandler
    startup_stm32f407xx.o(RESET) refers to stm32f4xx_it.o(i.TIM7_IRQHandler) for TIM7_IRQHandler
    startup_stm32f407xx.o(RESET) refers to stm32f4xx_it.o(i.DMA2_Stream4_IRQHandler) for DMA2_Stream4_IRQHandler
    startup_stm32f407xx.o(.text) refers (Special) to heapauxi.o(.text) for __use_two_region_memory
    startup_stm32f407xx.o(.text) refers to system_stm32f4xx.o(i.SystemInit) for SystemInit
    startup_stm32f407xx.o(.text) refers to __main.o(!!!main) for __main
    startup_stm32f407xx.o(.text) refers to startup_stm32f407xx.o(HEAP) for Heap_Mem
    startup_stm32f407xx.o(.text) refers to startup_stm32f407xx.o(STACK) for Stack_Mem
    freertos_start.o(i.freertos_start) refers to segger_rtt_printf.o(i.SEGGER_RTT_printf) for SEGGER_RTT_printf
    freertos_start.o(i.freertos_start) refers to tasks.o(i.xTaskCreate) for xTaskCreate
    freertos_start.o(i.freertos_start) refers to tasks.o(i.vTaskStartScheduler) for vTaskStartScheduler
    freertos_start.o(i.freertos_start) refers to freertos_start.o(.data) for .data
    freertos_start.o(i.freertos_start) refers to freertos_start.o(i.start_task) for start_task
    freertos_start.o(i.start_task) refers to segger_rtt_printf.o(i.SEGGER_RTT_printf) for SEGGER_RTT_printf
    freertos_start.o(i.start_task) refers to port.o(i.vPortEnterCritical) for vPortEnterCritical
    freertos_start.o(i.start_task) refers to tasks.o(i.xTaskCreate) for xTaskCreate
    freertos_start.o(i.start_task) refers to timers.o(i.xTimerCreate) for xTimerCreate
    freertos_start.o(i.start_task) refers to tasks.o(i.xTaskGetTickCount) for xTaskGetTickCount
    freertos_start.o(i.start_task) refers to timers.o(i.xTimerGenericCommand) for xTimerGenericCommand
    freertos_start.o(i.start_task) refers to tasks.o(i.vTaskDelete) for vTaskDelete
    freertos_start.o(i.start_task) refers to port.o(i.vPortExitCritical) for vPortExitCritical
    freertos_start.o(i.start_task) refers to commucation.o(.data) for commucation_task_handle
    freertos_start.o(i.start_task) refers to commucation.o(i.commucation_task) for commucation_task
    freertos_start.o(i.start_task) refers to chassis.o(.data) for chassis_task_handle
    freertos_start.o(i.start_task) refers to chassis.o(i.chassis_task) for chassis_task
    freertos_start.o(i.start_task) refers to daemon.o(i.deamon_timer_callback) for deamon_timer_callback
    freertos_start.o(i.start_task) refers to freertos_start.o(.data) for .data
    main.o(i.HAL_TIM_PeriodElapsedCallback) refers to stm32f4xx_hal.o(i.HAL_IncTick) for HAL_IncTick
    main.o(i.SystemClock_Config) refers to rt_memclr_w.o(.text) for __aeabi_memclr4
    main.o(i.SystemClock_Config) refers to stm32f4xx_hal_rcc.o(i.HAL_RCC_OscConfig) for HAL_RCC_OscConfig
    main.o(i.SystemClock_Config) refers to stm32f4xx_hal_rcc.o(i.HAL_RCC_ClockConfig) for HAL_RCC_ClockConfig
    main.o(i.main) refers to stm32f4xx_hal.o(i.HAL_Init) for HAL_Init
    main.o(i.main) refers to main.o(i.SystemClock_Config) for SystemClock_Config
[...]
    .conststring                             0x08005ecc   Section       73  daemon.o(.conststring)
    .conststring                             0x08005f18   Section      275  rc.o(.conststring)
    .data                                    0x20000000   Section        8  freertos_start.o(.data)
    .data                                    0x20000008   Section       12  stm32f4xx_hal.o(.data)
    .data                                    0x20000014   Section        4  system_stm32f4xx.o(.data)
    .data                                    0x20000018   Section       64  tasks.o(.data)
    uxDeletedTasksWaitingCleanUp             0x2000001c   Data           4  tasks.o(.data)
    uxCurrentNumberOfTasks                   0x20000020   Data           4  tasks.o(.data)
    xTickCount                               0x20000024   Data           4  tasks.o(.data)
    uxTopReadyPriority                       0x20000028   Data           4  tasks.o(.data)
    xSchedulerRunning                        0x2000002c   Data           4  tasks.o(.data)
    xPendedTicks                             0x20000030   Data           4  tasks.o(.data)
    xYieldPending                            0x20000034   Data           4  tasks.o(.data)
    xNumOfOverflows                          0x20000038   Data           4  tasks.o(.data)
    uxTaskNumber                             0x2000003c   Data           4  tasks.o(.data)
    xNextTaskUnblockTime                     0x20000040   Data           4  tasks.o(.data)
    xIdleTaskHandle                          0x20000044   Data           4  tasks.o(.data)
    uxSchedulerSuspended                     0x2000004c   Data           4  tasks.o(.data)
    pxDelayedTaskList                        0x20000050   Data           4  tasks.o(.data)
    pxOverflowDelayedTaskList                0x20000054   Data           4  tasks.o(.data)
    .data                                    0x20000058   Section       20  timers.o(.data)
    xTimerQueue                              0x20000058   Data           4  timers.o(.data)
    xTimerTaskHandle                         0x2000005c   Data           4  timers.o(.data)
    xLastTime                                0x20000060   Data           4  timers.o(.data)
    pxCurrentTimerList                       0x20000064   Data           4  timers.o(.data)
    pxOverflowTimerList                      0x20000068   Data           4  timers.o(.data)
    .data                                    0x2000006c   Section       28  heap_4.o(.data)
    pxEnd                                    0x2000006c   Data           4  heap_4.o(.data)
    xFreeBytesRemaining                      0x20000070   Data           4  heap_4.o(.data)
    xMinimumEverFreeBytesRemaining           0x20000074   Data           4  heap_4.o(.data)
    xNumberOfSuccessfulAllocations           0x20000078   Data           4  heap_4.o(.data)
    xNumberOfSuccessfulFrees                 0x2000007c   Data           4  heap_4.o(.data)
    xStart                                   0x20000080   Data           8  heap_4.o(.data)
    .data                                    0x20000088   Section       12  port.o(.data)
    ucMaxSysCallPriority                     0x20000088   Data           1  port.o(.data)
    uxCriticalNesting                        0x2000008c   Data           4  port.o(.data)
    ulMaxPRIGROUPValue                       0x20000090   Data           4  port.o(.data)
    .data                                    0x20000094   Section        1  segger_rtt.o(.data)
    _ActiveTerminal                          0x20000094   Data           1  segger_rtt.o(.data)
    .data                                    0x20000095   Section      256  crc8.o(.data)
    sht75_crc_table                          0x20000095   Data         256  crc8.o(.data)
    .data                                    0x20000195   Section        1  crc16.o(.data)
    crc_tab16_init                           0x20000195   Data           1  crc16.o(.data)
    .data                                    0x20000198   Section       28  led.o(.data)
    breate_state_up                          0x20000198   Data           1  led.o(.data)
    r                                        0x20000199   Data           1  led.o(.data)
    g                                        0x2000019a   Data           1  led.o(.data)
    b                                        0x2000019b   Data           1  led.o(.data)
    WS2812B_COLOR                            0x2000019c   Data           4  led.o(.data)
    WS2812B_V_RAW_VALUE                      0x200001a0   Data           4  led.o(.data)
    v_level                                  0x200001a4   Data           4  led.o(.data)
    h                                        0x200001a8   Data           4  led.o(.data)
    s                                        0x200001ac   Data           4  led.o(.data)
    v                                        0x200001b0   Data           4  led.o(.data)
    .data                                    0x200001b4   Section        1  daemon.o(.data)
    daemon_instance_count                    0x200001b4   Data           1  daemon.o(.data)
    .data                                    0x200001b5   Section        1  rc.o(.data)
    REMOTERC_INSTANCE_COUNT                  0x200001b5   Data           1  rc.o(.data)
    .data                                    0x200001b8   Section       16  commucation.o(.data)
    frame_error_count                        0x200001b8   Data           2  commucation.o(.data)
    .data                                    0x200001c8   Section        4  commucation.o(.data)
    .data                                    0x200001cc   Section        4  chassis.o(.data)
    .data                                    0x200001d0   Section        4  chassis.o(.data)
    .bss                                     0x200001d4   Section      240  tim.o(.bss)
    .bss                                     0x200002c4   Section      432  usart.o(.bss)
    .bss                                     0x20000474   Section       72  stm32f4xx_hal_timebase_tim.o(.bss)
    .bss                                     0x200004bc   Section       64  queue.o(.bss)
    .bss                                     0x200004fc   Section      200  tasks.o(.bss)
    pxReadyTasksLists                        0x200004fc   Data         100  tasks.o(.bss)
    xDelayedTaskList1                        0x20000560   Data          20  tasks.o(.bss)
    xDelayedTaskList2                        0x20000574   Data          20  tasks.o(.bss)
    xPendingReadyList                        0x20000588   Data          20  tasks.o(.bss)
    xTasksWaitingTermination                 0x2000059c   Data          20  tasks.o(.bss)
    xSuspendedTaskList                       0x200005b0   Data          20  tasks.o(.bss)
    .bss                                     0x200005c4   Section       40  timers.o(.bss)
    xActiveTimerList1                        0x200005c4   Data          20  timers.o(.bss)
    xActiveTimerList2                        0x200005d8   Data          20  timers.o(.bss)
    .bss                                     0x200005ec   Section    76800  heap_4.o(.bss)
    ucHeap                                   0x200005ec   Data       76800  heap_4.o(.bss)
    .bss                                     0x200131ec   Section     1208  segger_rtt.o(.bss)
    _acUpBuffer                              0x20013294   Data        1024  segger_rtt.o(.bss)
    _acDownBuffer                            0x20013694   Data          16  segger_rtt.o(.bss)
    .bss                                     0x200136a4   Section       12  uart.o(.bss)
    uart_instance_array                      0x200136a4   Data          12  uart.o(.bss)
    .bss                                     0x200136b0   Section      512  crc16.o(.bss)
    crc_tab16                                0x200136b0   Data         512  crc16.o(.bss)
    .bss                                     0x200138b0   Section     2952  led.o(.bss)
    led_instance_array                       0x200138b0   Data          20  led.o(.bss)
    WS2812B_LAMP_DATA                        0x200138c4   Data        2884  led.o(.bss)
    WS2812B_COLOR_CONFIG                     0x20014408   Data          48  led.o(.bss)
    .bss                                     0x20014438   Section       40  daemon.o(.bss)
    daemon_instance_array                    0x20014438   Data          40  daemon.o(.bss)
    .bss                                     0x20014460   Section       96  libspace.o(.bss)
    HEAP                                     0x200144c0   Section      512  startup_stm32f407xx.o(HEAP)
    Heap_Mem                                 0x200144c0   Data         512  startup_stm32f407xx.o(HEAP)
    STACK                                    0x200146c0   Section     1024  startup_stm32f407xx.o(STACK)
    Stack_Mem                                0x200146c0   Data        1024  startup_stm32f407xx.o(STACK)
    __initial_sp                             0x20014ac0   Data           0  startup_stm32f407xx.o(STACK)

    Global Symbols

    Symbol Name                              Value     Ov Type        Size  Object(Section)

    BuildAttributes$$THM_ISAv4$E$P$D$K$B$S$7EM$VFPi3$EXTD16$VFPS$VFMA$PE$A:L22UL41UL21$X:L11$S22US41US21$IEEE1$IW$USESV6$~STKCKD$USESV7$~SHL$OSPACE$ROPI$EBA8$UX$STANDARDLIB$REQ8$PRES8$EABIv2 0x00000000   Number         0  anon$$obj.o ABSOLUTE
    __ARM_use_no_argv                        0x00000000   Number         0  main.o ABSOLUTE
    __ARM_exceptions_init                     - Undefined Weak Reference
    __alloca_initialize                       - Undefined Weak Reference
    __arm_fini_                               - Undefined Weak Reference
    __arm_preinit_                            - Undefined Weak Reference
    __cpp_initialize__aeabi_                  - Undefined Weak Reference
    __cxa_finalize                            - Undefined Weak Reference
    __rt_locale                               - Undefined Weak Reference
    __sigvec_lookup                           - Undefined Weak Reference
    _atexit_init                              - Undefined Weak Reference
    _call_atexit_fns                          - Undefined Weak Reference
    _clock_init                               - Undefined Weak Reference
    _fp_trap_init                             - Undefined Weak Reference
    _fp_trap_shutdown                         - Undefined Weak Reference
    _get_lc_collate                           - Undefined Weak Reference
    _get_lc_ctype                             - Undefined Weak Reference
    _get_lc_monetary                          - Undefined Weak Reference
    _get_lc_numeric                           - Undefined Weak Reference
    _get_lc_time                              - Undefined Weak Reference
    _getenv_init                              - Undefined Weak Reference
    _handle_redirection                       - Undefined Weak Reference
    _init_alloc                               - Undefined Weak Reference
    _init_user_alloc                          - Undefined Weak Reference
    _initio                                   - Undefined Weak Reference
    _printf_post_padding                      - Undefined Weak Reference
    _printf_pre_padding                       - Undefined Weak Reference
    _printf_truncate_signed                   - Undefined Weak Reference
    _printf_truncate_unsigned                 - Undefined Weak Reference
    _rand_init                                - Undefined Weak Reference
    _signal_finish                            - Undefined Weak Reference
    _signal_init                              - Undefined Weak Reference
    _terminate_alloc                          - Undefined Weak Reference
    _terminate_user_alloc                     - Undefined Weak Reference
    _terminateio                              - Undefined Weak Reference
    __Vectors_Size                           0x00000188   Number         0  startup_stm32f407xx.o ABSOLUTE
    __Vectors                                0x08000000   Data           4  startup_stm32f407xx.o(RESET)
    __Vectors_End                            0x08000188   Data           0  startup_stm32f407xx.o(RESET)
    __main                                   0x08000189   Thumb Code     8  __main.o(!!!main)
    __scatterload                            0x08000191   Thumb Code     0  __scatter.o(!!!scatter)
    __scatterload_rt2                        0x08000191   Thumb Code    44  __scatter.o(!!!scatter)
    __scatterload_rt2_thumb_only             0x08000191   Thumb Code     0  __scatter.o(!!!scatter)
    __scatterload_null                       0x0800019f   Thumb Code     0  __scatter.o(!!!scatter)
    __decompress                             0x080001c5   Thumb Code    58  __dczerorl.o(!!dczerorl)
    __decompress0                            0x080001c5   Thumb Code     0  __dczerorl.o(!!dczerorl)
    __scatterload_zeroinit                   0x08000201   Thumb Code    28  __scatter_zi.o(!!handler_zi)
    __rt_lib_init                            0x0800021d   Thumb Code     0  libinit.o(.ARM.Collect$$libinit$$00000000)
    __rt_lib_init_fp_1                       0x0800021f   Thumb Code     0  libinit2.o(.ARM.Collect$$libinit$$00000001)
    __rt_lib_init_alloca_1                   0x08000223   Thumb Code     0  libinit2.o(.ARM.Collect$$libinit$$0000002E)
    __rt_lib_init_argv_1                     0x08000223   Thumb Code     0  libinit2.o(.ARM.Collect$$libinit$$0000002C)
    __rt_lib_init_atexit_1                   0x08000223   Thumb Code     0  libinit2.o(.ARM.Collect$$libinit$$0000001B)
    __rt_lib_init_clock_1                    0x08000223   Thumb Code     0  libinit2.o(.ARM.Collect$$libinit$$00000021)
    __rt_lib_init_cpp_1                      0x08000223   Thumb Code     0  libinit2.o(.ARM.Collect$$libinit$$00000032)
    __rt_lib_init_exceptions_1               0x08000223   Thumb Code     0  libinit2.o(.ARM.Collect$$libinit$$00000030)
    __rt_lib_init_fp_trap_1                  0x08000223   Thumb Code     0  libinit2.o(.ARM.Collect$$libinit$$0000001F)
    __rt_lib_init_getenv_1                   0x08000223   Thumb Code     0  libinit2.o(.ARM.Collect$$libinit$$00000023)
    __rt_lib_init_heap_1                     0x08000223   Thumb Code     0  libinit2.o(.ARM.Collect$$libinit$$0000000A)
    __rt_lib_init_lc_collate_1               0x08000223   Thumb Code     0  libinit2.o(.ARM.Collect$$libinit$$00000011)
    __rt_lib_init_lc_ctype_1                 0x08000223   Thumb Code     0  libinit2.o(.ARM.Collect$$libinit$$00000013)
    __rt_lib_init_lc_monetary_1              0x08000223   Thumb Code     0  libinit2.o(.ARM.Collect$$libinit$$00000015)
    __rt_lib_init_lc_numeric_1               0x08000223   Thumb Code     0  libinit2.o(.ARM.Collect$$libinit$$00000017)
    __rt_lib_init_lc_time_1                  0x08000223   Thumb Code     0  libinit2.o(.ARM.Collect$$libinit$$00000019)
    __rt_lib_init_preinit_1                  0x08000223   Thumb Code     0  libinit2.o(.ARM.Collect$$libinit$$00000004)
    __rt_lib_init_rand_1                     0x08000223   Thumb Code     0  libinit2.o(.ARM.Collect$$libinit$$0000000E)
    __rt_lib_init_return                     0x08000223   Thumb Code     0  libinit2.o(.ARM.Collect$$libinit$$00000033)
    __rt_lib_init_signal_1                   0x08000223   Thumb Code     0  libinit2.o(.ARM.Collect$$libinit$$0000001D)
    __rt_lib_init_stdio_1                    0x08000223   Thumb Code     0  libinit2.o(.ARM.Collect$$libinit$$00000025)
    __rt_lib_init_user_alloc_1               0x08000223   Thumb Code     0  libinit2.o(.ARM.Collect$$libinit$$0000000C)
    __rt_lib_shutdown                        0x08000225   Thumb Code     0  libshutdown.o(.ARM.Collect$$libshutdown$$00000000)
    __rt_lib_shutdown_cpp_1                  0x08000227   Thumb Code     0  libshutdown2.o(.ARM.Collect$$libshutdown$$00000004)
    __rt_lib_shutdown_fini_1                 0x08000227   Thumb Code     0  libshutdown2.o(.ARM.Collect$$libshutdown$$00000002)
    __rt_lib_shutdown_fp_trap_1              0x08000227   Thumb Code     0  libshutdown2.o(.ARM.Collect$$libshutdown$$00000009)
    __rt_lib_shutdown_heap_1                 0x08000227   Thumb Code     0  libshutdown2.o(.ARM.Collect$$libshutdown$$00000011)
    __rt_lib_shutdown_return                 0x08000227   Thumb Code     0  libshutdown2.o(.ARM.Collect$$libshutdown$$00000012)
    __rt_lib_shutdown_signal_1               0x08000227   Thumb Code     0  libshutdown2.o(.ARM.Collect$$libshutdown$$0000000C)
    __rt_lib_shutdown_stdio_1                0x08000227   Thumb Code     0  libshutdown2.o(.ARM.Collect$$libshutdown$$00000006)
    __rt_lib_shutdown_user_alloc_1           0x08000227   Thumb Code     0  libshutdown2.o(.ARM.Collect$$libshutdown$$0000000E)
    __rt_entry                               0x08000229   Thumb Code     0  __rtentry.o(.ARM.Collect$$rtentry$$00000000)
    __rt_entry_presh_1                       0x08000229   Thumb Code     0  __rtentry2.o(.ARM.Collect$$rtentry$$00000002)
    __rt_entry_sh                            0x08000229   Thumb Code     0  __rtentry4.o(.ARM.Collect$$rtentry$$00000004)
    __rt_entry_li                            0x0800022f   Thumb Code     0  __rtentry2.o(.ARM.Collect$$rtentry$$0000000A)
    __rt_entry_postsh_1                      0x0800022f   Thumb Code     0  __rtentry2.o(.ARM.Collect$$rtentry$$00000009)
    __rt_entry_main                          0x08000233   Thumb Code     0  __rtentry2.o(.ARM.Collect$$rtentry$$0000000D)
    __rt_entry_postli_1                      0x08000233   Thumb Code     0  __rtentry2.o(.ARM.Collect$$rtentry$$0000000C)
    __rt_exit                                0x0800023b   Thumb Code     0  rtexit.o(.ARM.Collect$$rtexit$$00000000)
    __rt_exit_ls                             0x0800023d   Thumb Code     0  rtexit2.o(.ARM.Collect$$rtexit$$00000003)
    __rt_exit_prels_1                        0x0800023d   Thumb Code     0  rtexit2.o(.ARM.Collect$$rtexit$$00000002)
    __rt_exit_exit                           0x08000241   Thumb Code     0  rtexit2.o(.ARM.Collect$$rtexit$$00000004)
    SVC_Handler                              0x08000249   Thumb Code    28  port.o(.emb_text)
    __asm___6_port_c_39a90d8d__prvStartFirstTask 0x08000269   Thumb Code    36  port.o(.emb_text)
    __asm___6_port_c_39a90d8d__prvEnableVFP  0x08000291   Thumb Code    16  port.o(.emb_text)
    PendSV_Handler                           0x080002a5   Thumb Code    88  port.o(.emb_text)
    vPortGetIPSR                             0x08000301   Thumb Code     6  port.o(.emb_text)
    Reset_Handler                            0x08000309   Thumb Code     8  startup_stm32f407xx.o(.text)
    ADC_IRQHandler                           0x08000323   Thumb Code     0  startup_stm32f407xx.o(.text)
    CAN1_RX0_IRQHandler                      0x08000323   Thumb Code     0  startup_stm32f407xx.o(.text)
    CAN1_RX1_IRQHandler                      0x08000323   Thumb Code     0  startup_stm32f407xx.o(.text)
    CAN1_SCE_IRQHandler                      0x08000323   Thumb Code     0  startup_stm32f407xx.o(.text)
    CAN1_TX_IRQHandler                       0x08000323   Thumb Code     0  startup_stm32f407xx.o(.text)
    CAN2_RX0_IRQHandler                      0x08000323   Thumb Code     0  startup_stm32f407xx.o(.text)
    CAN2_RX1_IRQHandler                      0x08000323   Thumb Code     0  startup_stm32f407xx.o(.text)
    CAN2_SCE_IRQHandler                      0x08000323   Thumb Code     0  startup_stm32f407xx.o(.text)
    CAN2_TX_IRQHandler                       0x08000323   Thumb Code     0  startup_stm32f407xx.o(.text)
    DCMI_IRQHandler                          0x08000323   Thumb Code     0  startup_stm32f407xx.o(.text)
    DMA1_Stream2_IRQHandler                  0x08000323   Thumb Code     0  startup_stm32f407xx.o(.text)
    DMA1_Stream4_IRQHandler                  0x08000323   Thumb Code     0  startup_stm32f407xx.o(.text)
    DMA1_Stream5_IRQHandler                  0x08000323   Thumb Code     0  startup_stm32f407xx.o(.text)
    DMA1_Stream6_IRQHandler                  0x08000323   Thumb Code     0  startup_stm32f407xx.o(.text)
    DMA1_Stream7_IRQHandler                  0x08000323   Thumb Code     0  startup_stm32f407xx.o(.text)
    DMA2_Stream0_IRQHandler                  0x08000323   Thumb Code     0  startup_stm32f407xx.o(.text)
    DMA2_Stream1_IRQHandler                  0x08000323   Thumb Code     0  startup_stm32f407xx.o(.text)
    DMA2_Stream2_IRQHandler                  0x08000323   Thumb Code     0  startup_stm32f407xx.o(.text)
    DMA2_Stream3_IRQHandler                  0x08000323   Thumb Code     0  startup_stm32f407xx.o(.text)
    DMA2_Stream5_IRQHandler                  0x08000323   Thumb Code     0  startup_stm32f407xx.o(.text)
    DMA2_Stream6_IRQHandler                  0x08000323   Thumb Code     0  startup_stm32f407xx.o(.text)
    DMA2_Stream7_IRQHandler                  0x08000323   Thumb Code     0  startup_stm32f407xx.o(.text)
    ETH_IRQHandler                           0x08000323   Thumb Code     0  startup_stm32f407xx.o(.text)
    ETH_WKUP_IRQHandler                      0x08000323   Thumb Code     0  startup_stm32f407xx.o(.text)
    EXTI0_IRQHandler                         0x08000323   Thumb Code     0  startup_stm32f407xx.o(.text)
    EXTI15_10_IRQHandler                     0x08000323   Thumb Code     0  startup_stm32f407xx.o(.text)
    EXTI1_IRQHandler                         0x08000323   Thumb Code     0  startup_stm32f407xx.o(.text)
    EXTI2_IRQHandler                         0x08000323   Thumb Code     0  startup_stm32f407xx.o(.text)
    EXTI3_IRQHandler                         0x08000323   Thumb Code     0  startup_stm32f407xx.o(.text)
    EXTI4_IRQHandler                         0x08000323   Thumb Code     0  startup_stm32f407xx.o(.text)
    EXTI9_5_IRQHandler                       0x08000323   Thumb Code     0  startup_stm32f407xx.o(.text)
    FLASH_IRQHandler                         0x08000323   Thumb Code     0  startup_stm32f407xx.o(.text)
    FMC_IRQHandler                           0x08000323   Thumb Code     0  startup_stm32f407xx.o(.text)
    FPU_IRQHandler                           0x08000323   Thumb Code     0  startup_stm32f407xx.o(.text)
    HASH_RNG_IRQHandler                      0x08000323   Thumb Code     0  startup_stm32f407xx.o(.text)
    I2C1_ER_IRQHandler                       0x08000323   Thumb Code     0  startup_stm32f407xx.o(.text)
    I2C1_EV_IRQHandler                       0x08000323   Thumb Code     0  startup_stm32f407xx.o(.text)
    I2C2_ER_IRQHandler                       0x08000323   Thumb Code     0  startup_stm32f407xx.o(.text)
    I2C2_EV_IRQHandler                       0x08000323   Thumb Code     0  startup_stm32f407xx.o(.text)
    I2C3_ER_IRQHandler                       0x08000323   Thumb Code     0  startup_stm32f407xx.o(.text)
    I2C3_EV_IRQHandler                       0x08000323   Thumb Code     0  startup_stm32f407xx.o(.text)
    OTG_FS_IRQHandler                        0x08000323   Thumb Code     0  startup_stm32f407xx.o(.text)
    OTG_FS_WKUP_IRQHandler                   0x08000323   Thumb Code     0  startup_stm32f407xx.o(.text)
    OTG_HS_EP1_IN_IRQHandler                 0x08000323   Thumb Code     0  startup_stm32f407xx.o(.text)
    OTG_HS_EP1_OUT_IRQHandler                0x08000323   Thumb Code     0  startup_stm32f407xx.o(.text)
    OTG_HS_IRQHandler                        0x08000323   Thumb Code     0  startup_stm32f407xx.o(.text)
    OTG_HS_WKUP_IRQHandler                   0x08000323   Thumb Code     0  startup_stm32f407xx.o(.text)
    PVD_IRQHandler                           0x08000323   Thumb Code     0  startup_stm32f407xx.o(.text)
    RCC_IRQHandler                           0x08000323   Thumb Code     0  startup_stm32f407xx.o(.text)
    RTC_Alarm_IRQHandler                     0x08000323   Thumb Code     0  startup_stm32f407xx.o(.text)
    RTC_WKUP_IRQHandler                      0x08000323   Thumb Code     0  startup_stm32f407xx.o(.text)
    SDIO_IRQHandler                          0x08000323   Thumb Code     0  startup_stm32f407xx.o(.text)
    SPI1_IRQHandler                          0x08000323   Thumb Code     0  startup_stm32f407xx.o(.text)
    SPI2_IRQHandler                          0x08000323   Thumb Code     0  startup_stm32f407xx.o(.text)
    SPI3_IRQHandler                          0x08000323   Thumb Code     0  startup_stm32f407xx.o(.text)
    TAMP_STAMP_IRQHandler                    0x08000323   Thumb Code     0  startup_stm32f407xx.o(.text)
    TIM1_BRK_TIM9_IRQHandler                 0x08000323   Thumb Code     0  startup_stm32f407xx.o(.text)
    TIM1_CC_IRQHandler                       0x08000323   Thumb Code     0  startup_stm32f407xx.o(.text)
    TIM1_TRG_COM_TIM11_IRQHandler            0x08000323   Thumb Code     0  startup_stm32f407xx.o(.text)
    TIM1_UP_TIM10_IRQHandler                 0x08000323   Thumb Code     0  startup_stm32f407xx.o(.text)
    TIM2_IRQHandler                          0x08000323   Thumb Code     0  startup_stm32f407xx.o(.text)
    TIM3_IRQHandler                          0x08000323   Thumb Code     0  startup_stm32f407xx.o(.text)
    TIM4_IRQHandler                          0x08000323   Thumb Code     0  startup_stm32f407xx.o(.text)
    TIM5_IRQHandler                          0x08000323   Thumb Code     0  startup_stm32f407xx.o(.text)
    TIM6_DAC_IRQHandler                      0x08000323   Thumb Code     0  startup_stm32f407xx.o(.text)
    TIM8_BRK_TIM12_IRQHandler                0x08000323   Thumb Code     0  startup_stm32f407xx.o(.text)
    TIM8_CC_IRQHandler                       0x08000323   Thumb Code     0  startup_stm32f407xx.o(.text)
    TIM8_TRG_COM_TIM14_IRQHandler            0x08000323   Thumb Code     0  startup_stm32f407xx.o(.text)
    TIM8_UP_TIM13_IRQHandler                 0x08000323   Thumb Code     0  startup_stm32f407xx.o(.text)
    UART4_IRQHandler                         0x08000323   Thumb Code     0  startup_stm32f407xx.o(.text)
    USART1_IRQHandler                        0x08000323   Thumb Code     0  startup_stm32f407xx.o(.text)
    USART2_IRQHandler                        0x08000323   Thumb Code     0  startup_stm32f407xx.o(.text)
    USART6_IRQHandler                        0x08000323   Thumb Code     0  startup_stm32f407xx.o(.text)
    WWDG_IRQHandler                          0x08000323   Thumb Code     0  startup_stm32f407xx.o(.text)
    __user_initial_stackheap                 0x08000325   Thumb Code     0  startup_stm32f407xx.o(.text)
    __aeabi_uldivmod                         0x08000349   Thumb Code     0  lludivv7m.o(.text)
    _ll_udiv                                 0x08000349   Thumb Code   238  lludivv7m.o(.text)
    __aeabi_memcpy                           0x08000437   Thumb Code     0  rt_memcpy_v6.o(.text)
    __rt_memcpy                              0x08000437   Thumb Code   138  rt_memcpy_v6.o(.text)
    _memcpy_lastbytes                        0x0800049d   Thumb Code     0  rt_memcpy_v6.o(.text)
    __aeabi_memset                           0x080004c1   Thumb Code    16  aeabi_memset.o(.text)
    __aeabi_memclr                           0x080004d1   Thumb Code     0  rt_memclr.o(.text)
    __rt_memclr                              0x080004d1   Thumb Code    68  rt_memclr.o(.text)
    _memset                                  0x080004d5   Thumb Code     0  rt_memclr.o(.text)
    __aeabi_memclr4                          0x08000515   Thumb Code     0  rt_memclr_w.o(.text)
    __aeabi_memclr8                          0x08000515   Thumb Code     0  rt_memclr_w.o(.text)
    __rt_memclr_w                            0x08000515   Thumb Code    78  rt_memclr_w.o(.text)
    _memset_w                                0x08000519   Thumb Code     0  rt_memclr_w.o(.text)
    __use_two_region_memory                  0x08000563   Thumb Code     2  heapauxi.o(.text)
    __rt_heap_escrow$2region                 0x08000565   Thumb Code     2  heapauxi.o(.text)
    __rt_heap_expand$2region                 0x08000567   Thumb Code     2  heapauxi.o(.text)
    __aeabi_memcpy4                          0x08000569   Thumb Code     0  rt_memcpy_w.o(.text)
    __aeabi_memcpy8                          0x08000569   Thumb Code     0  rt_memcpy_w.o(.text)
    __rt_memcpy_w                            0x08000569   Thumb Code   100  rt_memcpy_w.o(.text)
    _memcpy_lastbytes_aligned                0x080005b1   Thumb Code     0  rt_memcpy_w.o(.text)
    __user_setup_stackheap                   0x080005cd   Thumb Code    74  sys_stackheap_outer.o(.text)
    exit                                     0x08000617   Thumb Code    18  exit.o(.text)
    __user_libspace                          0x08000629   Thumb Code     8  libspace.o(.text)
    __user_perproc_libspace                  0x08000629   Thumb Code     0  libspace.o(.text)
    __user_perthread_libspace                0x08000629   Thumb Code     0  libspace.o(.text)
    _sys_exit                                0x08000631   Thumb Code     8  sys_exit.o(.text)
    __I$use$semihosting                      0x0800063d   Thumb Code     0  use_no_semi.o(.text)
    __use_no_semihosting_swi                 0x0800063d   Thumb Code     2  use_no_semi.o(.text)
    BusFault_Handler                         0x0800063f   Thumb Code     2  stm32f4xx_it.o(i.BusFault_Handler)
    __semihosting_library_function           0x0800063f   Thumb Code     0  indicate_semi.o(.text)
    DMA1_Stream0_IRQHandler                  0x08000641   Thumb Code     6  stm32f4xx_it.o(i.DMA1_Stream0_IRQHandler)
    DMA1_Stream1_IRQHandler                  0x0800064d   Thumb Code     6  stm32f4xx_it.o(i.DMA1_Stream1_IRQHandler)
    DMA1_Stream3_IRQHandler                  0x08000659   Thumb Code     6  stm32f4xx_it.o(i.DMA1_Stream3_IRQHandler)
    DMA2_Stream4_IRQHandler                  0x08000665   Thumb Code     6  stm32f4xx_it.o(i.DMA2_Stream4_IRQHandler)
    DebugMon_Handler                         0x08000715   Thumb Code     2  stm32f4xx_it.o(i.DebugMon_Handler)
    Error_Handler                            0x08000717   Thumb Code     4  main.o(i.Error_Handler)
    HAL_DMA_Abort                            0x0800071b   Thumb Code   146  stm32f4xx_hal_dma.o(i.HAL_DMA_Abort)
    HAL_DMA_Abort_IT                         0x080007ad   Thumb Code    36  stm32f4xx_hal_dma.o(i.HAL_DMA_Abort_IT)
    HAL_DMA_IRQHandler                       0x080007d1   Thumb Code   412  stm32f4xx_hal_dma.o(i.HAL_DMA_IRQHandler)
    HAL_DMA_Init                             0x08000971   Thumb Code   206  stm32f4xx_hal_dma.o(i.HAL_DMA_Init)
    HAL_DMA_Start_IT                         0x08000a45   Thumb Code   110  stm32f4xx_hal_dma.o(i.HAL_DMA_Start_IT)
    HAL_Delay                                0x08000ab5   Thumb Code    32  stm32f4xx_hal.o(i.HAL_Delay)
    HAL_GPIO_Init                            0x08000ad9   Thumb Code   450  stm32f4xx_hal_gpio.o(i.HAL_GPIO_Init)
    HAL_GPIO_WritePin                        0x08000cc9   Thumb Code    10  stm32f4xx_hal_gpio.o(i.HAL_GPIO_WritePin)
    HAL_GetTick                              0x08000cd5   Thumb Code     6  stm32f4xx_hal.o(i.HAL_GetTick)
    HAL_IncTick                              0x08000ce1   Thumb Code    12  stm32f4xx_hal.o(i.HAL_IncTick)
    HAL_Init                                 0x08000cf1   Thumb Code    48  stm32f4xx_hal.o(i.HAL_Init)
    HAL_InitTick                             0x08000d25   Thumb Code   132  stm32f4xx_hal_timebase_tim.o(i.HAL_InitTick)
    HAL_MspInit                              0x08000dbd   Thumb Code    42  stm32f4xx_hal_msp.o(i.HAL_MspInit)
    HAL_NVIC_EnableIRQ                       0x08000ded   Thumb Code    26  stm32f4xx_hal_cortex.o(i.HAL_NVIC_EnableIRQ)
    HAL_NVIC_SetPriority                     0x08000e09   Thumb Code    60  stm32f4xx_hal_cortex.o(i.HAL_NVIC_SetPriority)
    HAL_NVIC_SetPriorityGrouping             0x08000e49   Thumb Code    26  stm32f4xx_hal_cortex.o(i.HAL_NVIC_SetPriorityGrouping)
    HAL_RCC_ClockConfig                      0x08000e6d   Thumb Code   288  stm32f4xx_hal_rcc.o(i.HAL_RCC_ClockConfig)
    HAL_RCC_GetClockConfig                   0x08000fa1   Thumb Code    54  stm32f4xx_hal_rcc.o(i.HAL_RCC_GetClockConfig)
    HAL_RCC_GetPCLK1Freq                     0x08000fe1   Thumb Code    20  stm32f4xx_hal_rcc.o(i.HAL_RCC_GetPCLK1Freq)
    HAL_RCC_GetPCLK2Freq                     0x08001001   Thumb Code    20  stm32f4xx_hal_rcc.o(i.HAL_RCC_GetPCLK2Freq)
    HAL_RCC_GetSysClockFreq                  0x08001021   Thumb Code    88  stm32f4xx_hal_rcc.o(i.HAL_RCC_GetSysClockFreq)
    HAL_RCC_OscConfig                        0x08001081   Thumb Code   856  stm32f4xx_hal_rcc.o(i.HAL_RCC_OscConfig)
    HAL_TIMEx_BreakCallback                  0x080013ed   Thumb Code     2  stm32f4xx_hal_tim_ex.o(i.HAL_TIMEx_BreakCallback)
    HAL_TIMEx_CommutCallback                 0x080013ef   Thumb Code     2  stm32f4xx_hal_tim_ex.o(i.HAL_TIMEx_CommutCallback)
    HAL_TIMEx_ConfigBreakDeadTime            0x080013f1   Thumb Code    84  stm32f4xx_hal_tim_ex.o(i.HAL_TIMEx_ConfigBreakDeadTime)
    HAL_TIMEx_MasterConfigSynchronization    0x08001445   Thumb Code   116  stm32f4xx_hal_tim_ex.o(i.HAL_TIMEx_MasterConfigSynchronization)
    HAL_TIM_Base_Init                        0x080014d5   Thumb Code    90  stm32f4xx_hal_tim.o(i.HAL_TIM_Base_Init)
    HAL_TIM_Base_MspInit                     0x08001531   Thumb Code   120  tim.o(i.HAL_TIM_Base_MspInit)
    HAL_TIM_Base_Start_IT                    0x080015bd   Thumb Code   100  stm32f4xx_hal_tim.o(i.HAL_TIM_Base_Start_IT)
    HAL_TIM_ConfigClockSource                0x0800163d   Thumb Code   220  stm32f4xx_hal_tim.o(i.HAL_TIM_ConfigClockSource)
    HAL_TIM_ErrorCallback                    0x08001719   Thumb Code     2  stm32f4xx_hal_tim.o(i.HAL_TIM_ErrorCallback)
    HAL_TIM_IC_CaptureCallback               0x0800171b   Thumb Code     2  stm32f4xx_hal_tim.o(i.HAL_TIM_IC_CaptureCallback)
    HAL_TIM_IRQHandler                       0x0800171d   Thumb Code   304  stm32f4xx_hal_tim.o(i.HAL_TIM_IRQHandler)
    HAL_TIM_MspPostInit                      0x0800184d   Thumb Code   112  tim.o(i.HAL_TIM_MspPostInit)
    HAL_TIM_OC_DelayElapsedCallback          0x080018d1   Thumb Code     2  stm32f4xx_hal_tim.o(i.HAL_TIM_OC_DelayElapsedCallback)
    HAL_TIM_PWM_ConfigChannel                0x080018d3   Thumb Code   204  stm32f4xx_hal_tim.o(i.HAL_TIM_PWM_ConfigChannel)
    HAL_TIM_PWM_Init                         0x0800199f   Thumb Code    90  stm32f4xx_hal_tim.o(i.HAL_TIM_PWM_Init)
    HAL_TIM_PWM_MspInit                      0x080019f9   Thumb Code     2  stm32f4xx_hal_tim.o(i.HAL_TIM_PWM_MspInit)
    HAL_TIM_PWM_PulseFinishedCallback        0x080019fd   Thumb Code    16  led.o(i.HAL_TIM_PWM_PulseFinishedCallback)
    HAL_TIM_PWM_PulseFinishedHalfCpltCallback 0x08001a11   Thumb Code     2  stm32f4xx_hal_tim.o(i.HAL_TIM_PWM_PulseFinishedHalfCpltCallback)
    HAL_TIM_PWM_Start                        0x08001a15   Thumb Code   172  stm32f4xx_hal_tim.o(i.HAL_TIM_PWM_Start)
    HAL_TIM_PWM_Start_DMA                    0x08001add   Thumb Code   406  stm32f4xx_hal_tim.o(i.HAL_TIM_PWM_Start_DMA)
    HAL_TIM_PWM_Stop_DMA                     0x08001c9d   Thumb Code   196  stm32f4xx_hal_tim.o(i.HAL_TIM_PWM_Stop_DMA)
    HAL_TIM_PeriodElapsedCallback            0x08001d69   Thumb Code    14  main.o(i.HAL_TIM_PeriodElapsedCallback)
    HAL_TIM_TriggerCallback                  0x08001d7d   Thumb Code     2  stm32f4xx_hal_tim.o(i.HAL_TIM_TriggerCallback)
    HAL_UARTEx_ReceiveToIdle_DMA             0x08001d7f   Thumb Code    78  stm32f4xx_hal_uart.o(i.HAL_UARTEx_ReceiveToIdle_DMA)
    HAL_UARTEx_RxEventCallback               0x08001dcd   Thumb Code    88  uart.o(i.HAL_UARTEx_RxEventCallback)
    HAL_UART_ErrorCallback                   0x08001e6d   Thumb Code    58  uart.o(i.HAL_UART_ErrorCallback)
    HAL_UART_IRQHandler                      0x08001eed   Thumb Code   618  stm32f4xx_hal_uart.o(i.HAL_UART_IRQHandler)
    HAL_UART_Init                            0x0800215d   Thumb Code   100  stm32f4xx_hal_uart.o(i.HAL_UART_Init)
    HAL_UART_MspInit                         0x080021c1   Thumb Code   370  usart.o(i.HAL_UART_MspInit)
    HAL_UART_RxCpltCallback                  0x08002355   Thumb Code     2  stm32f4xx_hal_uart.o(i.HAL_UART_RxCpltCallback)
    HAL_UART_RxHalfCpltCallback              0x08002357   Thumb Code     2  stm32f4xx_hal_uart.o(i.HAL_UART_RxHalfCpltCallback)
    HAL_UART_TxCpltCallback                  0x08002359   Thumb Code     2  stm32f4xx_hal_uart.o(i.HAL_UART_TxCpltCallback)
    HardFault_Handler                        0x0800235b   Thumb Code     2  stm32f4xx_it.o(i.HardFault_Handler)
    MX_DMA_Init                              0x0800235d   Thumb Code   104  dma.o(i.MX_DMA_Init)
    MX_GPIO_Init                             0x080023c9   Thumb Code   150  gpio.o(i.MX_GPIO_Init)
    MX_TIM1_Init                             0x08002469   Thumb Code   188  tim.o(i.MX_TIM1_Init)
    MX_TIM4_Init                             0x0800252d   Thumb Code   178  tim.o(i.MX_TIM4_Init)
    MX_UART5_Init                            0x080025e9   Thumb Code    54  usart.o(i.MX_UART5_Init)
    MX_USART3_UART_Init                      0x0800262d   Thumb Code    48  usart.o(i.MX_USART3_UART_Init)
    MemManage_Handler                        0x08002665   Thumb Code     2  stm32f4xx_it.o(i.MemManage_Handler)
    NMI_Handler                              0x08002667   Thumb Code     2  stm32f4xx_it.o(i.NMI_Handler)
    SEGGER_RTT_Init                          0x08002669   Thumb Code     4  segger_rtt.o(i.SEGGER_RTT_Init)
    SEGGER_RTT_SetTerminal                   0x0800266d   Thumb Code   130  segger_rtt.o(i.SEGGER_RTT_SetTerminal)
    SEGGER_RTT_Write                         0x080026fd   Thumb Code    52  segger_rtt.o(i.SEGGER_RTT_Write)
    SEGGER_RTT_WriteNoLock                   0x08002735   Thumb Code    86  segger_rtt.o(i.SEGGER_RTT_WriteNoLock)
    SEGGER_RTT_printf                        0x08002791   Thumb Code    22  segger_rtt_printf.o(i.SEGGER_RTT_printf)
    SEGGER_RTT_vprintf                       0x080027a9   Thumb Code   410  segger_rtt_printf.o(i.SEGGER_RTT_vprintf)
    SysTick_Handler                          0x0800294d   Thumb Code    20  stm32f4xx_it.o(i.SysTick_Handler)
    SystemClock_Config                       0x08002961   Thumb Code   142  main.o(i.SystemClock_Config)
    SystemInit                               0x080029f9   Thumb Code    12  system_stm32f4xx.o(i.SystemInit)
    TIM7_IRQHandler                          0x08002a09   Thumb Code     6  stm32f4xx_it.o(i.TIM7_IRQHandler)
    TIM_Base_SetConfig                       0x08002a15   Thumb Code   170  stm32f4xx_hal_tim.o(i.TIM_Base_SetConfig)
    TIM_CCxChannelCmd                        0x08002aed   Thumb Code    26  stm32f4xx_hal_tim.o(i.TIM_CCxChannelCmd)
    TIM_DMADelayPulseHalfCplt                0x08002b65   Thumb Code    56  stm32f4xx_hal_tim.o(i.TIM_DMADelayPulseHalfCplt)
    TIM_DMAError                             0x08002b9d   Thumb Code    84  stm32f4xx_hal_tim.o(i.TIM_DMAError)
    TIM_ETR_SetConfig                        0x08002bf1   Thumb Code    20  stm32f4xx_hal_tim.o(i.TIM_ETR_SetConfig)
    TIM_OC2_SetConfig                        0x08002c75   Thumb Code    98  stm32f4xx_hal_tim.o(i.TIM_OC2_SetConfig)
    UART5_IRQHandler                         0x08002de1   Thumb Code     6  stm32f4xx_it.o(i.UART5_IRQHandler)
    UART_Start_Receive_DMA                   0x08003125   Thumb Code   130  stm32f4xx_hal_uart.o(i.UART_Start_Receive_DMA)
    USART3_IRQHandler                        0x080031b5   Thumb Code     6  stm32f4xx_it.o(i.USART3_IRQHandler)
    UsageFault_Handler                       0x080031c1   Thumb Code     2  stm32f4xx_it.o(i.UsageFault_Handler)
    Y_daemon_create_instance                 0x080031c5   Thumb Code    90  daemon.o(i.Y_daemon_create_instance)
    Y_led_creat_instance                     0x08003241   Thumb Code   158  led.o(i.Y_led_creat_instance)
    Y_rc_create_instance                     0x08003369   Thumb Code   110  rc.o(i.Y_rc_create_instance)
    Y_uart_create_instance                   0x08003405   Thumb Code   134  uart.o(i.Y_uart_create_instance)
    beep_init                                0x08003829   Thumb Code    12  beep.o(i.beep_init)
    beep_start                               0x08003839   Thumb Code    10  beep.o(i.beep_start)
    beep_stop                                0x08003849   Thumb Code    12  beep.o(i.beep_stop)
    chassis_task                             0x08003901   Thumb Code    54  chassis.o(i.chassis_task)
    commucation_task                         0x08003a29   Thumb Code    92  commucation.o(i.commucation_task)
    crc16_check                              0x08003ac1   Thumb Code    52  commucation.o(i.crc16_check)
    crc8_check                               0x08003af5   Thumb Code    40  commucation.o(i.crc8_check)
    crc_16                                   0x08003b1d   Thumb Code    56  crc16.o(i.crc_16)
    crc_8                                    0x08003b5d   Thumb Code    32  crc8.o(i.crc_8)
    deamon_timer_callback                    0x08003b81   Thumb Code    54  daemon.o(i.deamon_timer_callback)
    freertos_start                           0x08003bc1   Thumb Code    72  freertos_start.o(i.freertos_start)
    init_crc16_tab                           0x08003c9d   Thumb Code    62  crc16.o(i.init_crc16_tab)
    led_daemon_control_callback              0x08003ce5   Thumb Code    72  led.o(i.led_daemon_control_callback)
    led_init                                 0x08003d31   Thumb Code    46  led.o(i.led_init)
    led_start                                0x08003d65   Thumb Code    12  led.o(i.led_start)
    main                                     0x08003d71   Thumb Code    78  main.o(i.main)
    protocol_head_check                      0x08003dbf   Thumb Code    46  commucation.o(i.protocol_head_check)
    pvPortMalloc                             0x0800451d   Thumb Code   188  heap_4.o(i.pvPortMalloc)
    pxPortInitialiseStack                    0x080045dd   Thumb Code    40  port.o(i.pxPortInitialiseStack)
    rtt_log_init                             0x08004675   Thumb Code    22  rtt.o(i.rtt_log_init)
    rtt_print_log                            0x080046a9   Thumb Code    24  rtt.o(i.rtt_print_log)
    start_task                               0x080046c1   Thumb Code   120  freertos_start.o(i.start_task)
    uxListRemove                             0x080047bd   Thumb Code    38  list.o(i.uxListRemove)
    uxTaskGetNumberOfTasks                   0x080047e5   Thumb Code     6  tasks.o(i.uxTaskGetNumberOfTasks)
    vListInitialise                          0x080047f1   Thumb Code    22  list.o(i.vListInitialise)
    vListInitialiseItem                      0x08004807   Thumb Code     6  list.o(i.vListInitialiseItem)
    vListInsert                              0x0800480d   Thumb Code    48  list.o(i.vListInsert)
    vListInsertEnd                           0x0800483d   Thumb Code    24  list.o(i.vListInsertEnd)
    vPortEnterCritical                       0x08004855   Thumb Code    54  port.o(i.vPortEnterCritical)
    vPortExitCritical                        0x08004895   Thumb Code    34  port.o(i.vPortExitCritical)
    vPortFree                                0x080048bd   Thumb Code    94  heap_4.o(i.vPortFree)
    vPortSetupTimerInterrupt                 0x08004921   Thumb Code    32  port.o(i.vPortSetupTimerInterrupt)
    vPortValidateInterruptPriority           0x08004945   Thumb Code    74  port.o(i.vPortValidateInterruptPriority)
    vQueueAddToRegistry                      0x08004999   Thumb Code    74  queue.o(i.vQueueAddToRegistry)
    vQueueWaitForMessageRestricted           0x080049e9   Thumb Code    68  queue.o(i.vQueueWaitForMessageRestricted)
    vTaskDelete                              0x08004a2d   Thumb Code   164  tasks.o(i.vTaskDelete)
    vTaskInternalSetTimeOutState             0x08004add   Thumb Code    12  tasks.o(i.vTaskInternalSetTimeOutState)
    vTaskMissedYield                         0x08004aed   Thumb Code     8  tasks.o(i.vTaskMissedYield)
    vTaskPlaceOnEventList                    0x08004af9   Thumb Code    44  tasks.o(i.vTaskPlaceOnEventList)
    vTaskPlaceOnEventListRestricted          0x08004b29   Thumb Code    76  tasks.o(i.vTaskPlaceOnEventListRestricted)
    vTaskStartScheduler                      0x08004b79   Thumb Code    94  tasks.o(i.vTaskStartScheduler)
    vTaskSuspendAll                          0x08004be9   Thumb Code    10  tasks.o(i.vTaskSuspendAll)
    vTaskSwitchContext                       0x08004bf9   Thumb Code    82  tasks.o(i.vTaskSwitchContext)
    ws2812b_breath                           0x08004c55   Thumb Code   150  led.o(i.ws2812b_breath)
    ws2812b_close_lamp                       0x08004cf5   Thumb Code    48  led.o(i.ws2812b_close_lamp)
    ws2812b_config_color                     0x08004d29   Thumb Code    68  led.o(i.ws2812b_config_color)
    ws2812b_init                             0x08004f49   Thumb Code    26  led.o(i.ws2812b_init)
    xPortStartScheduler                      0x080051a5   Thumb Code   222  port.o(i.xPortStartScheduler)
    xPortSysTickHandler                      0x08005299   Thumb Code    38  port.o(i.xPortSysTickHandler)
    xQueueGenericCreate                      0x080052c5   Thumb Code    94  queue.o(i.xQueueGenericCreate)
    xQueueGenericReset                       0x08005325   Thumb Code   172  queue.o(i.xQueueGenericReset)
    xQueueGenericSend                        0x080053d5   Thumb Code   346  queue.o(i.xQueueGenericSend)
    xQueueGenericSendFromISR                 0x08005535   Thumb Code   218  queue.o(i.xQueueGenericSendFromISR)
    xQueueReceive                            0x08005611   Thumb Code   308  queue.o(i.xQueueReceive)
    xTaskCheckForTimeOut                     0x08005749   Thumb Code   118  tasks.o(i.xTaskCheckForTimeOut)
    xTaskCreate                              0x080057c5   Thumb Code    92  tasks.o(i.xTaskCreate)
    xTaskDelayUntil                          0x08005821   Thumb Code   138  tasks.o(i.xTaskDelayUntil)
    xTaskGetSchedulerState                   0x080058b5   Thumb Code    22  tasks.o(i.xTaskGetSchedulerState)
    xTaskGetTickCount                        0x080058d1   Thumb Code     6  tasks.o(i.xTaskGetTickCount)
    xTaskIncrementTick                       0x080058dd   Thumb Code   304  tasks.o(i.xTaskIncrementTick)
    xTaskPriorityDisinherit                  0x08005a15   Thumb Code   174  tasks.o(i.xTaskPriorityDisinherit)
    xTaskRemoveFromEventList                 0x08005acd   Thumb Code   210  tasks.o(i.xTaskRemoveFromEventList)
    xTaskResumeAll                           0x08005ba9   Thumb Code   286  tasks.o(i.xTaskResumeAll)
    xTimerCreate                             0x08005cd5   Thumb Code    98  timers.o(i.xTimerCreate)
    xTimerCreateTimerTask                    0x08005d39   Thumb Code    58  timers.o(i.xTimerCreateTimerTask)
    xTimerGenericCommand                     0x08005d85   Thumb Code    92  timers.o(i.xTimerGenericCommand)
    _fp_init                                 0x08005de5   Thumb Code    10  fpinit.o(x$fpl$fpinit)
    __fplib_config_fpu_vfp                   0x08005ded   Thumb Code     0  fpinit.o(x$fpl$fpinit)
    __fplib_config_pureend_doubles           0x08005ded   Thumb Code     0  fpinit.o(x$fpl$fpinit)
    AHBPrescTable                            0x08005df6   Data          16  system_stm32f4xx.o(.constdata)
    APBPrescTable                            0x08005e06   Data           8  system_stm32f4xx.o(.constdata)
    Region$$Table$$Base                      0x0800602c   Number         0  anon$$obj.o(Region$$Table)
    Region$$Table$$Limit                     0x0800604c   Number         0  anon$$obj.o(Region$$Table)
    start_task_handle                        0x20000000   Data           4  freertos_start.o(.data)
    daemon_timer_handle                      0x20000004   Data           4  freertos_start.o(.data)
    uwTickFreq                               0x20000008   Data           1  stm32f4xx_hal.o(.data)
    uwTickPrio                               0x2000000c   Data           4  stm32f4xx_hal.o(.data)
    uwTick                                   0x20000010   Data           4  stm32f4xx_hal.o(.data)
    SystemCoreClock                          0x20000014   Data           4  system_stm32f4xx.o(.data)
    pxCurrentTCB                             0x20000018   Data           4  tasks.o(.data)
    uxTopUsedPriority                        0x20000048   Data           4  tasks.o(.data)
    commucation_uart_handle                  0x200001bc   Data           4  commucation.o(.data)
    message_handle                           0x200001c0   Data           4  commucation.o(.data)
    commucation_led_instance_handle          0x200001c4   Data           4  commucation.o(.data)
    commucation_task_handle                  0x200001c8   Data           4  commucation.o(.data)
    chassis_task_handle                      0x200001cc   Data           4  chassis.o(.data)
    remote_control_instance_handle           0x200001d0   Data           4  chassis.o(.data)
    htim1                                    0x200001d4   Data          72  tim.o(.bss)
    htim4                                    0x2000021c   Data          72  tim.o(.bss)
    hdma_tim1_ch4_trig_com                   0x20000264   Data          96  tim.o(.bss)
    huart5                                   0x200002c4   Data          72  usart.o(.bss)
    huart3                                   0x2000030c   Data          72  usart.o(.bss)
    hdma_uart5_rx                            0x20000354   Data          96  usart.o(.bss)
    hdma_usart3_rx                           0x200003b4   Data          96  usart.o(.bss)
    hdma_usart3_tx                           0x20000414   Data          96  usart.o(.bss)
    htim7                                    0x20000474   Data          72  stm32f4xx_hal_timebase_tim.o(.bss)
    xQueueRegistry                           0x200004bc   Data          64  queue.o(.bss)
    _SEGGER_RTT                              0x200131ec   Data         168  segger_rtt.o(.bss)
    __libspace_start                         0x20014460   Data          96  libspace.o(.bss)
    __temporary_stack_top$libspace           0x200144c0   Data           0  libspace.o(.bss)



==============================================================================

Memory Map of the image

  Image Entry point : 0x08000189

  Load Region LR_IROM1 (Base: 0x08000000, Size: 0x00006220, Max: 0x00080000, ABSOLUTE, COMPRESSED[0x00006168])

    Execution Region ER_IROM1 (Exec base: 0x08000000, Load base: 0x08000000, Size: 0x0000604c, Max: 0x00080000, ABSOLUTE)

    Exec Addr    Load Addr    Size         Type   Attr      Idx    E Section Name        Object

    0x08000000   0x08000000   0x00000188   Data   RO            3    RESET               startup_stm32f407xx.o
    0x08000188   0x08000188   0x00000008   Code   RO         5068  * !!!main             c_w.l(__main.o)
    0x08000190   0x08000190   0x00000034   Code   RO         5250    !!!scatter          c_w.l(__scatter.o)
    0x080001c4   0x080001c4   0x0000003a   Code   RO         5248    !!dczerorl          c_w.l(__dczerorl.o)
    0x080001fe   0x080001fe   0x00000002   PAD
    0x08000200   0x08000200   0x0000001c   Code   RO         5252    !!handler_zi        c_w.l(__scatter_zi.o)
    0x0800021c   0x0800021c   0x00000002   Code   RO         5116    .ARM.Collect$$libinit$$00000000  c_w.l(libinit.o)
    0x0800021e   0x0800021e   0x00000004   Code   RO         5128    .ARM.Collect$$libinit$$00000001  c_w.l(libinit2.o)
    0x08000222   0x08000222   0x00000000   Code   RO         5131    .ARM.Collect$$libinit$$00000004  c_w.l(libinit2.o)
    0x08000222   0x08000222   0x00000000   Code   RO         5134    .ARM.Collect$$libinit$$0000000A  c_w.l(libinit2.o)
    0x08000222   0x08000222   0x00000000   Code   RO         5136    .ARM.Collect$$libinit$$0000000C  c_w.l(libinit2.o)
    0x08000222   0x08000222   0x00000000   Code   RO         5138    .ARM.Collect$$libinit$$0000000E  c_w.l(libinit2.o)
    0x08000222   0x08000222   0x00000000   Code   RO         5141    .ARM.Collect$$libinit$$00000011  c_w.l(libinit2.o)
    0x08000222   0x08000222   0x00000000   Code   RO         5143    .ARM.Collect$$libinit$$00000013  c_w.l(libinit2.o)
    0x08000222   0x08000222   0x00000000   Code   RO         5145    .ARM.Collect$$libinit$$00000015  c_w.l(libinit2.o)
    0x08000222   0x08000222   0x00000000   Code   RO         5147    .ARM.Collect$$libinit$$00000017  c_w.l(libinit2.o)
    0x08000222   0x08000222   0x00000000   Code   RO         5149    .ARM.Collect$$libinit$$00000019  c_w.l(libinit2.o)
    0x08000222   0x08000222   0x00000000   Code   RO         5151    .ARM.Collect$$libinit$$0000001B  c_w.l(libinit2.o)
    0x08000222   0x08000222   0x00000000   Code   RO         5153    .ARM.Collect$$libinit$$0000001D  c_w.l(libinit2.o)
    0x08000222   0x08000222   0x00000000   Code   RO         5155    .ARM.Collect$$libinit$$0000001F  c_w.l(libinit2.o)
    0x08000222   0x08000222   0x00000000   Code   RO         5157    .ARM.Collect$$libinit$$00000021  c_w.l(libinit2.o)
    0x08000222   0x08000222   0x00000000   Code   RO         5159    .ARM.Collect$$libinit$$00000023  c_w.l(libinit2.o)
    0x08000222   0x08000222   0x00000000   Code   RO         5161    .ARM.Collect$$libinit$$00000025  c_w.l(libinit2.o)
    0x08000222   0x08000222   0x00000000   Code   RO         5165    .ARM.Collect$$libinit$$0000002C  c_w.l(libinit2.o)
    0x08000222   0x08000222   0x00000000   Code   RO         5167    .ARM.Collect$$libinit$$0000002E  c_w.l(libinit2.o)
    0x08000222   0x08000222   0x00000000   Code   RO         5169    .ARM.Collect$$libinit$$00000030  c_w.l(libinit2.o)
    0x08000222   0x08000222   0x00000000   Code   RO         5171    .ARM.Collect$$libinit$$00000032  c_w.l(libinit2.o)
    0x08000222   0x08000222   0x00000002   Code   RO         5172    .ARM.Collect$$libinit$$00000033  c_w.l(libinit2.o)
    0x08000224   0x08000224   0x00000002   Code   RO         5203    .ARM.Collect$$libshutdown$$00000000  c_w.l(libshutdown.o)
    0x08000226   0x08000226   0x00000000   Code   RO         5229    .ARM.Collect$$libshutdown$$00000002  c_w.l(libshutdown2.o)
    0x08000226   0x08000226   0x00000000   Code   RO         5231    .ARM.Collect$$libshutdown$$00000004  c_w.l(libshutdown2.o)
    0x08000226   0x08000226   0x00000000   Code   RO         5233    .ARM.Collect$$libshutdown$$00000006  c_w.l(libshutdown2.o)
    0x08000226   0x08000226   0x00000000   Code   RO         5236    .ARM.Collect$$libshutdown$$00000009  c_w.l(libshutdown2.o)
    0x08000226   0x08000226   0x00000000   Code   RO         5239    .ARM.Collect$$libshutdown$$0000000C  c_w.l(libshutdown2.o)
    0x08000226   0x08000226   0x00000000   Code   RO         5241    .ARM.Collect$$libshutdown$$0000000E  c_w.l(libshutdown2.o)
    0x08000226   0x08000226   0x00000000   Code   RO         5244    .ARM.Collect$$libshutdown$$00000011  c_w.l(libshutdown2.o)
    0x08000226   0x08000226   0x00000002   Code   RO         5245    .ARM.Collect$$libshutdown$$00000012  c_w.l(libshutdown2.o)
    0x08000228   0x08000228   0x00000000   Code   RO         5070    .ARM.Collect$$rtentry$$00000000  c_w.l(__rtentry.o)
    0x08000228   0x08000228   0x00000000   Code   RO         5085    .ARM.Collect$$rtentry$$00000002  c_w.l(__rtentry2.o)
    0x08000228   0x08000228   0x00000006   Code   RO         5097    .ARM.Collect$$rtentry$$00000004  c_w.l(__rtentry4.o)
    0x0800022e   0x0800022e   0x00000000   Code   RO         5087    .ARM.Collect$$rtentry$$00000009  c_w.l(__rtentry2.o)
    0x0800022e   0x0800022e   0x00000004   Code   RO         5088    .ARM.Collect$$rtentry$$0000000A  c_w.l(__rtentry2.o)
    0x08000232   0x08000232   0x00000000   Code   RO         5090    .ARM.Collect$$rtentry$$0000000C  c_w.l(__rtentry2.o)
    0x08000232   0x08000232   0x00000008   Code   RO         5091    .ARM.Collect$$rtentry$$0000000D  c_w.l(__rtentry2.o)
    0x0800023a   0x0800023a   0x00000002   Code   RO         5120    .ARM.Collect$$rtexit$$00000000  c_w.l(rtexit.o)
    0x0800023c   0x0800023c   0x00000000   Code   RO         5176    .ARM.Collect$$rtexit$$00000002  c_w.l(rtexit2.o)
    0x0800023c   0x0800023c   0x00000004   Code   RO         5177    .ARM.Collect$$rtexit$$00000003  c_w.l(rtexit2.o)
    0x08000240   0x08000240   0x00000006   Code   RO         5178    .ARM.Collect$$rtexit$$00000004  c_w.l(rtexit2.o)
    0x08000246   0x08000246   0x00000002   PAD
    0x08000248   0x08000248   0x000000be   Code   RO         4190    .emb_text           port.o
    0x08000306   0x08000306   0x00000002   PAD
    0x08000308   0x08000308   0x00000040   Code   RO            4    .text               startup_stm32f407xx.o
    0x08000348   0x08000348   0x000000ee   Code   RO         5022    .text               c_w.l(lludivv7m.o)
    0x08000436   0x08000436   0x0000008a   Code   RO         5056    .text               c_w.l(rt_memcpy_v6.o)
    0x080004c0   0x080004c0   0x00000010   Code   RO         5060    .text               c_w.l(aeabi_memset.o)
    0x080004d0   0x080004d0   0x00000044   Code   RO         5062    .text               c_w.l(rt_memclr.o)
    0x08000514   0x08000514   0x0000004e   Code   RO         5064    .text               c_w.l(rt_memclr_w.o)
    0x08000562   0x08000562   0x00000006   Code   RO         5066    .text               c_w.l(heapauxi.o)
    0x08000568   0x08000568   0x00000064   Code   RO         5082    .text               c_w.l(rt_memcpy_w.o)
    0x080005cc   0x080005cc   0x0000004a   Code   RO         5103    .text               c_w.l(sys_stackheap_outer.o)
    0x08000616   0x08000616   0x00000012   Code   RO         5105    .text               c_w.l(exit.o)
    0x08000628   0x08000628   0x00000008   Code   RO         5117    .text               c_w.l(libspace.o)
    0x08000630   0x08000630   0x0000000c   Code   RO         5173    .text               c_w.l(sys_exit.o)
    0x0800063c   0x0800063c   0x00000002   Code   RO         5192    .text               c_w.l(use_no_semi.o)
    0x0800063e   0x0800063e   0x00000000   Code   RO         5194    .text               c_w.l(indicate_semi.o)
    0x0800063e   0x0800063e   0x00000002   Code   RO          428    i.BusFault_Handler  stm32f4xx_it.o
    0x08000640   0x08000640   0x0000000c   Code   RO          429    i.DMA1_Stream0_IRQHandler  stm32f4xx_it.o
    0x0800064c   0x0800064c   0x0000000c   Code   RO          430    i.DMA1_Stream1_IRQHandler  stm32f4xx_it.o
    0x08000658   0x08000658   0x0000000c   Code   RO          431    i.DMA1_Stream3_IRQHandler  stm32f4xx_it.o
    0x08000664   0x08000664   0x0000000c   Code   RO          432    i.DMA2_Stream4_IRQHandler  stm32f4xx_it.o
    0x08000670   0x08000670   0x00000028   Code   RO         2029    i.DMA_CalcBaseAndBitshift  stm32f4xx_hal_dma.o
    0x08000698   0x08000698   0x00000054   Code   RO         2030    i.DMA_CheckFifoParam  stm32f4xx_hal_dma.o
    0x080006ec   0x080006ec   0x00000028   Code   RO         2031    i.DMA_SetConfig     stm32f4xx_hal_dma.o
    0x08000714   0x08000714   0x00000002   Code   RO          433    i.DebugMon_Handler  stm32f4xx_it.o
    0x08000716   0x08000716   0x00000004   Code   RO          213    i.Error_Handler     main.o
    0x0800071a   0x0800071a   0x00000092   Code   RO         2032    i.HAL_DMA_Abort     stm32f4xx_hal_dma.o
    0x080007ac   0x080007ac   0x00000024   Code   RO         2033    i.HAL_DMA_Abort_IT  stm32f4xx_hal_dma.o
    0x080007d0   0x080007d0   0x000001a0   Code   RO         2037    i.HAL_DMA_IRQHandler  stm32f4xx_hal_dma.o
    0x08000970   0x08000970   0x000000d4   Code   RO         2038    i.HAL_DMA_Init      stm32f4xx_hal_dma.o
    0x08000a44   0x08000a44   0x0000006e   Code   RO         2042    i.HAL_DMA_Start_IT  stm32f4xx_hal_dma.o
    0x08000ab2   0x08000ab2   0x00000002   PAD
    0x08000ab4   0x08000ab4   0x00000024   Code   RO         2469    i.HAL_Delay         stm32f4xx_hal.o
    0x08000ad8   0x08000ad8   0x000001f0   Code   RO         1925    i.HAL_GPIO_Init     stm32f4xx_hal_gpio.o
    0x08000cc8   0x08000cc8   0x0000000a   Code   RO         1929    i.HAL_GPIO_WritePin  stm32f4xx_hal_gpio.o
    0x08000cd2   0x08000cd2   0x00000002   PAD
    0x08000cd4   0x08000cd4   0x0000000c   Code   RO         2475    i.HAL_GetTick       stm32f4xx_hal.o
    0x08000ce0   0x08000ce0   0x00000010   Code   RO         2481    i.HAL_IncTick       stm32f4xx_hal.o
    0x08000cf0   0x08000cf0   0x00000034   Code   RO         2482    i.HAL_Init          stm32f4xx_hal.o
    0x08000d24   0x08000d24   0x00000098   Code   RO          558    i.HAL_InitTick      stm32f4xx_hal_timebase_tim.o
    0x08000dbc   0x08000dbc   0x00000030   Code   RO          534    i.HAL_MspInit       stm32f4xx_hal_msp.o
    0x08000dec   0x08000dec   0x0000001a   Code   RO         2317    i.HAL_NVIC_EnableIRQ  stm32f4xx_hal_cortex.o
    0x08000e06   0x08000e06   0x00000002   PAD
    0x08000e08   0x08000e08   0x00000040   Code   RO         2323    i.HAL_NVIC_SetPriority  stm32f4xx_hal_cortex.o
    0x08000e48   0x08000e48   0x00000024   Code   RO         2324    i.HAL_NVIC_SetPriorityGrouping  stm32f4xx_hal_cortex.o
    0x08000e6c   0x08000e6c   0x00000134   Code   RO         1571    i.HAL_RCC_ClockConfig  stm32f4xx_hal_rcc.o
    0x08000fa0   0x08000fa0   0x00000040   Code   RO         1575    i.HAL_RCC_GetClockConfig  stm32f4xx_hal_rcc.o
    0x08000fe0   0x08000fe0   0x00000020   Code   RO         1578    i.HAL_RCC_GetPCLK1Freq  stm32f4xx_hal_rcc.o
    0x08001000   0x08001000   0x00000020   Code   RO         1579    i.HAL_RCC_GetPCLK2Freq  stm32f4xx_hal_rcc.o
    0x08001020   0x08001020   0x00000060   Code   RO         1580    i.HAL_RCC_GetSysClockFreq  stm32f4xx_hal_rcc.o
    0x08001080   0x08001080   0x0000036c   Code   RO         1583    i.HAL_RCC_OscConfig  stm32f4xx_hal_rcc.o
    0x080013ec   0x080013ec   0x00000002   Code   RO         1303    i.HAL_TIMEx_BreakCallback  stm32f4xx_hal_tim_ex.o
    0x080013ee   0x080013ee   0x00000002   Code   RO         1304    i.HAL_TIMEx_CommutCallback  stm32f4xx_hal_tim_ex.o
    0x080013f0   0x080013f0   0x00000054   Code   RO         1306    i.HAL_TIMEx_ConfigBreakDeadTime  stm32f4xx_hal_tim_ex.o
    0x08001444   0x08001444   0x00000090   Code   RO         1322    i.HAL_TIMEx_MasterConfigSynchronization  stm32f4xx_hal_tim_ex.o
    0x080014d4   0x080014d4   0x0000005a   Code   RO          599    i.HAL_TIM_Base_Init  stm32f4xx_hal_tim.o
    0x0800152e   0x0800152e   0x00000002   PAD
    0x08001530   0x08001530   0x0000008c   Code   RO          327    i.HAL_TIM_Base_MspInit  tim.o
    0x080015bc   0x080015bc   0x00000080   Code   RO          604    i.HAL_TIM_Base_Start_IT  stm32f4xx_hal_tim.o
    0x0800163c   0x0800163c   0x000000dc   Code   RO          608    i.HAL_TIM_ConfigClockSource  stm32f4xx_hal_tim.o
    0x08001718   0x08001718   0x00000002   Code   RO          629    i.HAL_TIM_ErrorCallback  stm32f4xx_hal_tim.o
    0x0800171a   0x0800171a   0x00000002   Code   RO          633    i.HAL_TIM_IC_CaptureCallback  stm32f4xx_hal_tim.o
    0x0800171c   0x0800171c   0x00000130   Code   RO          647    i.HAL_TIM_IRQHandler  stm32f4xx_hal_tim.o
    0x0800184c   0x0800184c   0x00000084   Code   RO          328    i.HAL_TIM_MspPostInit  tim.o
    0x080018d0   0x080018d0   0x00000002   Code   RO          650    i.HAL_TIM_OC_DelayElapsedCallback  stm32f4xx_hal_tim.o
    0x080018d2   0x080018d2   0x000000cc   Code   RO          671    i.HAL_TIM_PWM_ConfigChannel  stm32f4xx_hal_tim.o
    0x0800199e   0x0800199e   0x0000005a   Code   RO          674    i.HAL_TIM_PWM_Init  stm32f4xx_hal_tim.o
    0x080019f8   0x080019f8   0x00000002   Code   RO          676    i.HAL_TIM_PWM_MspInit  stm32f4xx_hal_tim.o
    0x080019fa   0x080019fa   0x00000002   PAD
    0x080019fc   0x080019fc   0x00000014   Code   RO         4749    i.HAL_TIM_PWM_PulseFinishedCallback  led.o
    0x08001a10   0x08001a10   0x00000002   Code   RO          678    i.HAL_TIM_PWM_PulseFinishedHalfCpltCallback  stm32f4xx_hal_tim.o
    0x08001a12   0x08001a12   0x00000002   PAD
    0x08001a14   0x08001a14   0x000000c8   Code   RO          679    i.HAL_TIM_PWM_Start  stm32f4xx_hal_tim.o
    0x08001adc   0x08001adc   0x000001c0   Code   RO          680    i.HAL_TIM_PWM_Start_DMA  stm32f4xx_hal_tim.o
    0x08001c9c   0x08001c9c   0x000000cc   Code   RO          683    i.HAL_TIM_PWM_Stop_DMA  stm32f4xx_hal_tim.o
    0x08001d68   0x08001d68   0x00000014   Code   RO          214    i.HAL_TIM_PeriodElapsedCallback  main.o
    0x08001d7c   0x08001d7c   0x00000002   Code   RO          690    i.HAL_TIM_TriggerCallback  stm32f4xx_hal_tim.o
    0x08001d7e   0x08001d7e   0x0000004e   Code   RO         2730    i.HAL_UARTEx_ReceiveToIdle_DMA  stm32f4xx_hal_uart.o
    0x08001dcc   0x08001dcc   0x000000a0   Code   RO         4608    i.HAL_UARTEx_RxEventCallback  uart.o
    0x08001e6c   0x08001e6c   0x00000080   Code   RO         4609    i.HAL_UART_ErrorCallback  uart.o
    0x08001eec   0x08001eec   0x00000270   Code   RO         2749    i.HAL_UART_IRQHandler  stm32f4xx_hal_uart.o
    0x0800215c   0x0800215c   0x00000064   Code   RO         2750    i.HAL_UART_Init     stm32f4xx_hal_uart.o
    0x080021c0   0x080021c0   0x00000194   Code   RO          381    i.HAL_UART_MspInit  usart.o
    0x08002354   0x08002354   0x00000002   Code   RO         2756    i.HAL_UART_RxCpltCallback  stm32f4xx_hal_uart.o
    0x08002356   0x08002356   0x00000002   Code   RO         2757    i.HAL_UART_RxHalfCpltCallback  stm32f4xx_hal_uart.o
    0x08002358   0x08002358   0x00000002   Code   RO         2761    i.HAL_UART_TxCpltCallback  stm32f4xx_hal_uart.o
    0x0800235a   0x0800235a   0x00000002   Code   RO          434    i.HardFault_Handler  stm32f4xx_it.o
    0x0800235c   0x0800235c   0x0000006c   Code   RO          302    i.MX_DMA_Init       dma.o
    0x080023c8   0x080023c8   0x000000a0   Code   RO          278    i.MX_GPIO_Init      gpio.o
    0x08002468   0x08002468   0x000000c4   Code   RO          329    i.MX_TIM1_Init      tim.o
    0x0800252c   0x0800252c   0x000000bc   Code   RO          330    i.MX_TIM4_Init      tim.o
    0x080025e8   0x080025e8   0x00000044   Code   RO          382    i.MX_UART5_Init     usart.o
    0x0800262c   0x0800262c   0x00000038   Code   RO          383    i.MX_USART3_UART_Init  usart.o
    0x08002664   0x08002664   0x00000002   Code   RO          435    i.MemManage_Handler  stm32f4xx_it.o
    0x08002666   0x08002666   0x00000002   Code   RO          436    i.NMI_Handler       stm32f4xx_it.o
    0x08002668   0x08002668   0x00000004   Code   RO         4315    i.SEGGER_RTT_Init   segger_rtt.o
    0x0800266c   0x0800266c   0x00000090   Code   RO         4327    i.SEGGER_RTT_SetTerminal  segger_rtt.o
    0x080026fc   0x080026fc   0x00000038   Code   RO         4330    i.SEGGER_RTT_Write  segger_rtt.o
    0x08002734   0x08002734   0x0000005c   Code   RO         4333    i.SEGGER_RTT_WriteNoLock  segger_rtt.o
    0x08002790   0x08002790   0x00000016   Code   RO         4535    i.SEGGER_RTT_printf  segger_rtt_printf.o
    0x080027a6   0x080027a6   0x00000002   PAD
    0x080027a8   0x080027a8   0x000001a4   Code   RO         4536    i.SEGGER_RTT_vprintf  segger_rtt_printf.o
    0x0800294c   0x0800294c   0x00000014   Code   RO          437    i.SysTick_Handler   stm32f4xx_it.o
    0x08002960   0x08002960   0x00000098   Code   RO          215    i.SystemClock_Config  main.o
    0x080029f8   0x080029f8   0x00000010   Code   RO         3084    i.SystemInit        system_stm32f4xx.o
    0x08002a08   0x08002a08   0x0000000c   Code   RO          438    i.TIM7_IRQHandler   stm32f4xx_it.o
    0x08002a14   0x08002a14   0x000000d8   Code   RO          692    i.TIM_Base_SetConfig  stm32f4xx_hal_tim.o
    0x08002aec   0x08002aec   0x0000001a   Code   RO          693    i.TIM_CCxChannelCmd  stm32f4xx_hal_tim.o
    0x08002b06   0x08002b06   0x0000005e   Code   RO          696    i.TIM_DMADelayPulseCplt  stm32f4xx_hal_tim.o
    0x08002b64   0x08002b64   0x00000038   Code   RO          697    i.TIM_DMADelayPulseHalfCplt  stm32f4xx_hal_tim.o
    0x08002b9c   0x08002b9c   0x00000054   Code   RO          698    i.TIM_DMAError      stm32f4xx_hal_tim.o
    0x08002bf0   0x08002bf0   0x00000014   Code   RO          703    i.TIM_ETR_SetConfig  stm32f4xx_hal_tim.o
    0x08002c04   0x08002c04   0x00000010   Code   RO          704    i.TIM_ITRx_SetConfig  stm32f4xx_hal_tim.o
    0x08002c14   0x08002c14   0x00000060   Code   RO          705    i.TIM_OC1_SetConfig  stm32f4xx_hal_tim.o
    0x08002c74   0x08002c74   0x0000006c   Code   RO          706    i.TIM_OC2_SetConfig  stm32f4xx_hal_tim.o
    0x08002ce0   0x08002ce0   0x00000068   Code   RO          707    i.TIM_OC3_SetConfig  stm32f4xx_hal_tim.o
    0x08002d48   0x08002d48   0x00000050   Code   RO          708    i.TIM_OC4_SetConfig  stm32f4xx_hal_tim.o
    0x08002d98   0x08002d98   0x00000022   Code   RO          710    i.TIM_TI1_ConfigInputStage  stm32f4xx_hal_tim.o
    0x08002dba   0x08002dba   0x00000024   Code   RO          712    i.TIM_TI2_ConfigInputStage  stm32f4xx_hal_tim.o
    0x08002dde   0x08002dde   0x00000002   PAD
    0x08002de0   0x08002de0   0x0000000c   Code   RO          439    i.UART5_IRQHandler  stm32f4xx_it.o
    0x08002dec   0x08002dec   0x00000010   Code   RO         2763    i.UART_DMAAbortOnError  stm32f4xx_hal_uart.o
    0x08002dfc   0x08002dfc   0x0000004a   Code   RO         2764    i.UART_DMAError     stm32f4xx_hal_uart.o
    0x08002e46   0x08002e46   0x00000086   Code   RO         2765    i.UART_DMAReceiveCplt  stm32f4xx_hal_uart.o
    0x08002ecc   0x08002ecc   0x0000001e   Code   RO         2767    i.UART_DMARxHalfCplt  stm32f4xx_hal_uart.o
    0x08002eea   0x08002eea   0x0000004e   Code   RO         2773    i.UART_EndRxTransfer  stm32f4xx_hal_uart.o
    0x08002f38   0x08002f38   0x0000001c   Code   RO         2774    i.UART_EndTxTransfer  stm32f4xx_hal_uart.o
    0x08002f54   0x08002f54   0x000000c2   Code   RO         2775    i.UART_Receive_IT   stm32f4xx_hal_uart.o
    0x08003016   0x08003016   0x00000002   PAD
    0x08003018   0x08003018   0x0000010c   Code   RO         2776    i.UART_SetConfig    stm32f4xx_hal_uart.o
    0x08003124   0x08003124   0x00000090   Code   RO         2777    i.UART_Start_Receive_DMA  stm32f4xx_hal_uart.o
    0x080031b4   0x080031b4   0x0000000c   Code   RO          440    i.USART3_IRQHandler  stm32f4xx_it.o
    0x080031c0   0x080031c0   0x00000002   Code   RO          441    i.UsageFault_Handler  stm32f4xx_it.o
    0x080031c2   0x080031c2   0x00000002   PAD
    0x080031c4   0x080031c4   0x0000007c   Code   RO         4855    i.Y_daemon_create_instance  daemon.o
    0x08003240   0x08003240   0x00000128   Code   RO         4750    i.Y_led_creat_instance  led.o
    0x08003368   0x08003368   0x0000009c   Code   RO         4889    i.Y_rc_create_instance  rc.o
    0x08003404   0x08003404   0x00000110   Code   RO         4610    i.Y_uart_create_instance  uart.o
    0x08003514   0x08003514   0x00000064   Code   RO         4337    i._DoInit           segger_rtt.o
    0x08003578   0x08003578   0x00000016   Code   RO         4338    i._GetAvailWriteSpace  segger_rtt.o
    0x0800358e   0x0800358e   0x00000002   PAD
    0x08003590   0x08003590   0x000000c6   Code   RO         4537    i._PrintInt         segger_rtt_printf.o
    0x08003656   0x08003656   0x00000002   PAD
    0x08003658   0x08003658   0x000000d4   Code   RO         4538    i._PrintUnsigned    segger_rtt_printf.o
    0x0800372c   0x0800372c   0x0000003e   Code   RO         4539    i._StoreChar        segger_rtt_printf.o
    0x0800376a   0x0800376a   0x0000005a   Code   RO         4340    i._WriteBlocking    segger_rtt.o
    0x080037c4   0x080037c4   0x00000042   Code   RO         4341    i._WriteNoCheck     segger_rtt.o
    0x08003806   0x08003806   0x00000020   Code   RO         2330    i.__NVIC_SetPriority  stm32f4xx_hal_cortex.o
    0x08003826   0x08003826   0x00000002   PAD
    0x08003828   0x08003828   0x00000010   Code   RO         4572    i.beep_init         beep.o
    0x08003838   0x08003838   0x00000010   Code   RO         4573    i.beep_start        beep.o
    0x08003848   0x08003848   0x00000010   Code   RO         4574    i.beep_stop         beep.o
    0x08003858   0x08003858   0x000000a8   Code   RO         4890    i.channel_decode    rc.o
    0x08003900   0x08003900   0x00000084   Code   RO         4995    i.chassis_task      chassis.o
    0x08003984   0x08003984   0x000000a4   Code   RO         4932    i.commucation_message_decode_callback  commucation.o
    0x08003a28   0x08003a28   0x00000098   Code   RO         4933    i.commucation_task  commucation.o
    0x08003ac0   0x08003ac0   0x00000034   Code   RO         4934    i.crc16_check       commucation.o
    0x08003af4   0x08003af4   0x00000028   Code   RO         4935    i.crc8_check        commucation.o
    0x08003b1c   0x08003b1c   0x00000040   Code   RO         4675    i.crc_16            crc16.o
    0x08003b5c   0x08003b5c   0x00000024   Code   RO         4652    i.crc_8             crc8.o
    0x08003b80   0x08003b80   0x00000040   Code   RO         4856    i.deamon_timer_callback  daemon.o
    0x08003bc0   0x08003bc0   0x000000dc   Code   RO           13    i.freertos_start    freertos_start.o
    0x08003c9c   0x08003c9c   0x00000048   Code   RO         4677    i.init_crc16_tab    crc16.o
    0x08003ce4   0x08003ce4   0x0000004c   Code   RO         4751    i.led_daemon_control_callback  led.o
    0x08003d30   0x08003d30   0x00000034   Code   RO         4752    i.led_init          led.o
    0x08003d64   0x08003d64   0x0000000c   Code   RO         4753    i.led_start         led.o
    0x08003d70   0x08003d70   0x0000004e   Code   RO          216    i.main              main.o
    0x08003dbe   0x08003dbe   0x0000002e   Code   RO         4938    i.protocol_head_check  commucation.o
    0x08003dec   0x08003dec   0x00000088   Code   RO         3625    i.prvAddCurrentTaskToDelayedList  tasks.o
    0x08003e74   0x08003e74   0x000000f0   Code   RO         3626    i.prvAddNewTaskToReadyList  tasks.o
    0x08003f64   0x08003f64   0x00000050   Code   RO         3973    i.prvCheckForValidListAndQueue  timers.o
    0x08003fb4   0x08003fb4   0x00000026   Code   RO         3268    i.prvCopyDataFromQueue  queue.o
    0x08003fda   0x08003fda   0x0000006c   Code   RO         3269    i.prvCopyDataToQueue  queue.o
    0x08004046   0x08004046   0x00000014   Code   RO         3627    i.prvDeleteTCB      tasks.o
    0x0800405a   0x0800405a   0x00000002   PAD
    0x0800405c   0x0800405c   0x00000044   Code   RO         4129    i.prvHeapInit       heap_4.o
    0x080040a0   0x080040a0   0x00000060   Code   RO         3628    i.prvIdleTask       tasks.o
    0x08004100   0x08004100   0x000000a6   Code   RO         3629    i.prvInitialiseNewTask  tasks.o
    0x080041a6   0x080041a6   0x00000002   PAD
    0x080041a8   0x080041a8   0x0000004c   Code   RO         4130    i.prvInsertBlockIntoFreeList  heap_4.o
    0x080041f4   0x080041f4   0x00000038   Code   RO         3974    i.prvInsertTimerInActiveList  timers.o
    0x0800422c   0x0800422c   0x0000001c   Code   RO         3270    i.prvIsQueueEmpty   queue.o
    0x08004248   0x08004248   0x00000040   Code   RO         3975    i.prvProcessExpiredTimer  timers.o
    0x08004288   0x08004288   0x000000e4   Code   RO         3976    i.prvProcessReceivedCommands  timers.o
    0x0800436c   0x0800436c   0x0000006c   Code   RO         3977    i.prvProcessTimerOrBlockTask  timers.o
    0x080043d8   0x080043d8   0x00000028   Code   RO         3978    i.prvReloadTimer    timers.o
    0x08004400   0x08004400   0x0000001c   Code   RO         3631    i.prvResetNextTaskUnblockTime  tasks.o
    0x0800441c   0x0800441c   0x00000048   Code   RO         3979    i.prvSampleTimeNow  timers.o
    0x08004464   0x08004464   0x00000028   Code   RO         4191    i.prvTaskExitError  port.o
    0x0800448c   0x0800448c   0x00000024   Code   RO         3980    i.prvTimerTask      timers.o
    0x080044b0   0x080044b0   0x0000006a   Code   RO         3271    i.prvUnlockQueue    queue.o
    0x0800451a   0x0800451a   0x00000002   PAD
    0x0800451c   0x0800451c   0x000000c0   Code   RO         4132    i.pvPortMalloc      heap_4.o
    0x080045dc   0x080045dc   0x0000002c   Code   RO         4192    i.pxPortInitialiseStack  port.o
    0x08004608   0x08004608   0x00000006   Code   RO         4891    i.remote_control_lost_callback  rc.o
    0x0800460e   0x0800460e   0x00000002   PAD
    0x08004610   0x08004610   0x00000064   Code   RO         4892    i.remote_control_sbus_decode_callback  rc.o
    0x08004674   0x08004674   0x00000034   Code   RO         4268    i.rtt_log_init      rtt.o
    0x080046a8   0x080046a8   0x00000018   Code   RO         4269    i.rtt_print_log     rtt.o
    0x080046c0   0x080046c0   0x000000d8   Code   RO           14    i.start_task        freertos_start.o
    0x08004798   0x08004798   0x00000024   Code   RO         4611    i.uart_service_start  uart.o
    0x080047bc   0x080047bc   0x00000026   Code   RO         3228    i.uxListRemove      list.o
    0x080047e2   0x080047e2   0x00000002   PAD
    0x080047e4   0x080047e4   0x0000000c   Code   RO         3636    i.uxTaskGetNumberOfTasks  tasks.o
    0x080047f0   0x080047f0   0x00000016   Code   RO         3229    i.vListInitialise   list.o
    0x08004806   0x08004806   0x00000006   Code   RO         3230    i.vListInitialiseItem  list.o
    0x0800480c   0x0800480c   0x00000030   Code   RO         3231    i.vListInsert       list.o
    0x0800483c   0x0800483c   0x00000018   Code   RO         3232    i.vListInsertEnd    list.o
    0x08004854   0x08004854   0x00000040   Code   RO         4194    i.vPortEnterCritical  port.o
    0x08004894   0x08004894   0x00000028   Code   RO         4195    i.vPortExitCritical  port.o
    0x080048bc   0x080048bc   0x00000064   Code   RO         4133    i.vPortFree         heap_4.o
    0x08004920   0x08004920   0x00000024   Code   RO         4196    i.vPortSetupTimerInterrupt  port.o
    0x08004944   0x08004944   0x00000054   Code   RO         4197    i.vPortValidateInterruptPriority  port.o
    0x08004998   0x08004998   0x00000050   Code   RO         3277    i.vQueueAddToRegistry  queue.o
    0x080049e8   0x080049e8   0x00000044   Code   RO         3281    i.vQueueWaitForMessageRestricted  queue.o
    0x08004a2c   0x08004a2c   0x000000b0   Code   RO         3643    i.vTaskDelete       tasks.o
    0x08004adc   0x08004adc   0x00000010   Code   RO         3647    i.vTaskInternalSetTimeOutState  tasks.o
    0x08004aec   0x08004aec   0x0000000c   Code   RO         3648    i.vTaskMissedYield  tasks.o
    0x08004af8   0x08004af8   0x00000030   Code   RO         3649    i.vTaskPlaceOnEventList  tasks.o
    0x08004b28   0x08004b28   0x00000050   Code   RO         3650    i.vTaskPlaceOnEventListRestricted  tasks.o
    0x08004b78   0x08004b78   0x00000070   Code   RO         3658    i.vTaskStartScheduler  tasks.o
    0x08004be8   0x08004be8   0x00000010   Code   RO         3660    i.vTaskSuspendAll   tasks.o
    0x08004bf8   0x08004bf8   0x0000005c   Code   RO         3661    i.vTaskSwitchContext  tasks.o
    0x08004c54   0x08004c54   0x000000a0   Code   RO         4754    i.ws2812b_breath    led.o
    0x08004cf4   0x08004cf4   0x00000034   Code   RO         4755    i.ws2812b_close_lamp  led.o
    0x08004d28   0x08004d28   0x0000004c   Code   RO         4756    i.ws2812b_config_color  led.o
    0x08004d74   0x08004d74   0x000000ac   Code   RO         4757    i.ws2812b_decode_from_array  led.o
    0x08004e20   0x08004e20   0x00000128   Code   RO         4758    i.ws2812b_hsv_to_rgb  led.o
    0x08004f48   0x08004f48   0x00000058   Code   RO         4759    i.ws2812b_init      led.o
    0x08004fa0   0x08004fa0   0x00000020   Code   RO         4760    i.ws2812b_load_data  led.o
    0x08004fc0   0x08004fc0   0x00000134   Code   RO         4761    i.ws2812b_rgb_to_hsv  led.o
    0x080050f4   0x080050f4   0x00000064   Code   RO         4762    i.ws2812b_write_config_array  led.o
    0x08005158   0x08005158   0x0000004c   Code   RO         4763    i.ws2812b_write_lamp_array  led.o
    0x080051a4   0x080051a4   0x000000f4   Code   RO         4198    i.xPortStartScheduler  port.o
    0x08005298   0x08005298   0x0000002c   Code   RO         4199    i.xPortSysTickHandler  port.o
    0x080052c4   0x080052c4   0x0000005e   Code   RO         3284    i.xQueueGenericCreate  queue.o
    0x08005322   0x08005322   0x00000002   PAD
    0x08005324   0x08005324   0x000000b0   Code   RO         3285    i.xQueueGenericReset  queue.o
    0x080053d4   0x080053d4   0x00000160   Code   RO         3286    i.xQueueGenericSend  queue.o
    0x08005534   0x08005534   0x000000da   Code   RO         3287    i.xQueueGenericSendFromISR  queue.o
    0x0800560e   0x0800560e   0x00000002   PAD
    0x08005610   0x08005610   0x00000138   Code   RO         3294    i.xQueueReceive     queue.o
    0x08005748   0x08005748   0x0000007c   Code   RO         3663    i.xTaskCheckForTimeOut  tasks.o
    0x080057c4   0x080057c4   0x0000005c   Code   RO         3664    i.xTaskCreate       tasks.o
    0x08005820   0x08005820   0x00000094   Code   RO         3665    i.xTaskDelayUntil   tasks.o
    0x080058b4   0x080058b4   0x0000001c   Code   RO         3671    i.xTaskGetSchedulerState  tasks.o
    0x080058d0   0x080058d0   0x0000000c   Code   RO         3672    i.xTaskGetTickCount  tasks.o
    0x080058dc   0x080058dc   0x00000138   Code   RO         3674    i.xTaskIncrementTick  tasks.o
    0x08005a14   0x08005a14   0x000000b8   Code   RO         3675    i.xTaskPriorityDisinherit  tasks.o
    0x08005acc   0x08005acc   0x000000dc   Code   RO         3677    i.xTaskRemoveFromEventList  tasks.o
    0x08005ba8   0x08005ba8   0x0000012c   Code   RO         3678    i.xTaskResumeAll    tasks.o
    0x08005cd4   0x08005cd4   0x00000062   Code   RO         3987    i.xTimerCreate      timers.o
    0x08005d36   0x08005d36   0x00000002   PAD
    0x08005d38   0x08005d38   0x0000004c   Code   RO         3988    i.xTimerCreateTimerTask  timers.o
    0x08005d84   0x08005d84   0x00000060   Code   RO         3989    i.xTimerGenericCommand  timers.o
    0x08005de4   0x08005de4   0x0000000a   Code   RO         5188    x$fpl$fpinit        fz_wm.l(fpinit.o)
    0x08005dee   0x08005dee   0x00000008   Data   RO         2044    .constdata          stm32f4xx_hal_dma.o
    0x08005df6   0x08005df6   0x00000010   Data   RO         3085    .constdata          system_stm32f4xx.o
    0x08005e06   0x08005e06   0x00000008   Data   RO         3086    .constdata          system_stm32f4xx.o
    0x08005e0e   0x08005e0e   0x00000021   Data   RO         4343    .constdata          segger_rtt.o
    0x08005e2f   0x08005e2f   0x00000010   Data   RO         4540    .constdata          segger_rtt_printf.o
    0x08005e3f   0x08005e3f   0x00000001   PAD
    0x08005e40   0x08005e40   0x00000045   Data   RO         4613    .conststring        uart.o
    0x08005e85   0x08005e85   0x00000003   PAD
    0x08005e88   0x08005e88   0x00000043   Data   RO         4765    .conststring        led.o
    0x08005ecb   0x08005ecb   0x00000001   PAD
    0x08005ecc   0x08005ecc   0x00000049   Data   RO         4858    .conststring        daemon.o
    0x08005f15   0x08005f15   0x00000003   PAD
    0x08005f18   0x08005f18   0x00000113   Data   RO         4893    .conststring        rc.o
    0x0800602b   0x0800602b   0x00000001   PAD
    0x0800602c   0x0800602c   0x00000020   Data   RO         5246    Region$$Table       anon$$obj.o


    Execution Region RW_IRAM1 (Exec base: 0x20000000, Load base: 0x0800604c, Size: 0x00014ac0, Max: 0x0001c000, ABSOLUTE, COMPRESSED[0x0000011c])

    Exec Addr    Load Addr    Size         Type   Attr      Idx    E Section Name        Object

    0x20000000   COMPRESSED   0x00000008   Data   RW           15    .data               freertos_start.o
    0x20000008   COMPRESSED   0x0000000c   Data   RW         2489    .data               stm32f4xx_hal.o
    0x20000014   COMPRESSED   0x00000004   Data   RW         3087    .data               system_stm32f4xx.o
    0x20000018   COMPRESSED   0x00000040   Data   RW         3681    .data               tasks.o
    0x20000058   COMPRESSED   0x00000014   Data   RW         3996    .data               timers.o
    0x2000006c   COMPRESSED   0x0000001c   Data   RW         4139    .data               heap_4.o
    0x20000088   COMPRESSED   0x0000000c   Data   RW         4200    .data               port.o
    0x20000094   COMPRESSED   0x00000001   Data   RW         4344    .data               segger_rtt.o
    0x20000095   COMPRESSED   0x00000100   Data   RW         4654    .data               crc8.o
    0x20000195   COMPRESSED   0x00000001   Data   RW         4680    .data               crc16.o
    0x20000196   COMPRESSED   0x00000002   PAD
    0x20000198   COMPRESSED   0x0000001c   Data   RW         4766    .data               led.o
    0x200001b4   COMPRESSED   0x00000001   Data   RW         4859    .data               daemon.o
    0x200001b5   COMPRESSED   0x00000001   Data   RW         4894    .data               rc.o
    0x200001b6   COMPRESSED   0x00000002   PAD
    0x200001b8   COMPRESSED   0x00000010   Data   RW         4939    .data               commucation.o
    0x200001c8   COMPRESSED   0x00000004   Data   RW         4940    .data               commucation.o
    0x200001cc   COMPRESSED   0x00000004   Data   RW         4996    .data               chassis.o
    0x200001d0   COMPRESSED   0x00000004   Data   RW         4997    .data               chassis.o
    0x200001d4        -       0x000000f0   Zero   RW          331    .bss                tim.o
    0x200002c4        -       0x000001b0   Zero   RW          384    .bss                usart.o
    0x20000474        -       0x00000048   Zero   RW          561    .bss                stm32f4xx_hal_timebase_tim.o
    0x200004bc        -       0x00000040   Zero   RW         3298    .bss                queue.o
    0x200004fc        -       0x000000c8   Zero   RW         3680    .bss                tasks.o
    0x200005c4        -       0x00000028   Zero   RW         3995    .bss                timers.o
    0x200005ec        -       0x00012c00   Zero   RW         4138    .bss                heap_4.o
    0x200131ec        -       0x000004b8   Zero   RW         4342    .bss                segger_rtt.o
    0x200136a4        -       0x0000000c   Zero   RW         4612    .bss                uart.o
    0x200136b0        -       0x00000200   Zero   RW         4679    .bss                crc16.o
    0x200138b0        -       0x00000b88   Zero   RW         4764    .bss                led.o
    0x20014438        -       0x00000028   Zero   RW         4857    .bss                daemon.o
    0x20014460        -       0x00000060   Zero   RW         5118    .bss                c_w.l(libspace.o)
    0x200144c0        -       0x00000200   Zero   RW            2    HEAP                startup_stm32f407xx.o
    0x200146c0        -       0x00000400   Zero   RW            1    STACK               startup_stm32f407xx.o


    Execution Region RW_IRAM2 (Exec base: 0x2001c000, Load base: 0x08006168, Size: 0x00000000, Max: 0x00004000, ABSOLUTE)

    **** No section assigned to this execution region ****


==============================================================================

Image component sizes


      Code (inc. data)   RO Data    RW Data    ZI Data      Debug   Object Name

        48         14          0          0          0       1321   beep.o
       132         78          0          8          0       1348   chassis.o
       454        140          0         20          0       4657   commucation.o
       136         18          0          1        512       1974   crc16.o
        36          4          0        256          0       1224   crc8.o
       188         44         73          1         40       2203   daemon.o
       108          4          0          0          0        806   dma.o
         0          0          0          0          0      14588   event_groups.o
       436        244          0          8          0     712298   freertos_start.o
       160         10          0          0          0        987   gpio.o
       436         22          0         28      76800       5063   heap_4.o
      1816        294         67         28       2952      12136   led.o
       138          0          0          0          0       3382   list.o
       254         16          0          0          0       3824   main.o
       786         82          0         12          0      11257   port.o
      1580         20          0          0         64      16814   queue.o
       430         78        275          1          0       3084   rc.o
        76         30          0          0          0       1479   rtt.o
       574         44         33          1       1208      11233   segger_rtt.o
       914         16         16          0          0       5669   segger_rtt_printf.o
        64         26        392          0       1536        840   startup_stm32f407xx.o
       116         18          0         12          0       8682   stm32f4xx_hal.o
       158         14          0          0          0      33010   stm32f4xx_hal_cortex.o
      1084         16          8          0          0       7310   stm32f4xx_hal_dma.o
       506         46          0          0          0       2180   stm32f4xx_hal_gpio.o
        48          6          0          0          0        822   stm32f4xx_hal_msp.o
      1408         82          0          0          0       5869   stm32f4xx_hal_rcc.o
      2870        188          0          0          0      21776   stm32f4xx_hal_tim.o
       232         28          0          0          0       3285   stm32f4xx_hal_tim_ex.o
       152         20          0          0         72       1439   stm32f4xx_hal_timebase_tim.o
      1774         30          0          0          0      12108   stm32f4xx_hal_uart.o
       116         42          0          0          0       6444   stm32f4xx_it.o
        16          4         24          4          0       1095   system_stm32f4xx.o
      2670        176          0         64        200      29322   tasks.o
       656         58          0          0        240       3352   tim.o
       954         86          0         20         40      27712   timers.o
       596        280         69          0         12       3447   uart.o
       528         56          0          0        432       2685   usart.o

    ----------------------------------------------------------------------
     22694       2334        998        468      84108     986725   Object Totals
         0          0         32          0          0          0   (incl. Generated)
        44          0          9          4          0          0   (incl. Padding)

    ----------------------------------------------------------------------

      Code (inc. data)   RO Data    RW Data    ZI Data      Debug   Library Member Name

        58          0          0          0          0          0   __dczerorl.o
         8          0          0          0          0         68   __main.o
         0          0          0          0          0          0   __rtentry.o
        12          0          0          0          0          0   __rtentry2.o
         6          0          0          0          0          0   __rtentry4.o
        52          8          0          0          0          0   __scatter.o
        28          0          0          0          0          0   __scatter_zi.o
        16          0          0          0          0         68   aeabi_memset.o
        18          0          0          0          0         80   exit.o
         6          0          0          0          0        152   heapauxi.o
         0          0          0          0          0          0   indicate_semi.o
         2          0          0          0          0          0   libinit.o
         6          0          0          0          0          0   libinit2.o
         2          0          0          0          0          0   libshutdown.o
         2          0          0          0          0          0   libshutdown2.o
         8          4          0          0         96         68   libspace.o
       238          0          0          0          0        100   lludivv7m.o
        68          0          0          0          0         68   rt_memclr.o
        78          0          0          0          0         80   rt_memclr_w.o
       138          0          0          0          0         68   rt_memcpy_v6.o
       100          0          0          0          0         80   rt_memcpy_w.o
         2          0          0          0          0          0   rtexit.o
        10          0          0          0          0          0   rtexit2.o
        12          4          0          0          0         68   sys_exit.o
        74          0          0          0          0         80   sys_stackheap_outer.o
         2          0          0          0          0         68   use_no_semi.o
        10          0          0          0          0        116   fpinit.o

    ----------------------------------------------------------------------
       960         16          0          0         96       1164   Library Totals
         4          0          0          0          0          0   (incl. Padding)

    ----------------------------------------------------------------------

      Code (inc. data)   RO Data    RW Data    ZI Data      Debug   Library Name

       946         16          0          0         96       1048   c_w.l
        10          0          0          0          0        116   fz_wm.l

    ----------------------------------------------------------------------
       960         16          0          0         96       1164   Library Totals

    ----------------------------------------------------------------------

==============================================================================


      Code (inc. data)   RO Data    RW Data    ZI Data      Debug   

     23654       2350        998        468      84204     966321   Grand Totals
     23654       2350        998        284      84204     966321   ELF Image Totals (compressed)
     23654       2350        998        284          0          0   ROM Totals

==============================================================================

    Total RO  Size (Code + RO Data)                24652 (  24.07kB)
    Total RW  Size (RW Data + ZI Data)             84672 (  82.69kB)
    Total ROM Size (Code + RO Data + RW Data)      24936 (  24.35kB)

==============================================================================

